Archive member included to satisfy reference by file (symbol)

/Applications/ARM/bin/../lib/gcc/arm-none-eabi/10.3.1/../../../../arm-none-eabi/lib/thumb/v7-m/nofp/libg_nano.a(lib_a-fflush.o)
                              ./output/startup_gcc.o (fflush)
/Applications/ARM/bin/../lib/gcc/arm-none-eabi/10.3.1/../../../../arm-none-eabi/lib/thumb/v7-m/nofp/libg_nano.a(lib_a-findfp.o)
                              /Applications/ARM/bin/../lib/gcc/arm-none-eabi/10.3.1/../../../../arm-none-eabi/lib/thumb/v7-m/nofp/libg_nano.a(lib_a-fflush.o) (__sinit)
/Applications/ARM/bin/../lib/gcc/arm-none-eabi/10.3.1/../../../../arm-none-eabi/lib/thumb/v7-m/nofp/libg_nano.a(lib_a-fwalk.o)
                              /Applications/ARM/bin/../lib/gcc/arm-none-eabi/10.3.1/../../../../arm-none-eabi/lib/thumb/v7-m/nofp/libg_nano.a(lib_a-findfp.o) (_fwalk)
/Applications/ARM/bin/../lib/gcc/arm-none-eabi/10.3.1/../../../../arm-none-eabi/lib/thumb/v7-m/nofp/libg_nano.a(lib_a-impure.o)
                              /Applications/ARM/bin/../lib/gcc/arm-none-eabi/10.3.1/../../../../arm-none-eabi/lib/thumb/v7-m/nofp/libg_nano.a(lib_a-fflush.o) (_global_impure_ptr)
/Applications/ARM/bin/../lib/gcc/arm-none-eabi/10.3.1/../../../../arm-none-eabi/lib/thumb/v7-m/nofp/libg_nano.a(lib_a-lock.o)
                              /Applications/ARM/bin/../lib/gcc/arm-none-eabi/10.3.1/../../../../arm-none-eabi/lib/thumb/v7-m/nofp/libg_nano.a(lib_a-findfp.o) (__retarget_lock_init_recursive)
/Applications/ARM/bin/../lib/gcc/arm-none-eabi/10.3.1/../../../../arm-none-eabi/lib/thumb/v7-m/nofp/libg_nano.a(lib_a-memcmp.o)
                              ./output/MessageBufferDemo.o (memcmp)
/Applications/ARM/bin/../lib/gcc/arm-none-eabi/10.3.1/../../../../arm-none-eabi/lib/thumb/v7-m/nofp/libg_nano.a(lib_a-memcpy-stub.o)
                              ./output/queue.o (memcpy)
/Applications/ARM/bin/../lib/gcc/arm-none-eabi/10.3.1/../../../../arm-none-eabi/lib/thumb/v7-m/nofp/libg_nano.a(lib_a-memset.o)
                              ./output/IntQueue.o (memset)
/Applications/ARM/bin/../lib/gcc/arm-none-eabi/10.3.1/../../../../arm-none-eabi/lib/thumb/v7-m/nofp/libg_nano.a(lib_a-nano-freer.o)
                              /Applications/ARM/bin/../lib/gcc/arm-none-eabi/10.3.1/../../../../arm-none-eabi/lib/thumb/v7-m/nofp/libg_nano.a(lib_a-fflush.o) (_free_r)
/Applications/ARM/bin/../lib/gcc/arm-none-eabi/10.3.1/../../../../arm-none-eabi/lib/thumb/v7-m/nofp/libg_nano.a(lib_a-nano-mallocr.o)
                              /Applications/ARM/bin/../lib/gcc/arm-none-eabi/10.3.1/../../../../arm-none-eabi/lib/thumb/v7-m/nofp/libg_nano.a(lib_a-findfp.o) (_malloc_r)
/Applications/ARM/bin/../lib/gcc/arm-none-eabi/10.3.1/../../../../arm-none-eabi/lib/thumb/v7-m/nofp/libg_nano.a(lib_a-sbrkr.o)
                              /Applications/ARM/bin/../lib/gcc/arm-none-eabi/10.3.1/../../../../arm-none-eabi/lib/thumb/v7-m/nofp/libg_nano.a(lib_a-nano-mallocr.o) (_sbrk_r)
/Applications/ARM/bin/../lib/gcc/arm-none-eabi/10.3.1/../../../../arm-none-eabi/lib/thumb/v7-m/nofp/libg_nano.a(lib_a-stdio.o)
                              /Applications/ARM/bin/../lib/gcc/arm-none-eabi/10.3.1/../../../../arm-none-eabi/lib/thumb/v7-m/nofp/libg_nano.a(lib_a-findfp.o) (__sread)
/Applications/ARM/bin/../lib/gcc/arm-none-eabi/10.3.1/../../../../arm-none-eabi/lib/thumb/v7-m/nofp/libg_nano.a(lib_a-strcmp.o)
                              ./output/MessageBufferAMP.o (strcmp)
/Applications/ARM/bin/../lib/gcc/arm-none-eabi/10.3.1/../../../../arm-none-eabi/lib/thumb/v7-m/nofp/libg_nano.a(lib_a-strlen.o)
                              ./output/MessageBufferAMP.o (strlen)
/Applications/ARM/bin/../lib/gcc/arm-none-eabi/10.3.1/../../../../arm-none-eabi/lib/thumb/v7-m/nofp/libg_nano.a(lib_a-writer.o)
                              /Applications/ARM/bin/../lib/gcc/arm-none-eabi/10.3.1/../../../../arm-none-eabi/lib/thumb/v7-m/nofp/libg_nano.a(lib_a-stdio.o) (_write_r)
/Applications/ARM/bin/../lib/gcc/arm-none-eabi/10.3.1/../../../../arm-none-eabi/lib/thumb/v7-m/nofp/libg_nano.a(lib_a-closer.o)
                              /Applications/ARM/bin/../lib/gcc/arm-none-eabi/10.3.1/../../../../arm-none-eabi/lib/thumb/v7-m/nofp/libg_nano.a(lib_a-stdio.o) (_close_r)
/Applications/ARM/bin/../lib/gcc/arm-none-eabi/10.3.1/../../../../arm-none-eabi/lib/thumb/v7-m/nofp/libg_nano.a(lib_a-lseekr.o)
                              /Applications/ARM/bin/../lib/gcc/arm-none-eabi/10.3.1/../../../../arm-none-eabi/lib/thumb/v7-m/nofp/libg_nano.a(lib_a-stdio.o) (_lseek_r)
/Applications/ARM/bin/../lib/gcc/arm-none-eabi/10.3.1/../../../../arm-none-eabi/lib/thumb/v7-m/nofp/libg_nano.a(lib_a-mlock.o)
                              /Applications/ARM/bin/../lib/gcc/arm-none-eabi/10.3.1/../../../../arm-none-eabi/lib/thumb/v7-m/nofp/libg_nano.a(lib_a-nano-freer.o) (__malloc_lock)
/Applications/ARM/bin/../lib/gcc/arm-none-eabi/10.3.1/../../../../arm-none-eabi/lib/thumb/v7-m/nofp/libg_nano.a(lib_a-readr.o)
[...]
Memory Configuration

Name             Origin             Length             Attributes
FLASH            0x0000000000000000 0x0000000000400000 xr
RAM              0x0000000020000000 0x0000000000400000 rw
*default*        0x0000000000000000 0xffffffffffffffff

Linker script and memory map

LOAD ./output/AbortDelay.o
LOAD ./output/BlockQ.o
LOAD ./output/EventGroupsDemo.o
LOAD ./output/GenQTest.o
LOAD ./output/IntQueue.o
LOAD ./output/IntQueueTimer.o
LOAD ./output/IntSemTest.o
LOAD ./output/MessageBufferAMP.o
LOAD ./output/MessageBufferDemo.o
LOAD ./output/PollQ.o
LOAD ./output/QPeek.o
LOAD ./output/QueueOverwrite.o
LOAD ./output/QueueSet.o
LOAD ./output/QueueSetPolling.o
LOAD ./output/StaticAllocation.o
LOAD ./output/StreamBufferDemo.o
LOAD ./output/StreamBufferInterrupt.o
LOAD ./output/TaskNotify.o
LOAD ./output/TaskNotifyArray.o
LOAD ./output/TimerDemo.o
LOAD ./output/blocktim.o
LOAD ./output/countsem.o
LOAD ./output/croutine.o
LOAD ./output/death.o
LOAD ./output/dynamic.o
LOAD ./output/event_groups.o
LOAD ./output/heap_4.o
LOAD ./output/integer.o
LOAD ./output/list.o
LOAD ./output/port.o
LOAD ./output/printf-stdarg.o
LOAD ./output/queue.o
LOAD ./output/recmutex.o
LOAD ./output/semtest.o
LOAD ./output/startup_gcc.o
LOAD ./output/stream_buffer.o
LOAD ./output/tasks.o
LOAD ./output/timers.o
LOAD ./output/main.o
                0x0000000000000008                _Min_Heap_Size = 0x8
                0x0000000000000400                _Min_Stack_Size = 0x400
                0x0000000020400000                _estack = (ORIGIN (RAM) + LENGTH (RAM))

.isr_vector     0x0000000000000000       0x78
                0x0000000000000000                __vector_table = .
 *(.isr_vector)
 .isr_vector    0x0000000000000000       0x78 ./output/startup_gcc.o
                0x0000000000000000                isr_vector
                0x0000000000000078                . = ALIGN (0x4)

.text           0x0000000000000078      0x1d0
 *(.text)
 *(.rodata*)
 .rodata        0x0000000000000078       0x10 ./output/heap_4.o
 .rodata        0x0000000000000088        0xe ./output/port.o
 *fill*         0x0000000000000096        0x2 
 .rodata        0x0000000000000098        0x7 ./output/printf-stdarg.o
 *fill*         0x000000000000009f        0x1 
 .rodata        0x00000000000000a0        0xf ./output/queue.o
 *fill*         0x00000000000000af        0x1 
 .rodata        0x00000000000000b0       0x36 ./output/startup_gcc.o
 *fill*         0x00000000000000e6        0x2 
 .rodata        0x00000000000000e8       0x15 ./output/tasks.o
 *fill*         0x00000000000000fd        0x3 
 .rodata        0x0000000000000100       0x1d ./output/timers.o
 *fill*         0x000000000000011d        0x3 
 .rodata        0x0000000000000120       0xc3 ./output/main.o
 *fill*         0x00000000000001e3        0x1 
 .rodata.__sf_fake_stderr
                0x00000000000001e4       0x20 /Applications/ARM/bin/../lib/gcc/arm-none-eabi/10.3.1/../../../../arm-none-eabi/lib/thumb/v7-m/nofp/libg_nano.a(lib_a-findfp.o)
                0x00000000000001e4                __sf_fake_stderr
 .rodata.__sf_fake_stdin
                0x0000000000000204       0x20 /Applications/ARM/bin/../lib/gcc/arm-none-eabi/10.3.1/../../../../arm-none-eabi/lib/thumb/v7-m/nofp/libg_nano.a(lib_a-findfp.o)
                0x0000000000000204                __sf_fake_stdin
 .rodata.__sf_fake_stdout
                0x0000000000000224       0x20 /Applications/ARM/bin/../lib/gcc/arm-none-eabi/10.3.1/../../../../arm-none-eabi/lib/thumb/v7-m/nofp/libg_nano.a(lib_a-findfp.o)
                0x0000000000000224                __sf_fake_stdout
 .rodata._global_impure_ptr
                0x0000000000000244        0x4 /Applications/ARM/bin/../lib/gcc/arm-none-eabi/10.3.1/../../../../arm-none-eabi/lib/thumb/v7-m/nofp/libg_nano.a(lib_a-impure.o)
                0x0000000000000244                _global_impure_ptr
 *(.constdata*)
                0x0000000000000248                _etext = .
                0x0000000000000248                _sidata = .

.glue_7         0x0000000000000248        0x0
 .glue_7        0x0000000000000248        0x0 linker stubs

.glue_7t        0x0000000000000248        0x0
 .glue_7t       0x0000000000000248        0x0 linker stubs

.vfp11_veneer   0x0000000000000248        0x0
 .vfp11_veneer  0x0000000000000248        0x0 linker stubs

.v4_bx          0x0000000000000248        0x0
 .v4_bx         0x0000000000000248        0x0 linker stubs

.text.prvRecordValue_NormallyFull
                0x0000000000000248       0x3c
 .text.prvRecordValue_NormallyFull
                0x0000000000000248       0x3c ./output/IntQueue.o

.text.prvRecordValue_NormallyEmpty
                0x0000000000000284       0x3c
 .text.prvRecordValue_NormallyEmpty
                0x0000000000000284       0x3c ./output/IntQueue.o

.text.prvQueueAccessLogError
                0x00000000000002c0       0x28
 .text.prvQueueAccessLogError
                0x00000000000002c0       0x28 ./output/IntQueue.o

.text.xFirstTimerHandler
                0x00000000000002e8      0x1b8
 .text.xFirstTimerHandler
                0x00000000000002e8      0x1b8 ./output/IntQueue.o
                0x00000000000002e8                xFirstTimerHandler

.text.xSecondTimerHandler
                0x00000000000004a0      0x290
 .text.xSecondTimerHandler
                0x00000000000004a0      0x290 ./output/IntQueue.o
                0x00000000000004a0                xSecondTimerHandler

.iplt           0x0000000000000730        0x0
 .iplt          0x0000000000000730        0x0 ./output/IntQueue.o

.text.TIMER0_Handler
                0x0000000000000730       0x48
 .text.TIMER0_Handler
                0x0000000000000730       0x48 ./output/IntQueueTimer.o
                0x0000000000000730                TIMER0_Handler

.text.TIMER1_Handler
                0x0000000000000778       0x48
 .text.TIMER1_Handler
                0x0000000000000778       0x48 ./output/IntQueueTimer.o
                0x0000000000000778                TIMER1_Handler

.text.pvPortMalloc
                0x00000000000007c0      0x168
 .text.pvPortMalloc
                0x00000000000007c0      0x168 ./output/heap_4.o
                0x00000000000007c0                pvPortMalloc

.text.vPortFree
                0x0000000000000928       0xa4
 .text.vPortFree
                0x0000000000000928       0xa4 ./output/heap_4.o
                0x0000000000000928                vPortFree

.text.prvHeapInit
                0x00000000000009cc       0xb8
 .text.prvHeapInit
                0x00000000000009cc       0xb8 ./output/heap_4.o

.text.prvInsertBlockIntoFreeList
                0x0000000000000a84       0xb0
 .text.prvInsertBlockIntoFreeList
                0x0000000000000a84       0xb0 ./output/heap_4.o

.text.vListInitialise
                0x0000000000000b34       0x3e
 .text.vListInitialise
                0x0000000000000b34       0x3e ./output/list.o
                0x0000000000000b34                vListInitialise

.text.vListInitialiseItem
                0x0000000000000b72       0x18
 .text.vListInitialiseItem
                0x0000000000000b72       0x18 ./output/list.o
                0x0000000000000b72                vListInitialiseItem

.text.vListInsert
                0x0000000000000b8a       0x70
 .text.vListInsert
                0x0000000000000b8a       0x70 ./output/list.o
                0x0000000000000b8a                vListInsert

.text.uxListRemove
                0x0000000000000bfa       0x52
 .text.uxListRemove
                0x0000000000000bfa       0x52 ./output/list.o
                0x0000000000000bfa                uxListRemove

.text.pxPortInitialiseStack
                0x0000000000000c4c       0x58
 .text.pxPortInitialiseStack
                0x0000000000000c4c       0x58 ./output/port.o
                0x0000000000000c4c                pxPortInitialiseStack

.text.prvTaskExitError
                0x0000000000000ca4       0x4c
 .text.prvTaskExitError
                0x0000000000000ca4       0x4c ./output/port.o

.text.vPortSVCHandler
                0x0000000000000cf0       0x28
 .text.vPortSVCHandler
                0x0000000000000cf0       0x28 ./output/port.o
                0x0000000000000cf0                vPortSVCHandler

.text.prvPortStartFirstTask
                0x0000000000000d18       0x24
 .text.prvPortStartFirstTask
                0x0000000000000d18       0x24 ./output/port.o

.text.xPortStartScheduler
                0x0000000000000d3c       0xc0
 .text.xPortStartScheduler
                0x0000000000000d3c       0xc0 ./output/port.o
                0x0000000000000d3c                xPortStartScheduler

.text.vPortEnterCritical
                0x0000000000000dfc       0x54
 .text.vPortEnterCritical
                0x0000000000000dfc       0x54 ./output/port.o
                0x0000000000000dfc                vPortEnterCritical

.text.vPortExitCritical
                0x0000000000000e50       0x48
 .text.vPortExitCritical
                0x0000000000000e50       0x48 ./output/port.o
                0x0000000000000e50                vPortExitCritical

.text.xPortPendSVHandler
                0x0000000000000ea0       0x48
 .text.xPortPendSVHandler
                0x0000000000000ea0       0x48 ./output/port.o
                0x0000000000000ea0                xPortPendSVHandler

.text.xPortSysTickHandler
                0x0000000000000ee8       0x44
 .text.xPortSysTickHandler
                0x0000000000000ee8       0x44 ./output/port.o
                0x0000000000000ee8                xPortSysTickHandler

.text.vPortSetupTimerInterrupt
                0x0000000000000f2c       0x34
 .text.vPortSetupTimerInterrupt
                0x0000000000000f2c       0x34 ./output/port.o
                0x0000000000000f2c                vPortSetupTimerInterrupt

.text.vPortValidateInterruptPriority
                0x0000000000000f60       0x68
 .text.vPortValidateInterruptPriority
                0x0000000000000f60       0x68 ./output/port.o
                0x0000000000000f60                vPortValidateInterruptPriority

.text.printchar
                0x0000000000000fc8       0x62
 .text.printchar
                0x0000000000000fc8       0x62 ./output/printf-stdarg.o

.text.prints    0x000000000000102a       0xb6
 .text.prints   0x000000000000102a       0xb6 ./output/printf-stdarg.o

.text.printi    0x00000000000010e0       0xe2
 .text.printi   0x00000000000010e0       0xe2 ./output/printf-stdarg.o

.text.tiny_print
                0x00000000000011c4      0x1fc
 .text.tiny_print
                0x00000000000011c4      0x1fc ./output/printf-stdarg.o

.text.printf    0x00000000000013c0       0x2a
 .text.printf   0x00000000000013c0       0x2a ./output/printf-stdarg.o
                0x00000000000013c0                printf

.text.xQueueGenericReset
                0x00000000000013ec      0x10c
 .text.xQueueGenericReset
                0x00000000000013ec      0x10c ./output/queue.o
                0x00000000000013ec                xQueueGenericReset

.text.xQueueGenericCreateStatic
                0x00000000000014f8       0x9c
 .text.xQueueGenericCreateStatic
                0x00000000000014f8       0x9c ./output/queue.o
                0x00000000000014f8                xQueueGenericCreateStatic

.text.prvInitialiseNewQueue
                0x0000000000001594       0x44
 .text.prvInitialiseNewQueue
                0x0000000000001594       0x44 ./output/queue.o

.text.xQueueGenericSendFromISR
                0x00000000000015d8      0x168
 .text.xQueueGenericSendFromISR
                0x00000000000015d8      0x168 ./output/queue.o
                0x00000000000015d8                xQueueGenericSendFromISR

.text.xQueueReceive
                0x0000000000001740      0x1a0
 .text.xQueueReceive
                0x0000000000001740      0x1a0 ./output/queue.o
                0x0000000000001740                xQueueReceive

.text.xQueueReceiveFromISR
                0x00000000000018e0      0x110
 .text.xQueueReceiveFromISR
                0x00000000000018e0      0x110 ./output/queue.o
                0x00000000000018e0                xQueueReceiveFromISR

.text.prvCopyDataToQueue
                0x00000000000019f0       0xd4
 .text.prvCopyDataToQueue
                0x00000000000019f0       0xd4 ./output/queue.o

.text.prvCopyDataFromQueue
                0x0000000000001ac4       0x4c
 .text.prvCopyDataFromQueue
                0x0000000000001ac4       0x4c ./output/queue.o

.text.prvUnlockQueue
                0x0000000000001b10       0xbe
 .text.prvUnlockQueue
                0x0000000000001b10       0xbe ./output/queue.o

.text.prvIsQueueEmpty
                0x0000000000001bce       0x2c
 .text.prvIsQueueEmpty
                0x0000000000001bce       0x2c ./output/queue.o

.text.xQueueIsQueueFullFromISR
                0x0000000000001bfc       0x40
 .text.xQueueIsQueueFullFromISR
                0x0000000000001bfc       0x40 ./output/queue.o
                0x0000000000001bfc                xQueueIsQueueFullFromISR

.text.vQueueAddToRegistry
                0x0000000000001c3c       0x90
 .text.vQueueAddToRegistry
                0x0000000000001c3c       0x90 ./output/queue.o
                0x0000000000001c3c                vQueueAddToRegistry

.text.vQueueWaitForMessageRestricted
                0x0000000000001ccc       0x68
 .text.vQueueWaitForMessageRestricted
                0x0000000000001ccc       0x68 ./output/queue.o
                0x0000000000001ccc                vQueueWaitForMessageRestricted

.text.prvNotifyQueueSetContainer
                0x0000000000001d34       0xc0
 .text.prvNotifyQueueSetContainer
                0x0000000000001d34       0xc0 ./output/queue.o

.text.Reset_Handler
                0x0000000000001df4        0xc
 .text.Reset_Handler
                0x0000000000001df4        0xc ./output/startup_gcc.o
                0x0000000000001df4                Reset_Handler

.text.prvGetRegistersFromStack
                0x0000000000001e00       0x84
 .text.prvGetRegistersFromStack
                0x0000000000001e00       0x84 ./output/startup_gcc.o
                0x0000000000001e00                prvGetRegistersFromStack

.text.Default_Handler
                0x0000000000001f00       0x18
 .text.Default_Handler
                0x0000000000001f00       0x18 ./output/startup_gcc.o

.text.HardFault_Handler
                0x0000000000002000       0x1c
 .text.HardFault_Handler
                0x0000000000002000       0x1c ./output/startup_gcc.o

.text.xTaskCreateStatic
                0x000000000000201c       0xa4
 .text.xTaskCreateStatic
                0x000000000000201c       0xa4 ./output/tasks.o
                0x000000000000201c                xTaskCreateStatic

.text.xTaskCreate
                0x00000000000020c0       0x94
 .text.xTaskCreate
                0x00000000000020c0       0x94 ./output/tasks.o
                0x00000000000020c0                xTaskCreate

.text.prvInitialiseNewTask
                0x0000000000002154      0x108
 .text.prvInitialiseNewTask
                0x0000000000002154      0x108 ./output/tasks.o

.text.prvAddNewTaskToReadyList
                0x000000000000225c      0x124
 .text.prvAddNewTaskToReadyList
                0x000000000000225c      0x124 ./output/tasks.o

.text.vTaskDelay
                0x0000000000002380       0x60
 .text.vTaskDelay
                0x0000000000002380       0x60 ./output/tasks.o
                0x0000000000002380                vTaskDelay

.text.vTaskStartScheduler
                0x00000000000023e0       0xd0
 .text.vTaskStartScheduler
                0x00000000000023e0       0xd0 ./output/tasks.o
                0x00000000000023e0                vTaskStartScheduler

.text.vTaskSuspendAll
                0x00000000000024b0       0x1c
 .text.vTaskSuspendAll
                0x00000000000024b0       0x1c ./output/tasks.o
                0x00000000000024b0                vTaskSuspendAll

.text.xTaskResumeAll
                0x00000000000024cc      0x1f0
 .text.xTaskResumeAll
                0x00000000000024cc      0x1f0 ./output/tasks.o
                0x00000000000024cc                xTaskResumeAll

.text.xTaskGetTickCount
                0x00000000000026bc       0x1c
 .text.xTaskGetTickCount
                0x00000000000026bc       0x1c ./output/tasks.o
                0x00000000000026bc                xTaskGetTickCount

.text.uxTaskGetNumberOfTasks
                0x00000000000026d8       0x14
 .text.uxTaskGetNumberOfTasks
                0x00000000000026d8       0x14 ./output/tasks.o
                0x00000000000026d8                uxTaskGetNumberOfTasks

.text.pcTaskGetName
                0x00000000000026ec       0x3c
 .text.pcTaskGetName
                0x00000000000026ec       0x3c ./output/tasks.o
                0x00000000000026ec                pcTaskGetName

.text.xTaskIncrementTick
                0x0000000000002728      0x234
 .text.xTaskIncrementTick
                0x0000000000002728      0x234 ./output/tasks.o
                0x0000000000002728                xTaskIncrementTick

.text.vTaskSwitchContext
                0x000000000000295c       0xf8
 .text.vTaskSwitchContext
                0x000000000000295c       0xf8 ./output/tasks.o
                0x000000000000295c                vTaskSwitchContext

.text.vTaskPlaceOnEventList
                0x0000000000002a54       0x40
 .text.vTaskPlaceOnEventList
                0x0000000000002a54       0x40 ./output/tasks.o
                0x0000000000002a54                vTaskPlaceOnEventList

.text.vTaskPlaceOnEventListRestricted
                0x0000000000002a94       0x84
 .text.vTaskPlaceOnEventListRestricted
                0x0000000000002a94       0x84 ./output/tasks.o
                0x0000000000002a94                vTaskPlaceOnEventListRestricted

.text.xTaskRemoveFromEventList
                0x0000000000002b18      0x1a0
 .text.xTaskRemoveFromEventList
                0x0000000000002b18      0x1a0 ./output/tasks.o
                0x0000000000002b18                xTaskRemoveFromEventList

.text.vTaskInternalSetTimeOutState
                0x0000000000002cb8       0x2c
 .text.vTaskInternalSetTimeOutState
                0x0000000000002cb8       0x2c ./output/tasks.o
                0x0000000000002cb8                vTaskInternalSetTimeOutState

.text.xTaskCheckForTimeOut
                0x0000000000002ce4       0xd8
 .text.xTaskCheckForTimeOut
                0x0000000000002ce4       0xd8 ./output/tasks.o
                0x0000000000002ce4                xTaskCheckForTimeOut

.text.vTaskMissedYield
                0x0000000000002dbc       0x18
 .text.vTaskMissedYield
                0x0000000000002dbc       0x18 ./output/tasks.o
                0x0000000000002dbc                vTaskMissedYield

.text.prvIdleTask
                0x0000000000002dd4        0xe
 .text.prvIdleTask
                0x0000000000002dd4        0xe ./output/tasks.o

.text.prvInitialiseTaskLists
                0x0000000000002de4       0x80
 .text.prvInitialiseTaskLists
                0x0000000000002de4       0x80 ./output/tasks.o

.text.prvCheckTasksWaitingTermination
                0x0000000000002e64       0x5c
 .text.prvCheckTasksWaitingTermination
                0x0000000000002e64       0x5c ./output/tasks.o

.text.prvDeleteTCB
                0x0000000000002ec0       0x58
 .text.prvDeleteTCB
                0x0000000000002ec0       0x58 ./output/tasks.o

.text.prvResetNextTaskUnblockTime
                0x0000000000002f18       0x34
 .text.prvResetNextTaskUnblockTime
                0x0000000000002f18       0x34 ./output/tasks.o

.text.xTaskGetSchedulerState
                0x0000000000002f4c       0x3c
 .text.xTaskGetSchedulerState
                0x0000000000002f4c       0x3c ./output/tasks.o
                0x0000000000002f4c                xTaskGetSchedulerState

.text.xTaskPriorityDisinherit
                0x0000000000002f88      0x130
 .text.xTaskPriorityDisinherit
                0x0000000000002f88      0x130 ./output/tasks.o
                0x0000000000002f88                xTaskPriorityDisinherit

.text.prvAddCurrentTaskToDelayedList
                0x00000000000030b8      0x108
 .text.prvAddCurrentTaskToDelayedList
                0x00000000000030b8      0x108 ./output/tasks.o

.text.xTimerCreateTimerTask
                0x00000000000031c0       0x88
 .text.xTimerCreateTimerTask
                0x00000000000031c0       0x88 ./output/timers.o
                0x00000000000031c0                xTimerCreateTimerTask

.text.prvReloadTimer
                0x0000000000003248       0x42
 .text.prvReloadTimer
                0x0000000000003248       0x42 ./output/timers.o

.text.prvProcessExpiredTimer
                0x000000000000328c       0x60
 .text.prvProcessExpiredTimer
                0x000000000000328c       0x60 ./output/timers.o

.text.prvTimerTask
                0x00000000000032ec       0x24
 .text.prvTimerTask
                0x00000000000032ec       0x24 ./output/timers.o

.text.prvProcessTimerOrBlockTask
                0x0000000000003310       0x9c
 .text.prvProcessTimerOrBlockTask
                0x0000000000003310       0x9c ./output/timers.o

.text.prvGetNextExpireTime
                0x00000000000033ac       0x44
 .text.prvGetNextExpireTime
                0x00000000000033ac       0x44 ./output/timers.o

.text.prvSampleTimeNow
                0x00000000000033f0       0x40
 .text.prvSampleTimeNow
                0x00000000000033f0       0x40 ./output/timers.o

.text.prvInsertTimerInActiveList
                0x0000000000003430       0x84
 .text.prvInsertTimerInActiveList
                0x0000000000003430       0x84 ./output/timers.o

.text.prvProcessReceivedCommands
                0x00000000000034b4      0x1a0
 .text.prvProcessReceivedCommands
                0x00000000000034b4      0x1a0 ./output/timers.o

.text.prvSwitchTimerLists
                0x0000000000003654       0x4c
 .text.prvSwitchTimerLists
                0x0000000000003654       0x4c ./output/timers.o

.text.prvCheckForValidListAndQueue
                0x00000000000036a0       0x80
 .text.prvCheckForValidListAndQueue
                0x00000000000036a0       0x80 ./output/timers.o

.text.main      0x0000000000003720       0x60
 .text.main     0x0000000000003720       0x60 ./output/main.o
                0x0000000000003720                main

.text.vApplicationMallocFailedHook
                0x0000000000003780       0x28
 .text.vApplicationMallocFailedHook
                0x0000000000003780       0x28 ./output/main.o
                0x0000000000003780                vApplicationMallocFailedHook

.text.vApplicationStackOverflowHook
                0x00000000000037a8       0x2c
 .text.vApplicationStackOverflowHook
                0x00000000000037a8       0x2c ./output/main.o
                0x00000000000037a8                vApplicationStackOverflowHook

.text.vApplicationTickHook
                0x00000000000037d4        0xc
 .text.vApplicationTickHook
                0x00000000000037d4        0xc ./output/main.o
                0x00000000000037d4                vApplicationTickHook

.text.vAssertCalled
                0x00000000000037e0       0x3c
 .text.vAssertCalled
                0x00000000000037e0       0x3c ./output/main.o
                0x00000000000037e0                vAssertCalled

.text.vApplicationGetIdleTaskMemory
                0x000000000000381c       0x30
 .text.vApplicationGetIdleTaskMemory
                0x000000000000381c       0x30 ./output/main.o
                0x000000000000381c                vApplicationGetIdleTaskMemory

.text.vApplicationGetTimerTaskMemory
                0x000000000000384c       0x30
 .text.vApplicationGetTimerTaskMemory
                0x000000000000384c       0x30 ./output/main.o
                0x000000000000384c                vApplicationGetTimerTaskMemory

.text.prvUARTInit
                0x000000000000387c       0x20
 .text.prvUARTInit
                0x000000000000387c       0x20 ./output/main.o

.text.vTaskFunction
                0x000000000000389c       0x2c
 .text.vTaskFunction
                0x000000000000389c       0x2c ./output/main.o
                0x000000000000389c                vTaskFunction

.text.__sflush_r
                0x00000000000038c8      0x104
 .text.__sflush_r
                0x00000000000038c8      0x104 /Applications/ARM/bin/../lib/gcc/arm-none-eabi/10.3.1/../../../../arm-none-eabi/lib/thumb/v7-m/nofp/libg_nano.a(lib_a-fflush.o)
                0x00000000000038c8                __sflush_r

.text._fflush_r
                0x00000000000039cc       0x78
 .text._fflush_r
                0x00000000000039cc       0x78 /Applications/ARM/bin/../lib/gcc/arm-none-eabi/10.3.1/../../../../arm-none-eabi/lib/thumb/v7-m/nofp/libg_nano.a(lib_a-fflush.o)
                0x00000000000039cc                _fflush_r

.text.fflush    0x0000000000003a44       0x24
 .text.fflush   0x0000000000003a44       0x24 /Applications/ARM/bin/../lib/gcc/arm-none-eabi/10.3.1/../../../../arm-none-eabi/lib/thumb/v7-m/nofp/libg_nano.a(lib_a-fflush.o)
                0x0000000000003a44                fflush

.text.std       0x0000000000003a68       0x48
 .text.std      0x0000000000003a68       0x48 /Applications/ARM/bin/../lib/gcc/arm-none-eabi/10.3.1/../../../../arm-none-eabi/lib/thumb/v7-m/nofp/libg_nano.a(lib_a-findfp.o)

.text._cleanup_r
                0x0000000000003ab0        0xc
 .text._cleanup_r
                0x0000000000003ab0        0xc /Applications/ARM/bin/../lib/gcc/arm-none-eabi/10.3.1/../../../../arm-none-eabi/lib/thumb/v7-m/nofp/libg_nano.a(lib_a-findfp.o)
                0x0000000000003ab0                _cleanup_r

.text.__sfmoreglue
                0x0000000000003abc       0x2c
 .text.__sfmoreglue
                0x0000000000003abc       0x2c /Applications/ARM/bin/../lib/gcc/arm-none-eabi/10.3.1/../../../../arm-none-eabi/lib/thumb/v7-m/nofp/libg_nano.a(lib_a-findfp.o)
                0x0000000000003abc                __sfmoreglue

.text.__sfp_lock_acquire
                0x0000000000003ae8        0xc
 .text.__sfp_lock_acquire
                0x0000000000003ae8        0xc /Applications/ARM/bin/../lib/gcc/arm-none-eabi/10.3.1/../../../../arm-none-eabi/lib/thumb/v7-m/nofp/libg_nano.a(lib_a-findfp.o)
                0x0000000000003ae8                __sfp_lock_acquire

.text.__sfp_lock_release
                0x0000000000003af4        0xc
 .text.__sfp_lock_release
                0x0000000000003af4        0xc /Applications/ARM/bin/../lib/gcc/arm-none-eabi/10.3.1/../../../../arm-none-eabi/lib/thumb/v7-m/nofp/libg_nano.a(lib_a-findfp.o)
                0x0000000000003af4                __sfp_lock_release

.text.__sinit_lock_acquire
                0x0000000000003b00        0xc
 .text.__sinit_lock_acquire
                0x0000000000003b00        0xc /Applications/ARM/bin/../lib/gcc/arm-none-eabi/10.3.1/../../../../arm-none-eabi/lib/thumb/v7-m/nofp/libg_nano.a(lib_a-findfp.o)
                0x0000000000003b00                __sinit_lock_acquire

.text.__sinit_lock_release
                0x0000000000003b0c        0xc
 .text.__sinit_lock_release
                0x0000000000003b0c        0xc /Applications/ARM/bin/../lib/gcc/arm-none-eabi/10.3.1/../../../../arm-none-eabi/lib/thumb/v7-m/nofp/libg_nano.a(lib_a-findfp.o)
                0x0000000000003b0c                __sinit_lock_release

.text.__sinit   0x0000000000003b18       0x70
 .text.__sinit  0x0000000000003b18       0x70 /Applications/ARM/bin/../lib/gcc/arm-none-eabi/10.3.1/../../../../arm-none-eabi/lib/thumb/v7-m/nofp/libg_nano.a(lib_a-findfp.o)
                0x0000000000003b18                __sinit

.text.__sfp     0x0000000000003b88       0x8c
 .text.__sfp    0x0000000000003b88       0x8c /Applications/ARM/bin/../lib/gcc/arm-none-eabi/10.3.1/../../../../arm-none-eabi/lib/thumb/v7-m/nofp/libg_nano.a(lib_a-findfp.o)
                0x0000000000003b88                __sfp

.text._fwalk_reent
                0x0000000000003c14       0x3e
 .text._fwalk_reent
                0x0000000000003c14       0x3e /Applications/ARM/bin/../lib/gcc/arm-none-eabi/10.3.1/../../../../arm-none-eabi/lib/thumb/v7-m/nofp/libg_nano.a(lib_a-fwalk.o)
                0x0000000000003c14                _fwalk_reent

.text.__retarget_lock_init_recursive
                0x0000000000003c52        0x2
 .text.__retarget_lock_init_recursive
                0x0000000000003c52        0x2 /Applications/ARM/bin/../lib/gcc/arm-none-eabi/10.3.1/../../../../arm-none-eabi/lib/thumb/v7-m/nofp/libg_nano.a(lib_a-lock.o)
                0x0000000000003c52                __retarget_lock_init_recursive

.text.__retarget_lock_acquire_recursive
                0x0000000000003c54        0x2
 .text.__retarget_lock_acquire_recursive
                0x0000000000003c54        0x2 /Applications/ARM/bin/../lib/gcc/arm-none-eabi/10.3.1/../../../../arm-none-eabi/lib/thumb/v7-m/nofp/libg_nano.a(lib_a-lock.o)
                0x0000000000003c54                __retarget_lock_acquire_recursive

.text.__retarget_lock_release_recursive
                0x0000000000003c56        0x2
 .text.__retarget_lock_release_recursive
                0x0000000000003c56        0x2 /Applications/ARM/bin/../lib/gcc/arm-none-eabi/10.3.1/../../../../arm-none-eabi/lib/thumb/v7-m/nofp/libg_nano.a(lib_a-lock.o)
                0x0000000000003c56                __retarget_lock_release_recursive

.text.memcpy    0x0000000000003c58       0x1c
 .text.memcpy   0x0000000000003c58       0x1c /Applications/ARM/bin/../lib/gcc/arm-none-eabi/10.3.1/../../../../arm-none-eabi/lib/thumb/v7-m/nofp/libg_nano.a(lib_a-memcpy-stub.o)
                0x0000000000003c58                memcpy

.text.memset    0x0000000000003c74       0x10
 .text.memset   0x0000000000003c74       0x10 /Applications/ARM/bin/../lib/gcc/arm-none-eabi/10.3.1/../../../../arm-none-eabi/lib/thumb/v7-m/nofp/libg_nano.a(lib_a-memset.o)
                0x0000000000003c74                memset

.text._free_r   0x0000000000003c84       0x90
 .text._free_r  0x0000000000003c84       0x90 /Applications/ARM/bin/../lib/gcc/arm-none-eabi/10.3.1/../../../../arm-none-eabi/lib/thumb/v7-m/nofp/libg_nano.a(lib_a-nano-freer.o)
                0x0000000000003c84                _free_r

.text.sbrk_aligned
                0x0000000000003d14       0x40
 .text.sbrk_aligned
                0x0000000000003d14       0x40 /Applications/ARM/bin/../lib/gcc/arm-none-eabi/10.3.1/../../../../arm-none-eabi/lib/thumb/v7-m/nofp/libg_nano.a(lib_a-nano-mallocr.o)

.text._malloc_r
                0x0000000000003d54       0xe8
 .text._malloc_r
                0x0000000000003d54       0xe8 /Applications/ARM/bin/../lib/gcc/arm-none-eabi/10.3.1/../../../../arm-none-eabi/lib/thumb/v7-m/nofp/libg_nano.a(lib_a-nano-mallocr.o)
                0x0000000000003d54                _malloc_r

.text._sbrk_r   0x0000000000003e3c       0x20
 .text._sbrk_r  0x0000000000003e3c       0x20 /Applications/ARM/bin/../lib/gcc/arm-none-eabi/10.3.1/../../../../arm-none-eabi/lib/thumb/v7-m/nofp/libg_nano.a(lib_a-sbrkr.o)
                0x0000000000003e3c                _sbrk_r

.text.__sread   0x0000000000003e5c       0x22
 .text.__sread  0x0000000000003e5c       0x22 /Applications/ARM/bin/../lib/gcc/arm-none-eabi/10.3.1/../../../../arm-none-eabi/lib/thumb/v7-m/nofp/libg_nano.a(lib_a-stdio.o)
                0x0000000000003e5c                __sread

.text.__swrite  0x0000000000003e7e       0x38
 .text.__swrite
                0x0000000000003e7e       0x38 /Applications/ARM/bin/../lib/gcc/arm-none-eabi/10.3.1/../../../../arm-none-eabi/lib/thumb/v7-m/nofp/libg_nano.a(lib_a-stdio.o)
                0x0000000000003e7e                __swrite

.text.__sseek   0x0000000000003eb6       0x24
 .text.__sseek  0x0000000000003eb6       0x24 /Applications/ARM/bin/../lib/gcc/arm-none-eabi/10.3.1/../../../../arm-none-eabi/lib/thumb/v7-m/nofp/libg_nano.a(lib_a-stdio.o)
                0x0000000000003eb6                __sseek

.text.__sclose  0x0000000000003eda        0x8
 .text.__sclose
                0x0000000000003eda        0x8 /Applications/ARM/bin/../lib/gcc/arm-none-eabi/10.3.1/../../../../arm-none-eabi/lib/thumb/v7-m/nofp/libg_nano.a(lib_a-stdio.o)
                0x0000000000003eda                __sclose

.text._write_r  0x0000000000003ee4       0x24
 .text._write_r
                0x0000000000003ee4       0x24 /Applications/ARM/bin/../lib/gcc/arm-none-eabi/10.3.1/../../../../arm-none-eabi/lib/thumb/v7-m/nofp/libg_nano.a(lib_a-writer.o)
                0x0000000000003ee4                _write_r

.text._close_r  0x0000000000003f08       0x20
 .text._close_r
                0x0000000000003f08       0x20 /Applications/ARM/bin/../lib/gcc/arm-none-eabi/10.3.1/../../../../arm-none-eabi/lib/thumb/v7-m/nofp/libg_nano.a(lib_a-closer.o)
                0x0000000000003f08                _close_r

.text._lseek_r  0x0000000000003f28       0x24
 .text._lseek_r
                0x0000000000003f28       0x24 /Applications/ARM/bin/../lib/gcc/arm-none-eabi/10.3.1/../../../../arm-none-eabi/lib/thumb/v7-m/nofp/libg_nano.a(lib_a-lseekr.o)
                0x0000000000003f28                _lseek_r

.text.__malloc_lock
                0x0000000000003f4c        0xc
 .text.__malloc_lock
                0x0000000000003f4c        0xc /Applications/ARM/bin/../lib/gcc/arm-none-eabi/10.3.1/../../../../arm-none-eabi/lib/thumb/v7-m/nofp/libg_nano.a(lib_a-mlock.o)
                0x0000000000003f4c                __malloc_lock

.text.__malloc_unlock
                0x0000000000003f58        0xc
 .text.__malloc_unlock
                0x0000000000003f58        0xc /Applications/ARM/bin/../lib/gcc/arm-none-eabi/10.3.1/../../../../arm-none-eabi/lib/thumb/v7-m/nofp/libg_nano.a(lib_a-mlock.o)
                0x0000000000003f58                __malloc_unlock

.text._read_r   0x0000000000003f64       0x24
 .text._read_r  0x0000000000003f64       0x24 /Applications/ARM/bin/../lib/gcc/arm-none-eabi/10.3.1/../../../../arm-none-eabi/lib/thumb/v7-m/nofp/libg_nano.a(lib_a-readr.o)
                0x0000000000003f64                _read_r

.text.findslot  0x0000000000003f88       0x34
 .text.findslot
                0x0000000000003f88       0x34 /Applications/ARM/bin/../lib/gcc/arm-none-eabi/10.3.1/../../../../arm-none-eabi/lib/thumb/v7-m/nofp/librdimon_nano.a(rdimon-syscalls.o)

.text.error     0x0000000000003fbc       0x1c
 .text.error    0x0000000000003fbc       0x1c /Applications/ARM/bin/../lib/gcc/arm-none-eabi/10.3.1/../../../../arm-none-eabi/lib/thumb/v7-m/nofp/librdimon_nano.a(rdimon-syscalls.o)

.text.checkerror
                0x0000000000003fd8        0xa
 .text.checkerror
                0x0000000000003fd8        0xa /Applications/ARM/bin/../lib/gcc/arm-none-eabi/10.3.1/../../../../arm-none-eabi/lib/thumb/v7-m/nofp/librdimon_nano.a(rdimon-syscalls.o)

.text._swiread  0x0000000000003fe2       0x20
 .text._swiread
                0x0000000000003fe2       0x20 /Applications/ARM/bin/../lib/gcc/arm-none-eabi/10.3.1/../../../../arm-none-eabi/lib/thumb/v7-m/nofp/librdimon_nano.a(rdimon-syscalls.o)
                0x0000000000003fe2                _swiread

.text._read     0x0000000000004002       0x34
 .text._read    0x0000000000004002       0x34 /Applications/ARM/bin/../lib/gcc/arm-none-eabi/10.3.1/../../../../arm-none-eabi/lib/thumb/v7-m/nofp/librdimon_nano.a(rdimon-syscalls.o)
                0x0000000000004002                _read

.text._swilseek
                0x0000000000004036       0x78
 .text._swilseek
                0x0000000000004036       0x78 /Applications/ARM/bin/../lib/gcc/arm-none-eabi/10.3.1/../../../../arm-none-eabi/lib/thumb/v7-m/nofp/librdimon_nano.a(rdimon-syscalls.o)
                0x0000000000004036                _swilseek

.text._lseek    0x00000000000040ae        0x4
 .text._lseek   0x00000000000040ae        0x4 /Applications/ARM/bin/../lib/gcc/arm-none-eabi/10.3.1/../../../../arm-none-eabi/lib/thumb/v7-m/nofp/librdimon_nano.a(rdimon-syscalls.o)
                0x00000000000040ae                _lseek

.text._swiwrite
                0x00000000000040b2       0x20
 .text._swiwrite
                0x00000000000040b2       0x20 /Applications/ARM/bin/../lib/gcc/arm-none-eabi/10.3.1/../../../../arm-none-eabi/lib/thumb/v7-m/nofp/librdimon_nano.a(rdimon-syscalls.o)
                0x00000000000040b2                _swiwrite

.text._write    0x00000000000040d2       0x40
 .text._write   0x00000000000040d2       0x40 /Applications/ARM/bin/../lib/gcc/arm-none-eabi/10.3.1/../../../../arm-none-eabi/lib/thumb/v7-m/nofp/librdimon_nano.a(rdimon-syscalls.o)
                0x00000000000040d2                _write

.text._swiclose
                0x0000000000004112       0x1a
 .text._swiclose
                0x0000000000004112       0x1a /Applications/ARM/bin/../lib/gcc/arm-none-eabi/10.3.1/../../../../arm-none-eabi/lib/thumb/v7-m/nofp/librdimon_nano.a(rdimon-syscalls.o)
                0x0000000000004112                _swiclose

.text._close    0x000000000000412c       0x4c
 .text._close   0x000000000000412c       0x4c /Applications/ARM/bin/../lib/gcc/arm-none-eabi/10.3.1/../../../../arm-none-eabi/lib/thumb/v7-m/nofp/librdimon_nano.a(rdimon-syscalls.o)
                0x000000000000412c                _close

.text._sbrk     0x0000000000004178       0x48
 .text._sbrk    0x0000000000004178       0x48 /Applications/ARM/bin/../lib/gcc/arm-none-eabi/10.3.1/../../../../arm-none-eabi/lib/thumb/v7-m/nofp/librdimon_nano.a(rdimon-syscalls.o)
                0x0000000000004178                _sbrk

.text.__errno   0x00000000000041c0        0xc
 .text.__errno  0x00000000000041c0        0xc /Applications/ARM/bin/../lib/gcc/arm-none-eabi/10.3.1/../../../../arm-none-eabi/lib/thumb/v7-m/nofp/libc_nano.a(lib_a-errno.o)
                0x00000000000041c0                __errno

.rel.dyn        0x00000000000041cc        0x0
 .rel.iplt      0x00000000000041cc        0x0 ./output/IntQueue.o

.data           0x0000000020000000        0x0
                0x0000000020000000                . = ALIGN (0x8)
                0x0000000020000000                _data = .
                0x0000000020000000                _sdata = .
 *(vtable)
 *(.data)
                0x0000000020000000                _edata = .

.data.xErrorStatus
                0x0000000020000000        0x4
 .data.xErrorStatus
                0x0000000020000000        0x4 ./output/IntQueue.o

.igot.plt       0x0000000020000004        0x0
 .igot.plt      0x0000000020000004        0x0 ./output/IntQueue.o

.data.uxCriticalNesting
                0x0000000020000004        0x4
 .data.uxCriticalNesting
                0x0000000020000004        0x4 ./output/port.o

.data.uxTopUsedPriority
                0x0000000020000008        0x4
 .data.uxTopUsedPriority
                0x0000000020000008        0x4 ./output/tasks.o
                0x0000000020000008                uxTopUsedPriority

.data._impure_ptr
                0x000000002000000c        0x4
 .data._impure_ptr
                0x000000002000000c        0x4 /Applications/ARM/bin/../lib/gcc/arm-none-eabi/10.3.1/../../../../arm-none-eabi/lib/thumb/v7-m/nofp/libg_nano.a(lib_a-impure.o)
                0x000000002000000c                _impure_ptr

.data.impure_data
                0x0000000020000010       0x60
 .data.impure_data
                0x0000000020000010       0x60 /Applications/ARM/bin/../lib/gcc/arm-none-eabi/10.3.1/../../../../arm-none-eabi/lib/thumb/v7-m/nofp/libg_nano.a(lib_a-impure.o)

.data.__heap_limit
                0x0000000020000070        0x4
 .data.__heap_limit
                0x0000000020000070        0x4 /Applications/ARM/bin/../lib/gcc/arm-none-eabi/10.3.1/../../../../arm-none-eabi/lib/thumb/v7-m/nofp/librdimon_nano.a(rdimon-syscalls.o)
                0x0000000020000070                __heap_limit

.bss            0x0000000020000074        0x4
                0x0000000020000078                . = ALIGN (0x8)
 *fill*         0x0000000020000074        0x4 
                0x0000000020000078                _bss = .
                0x0000000020000078                _sbss = .
 *(.bss)
                0x0000000020000078                _ebss = .

.bss.xNormallyEmptyQueue
                0x0000000020000078        0x4
 .bss.xNormallyEmptyQueue
                0x0000000020000078        0x4 ./output/IntQueue.o

.bss.xNormallyFullQueue
                0x000000002000007c        0x4
 .bss.xNormallyFullQueue
                0x000000002000007c        0x4 ./output/IntQueue.o

.bss.xErrorLine
                0x0000000020000080        0x4
 .bss.xErrorLine
                0x0000000020000080        0x4 ./output/IntQueue.o

.bss.uxValueForNormallyEmptyQueue
                0x0000000020000084        0x4
 .bss.uxValueForNormallyEmptyQueue
                0x0000000020000084        0x4 ./output/IntQueue.o

.bss.uxValueForNormallyFullQueue
                0x0000000020000088        0x4
 .bss.uxValueForNormallyFullQueue
                0x0000000020000088        0x4 ./output/IntQueue.o

.bss.ucNormallyEmptyReceivedValues
                0x000000002000008c       0xc8
 .bss.ucNormallyEmptyReceivedValues
                0x000000002000008c       0xc8 ./output/IntQueue.o

.bss.ucNormallyFullReceivedValues
                0x0000000020000154       0xc8
 .bss.ucNormallyFullReceivedValues
                0x0000000020000154       0xc8 ./output/IntQueue.o

.bss.uxNextOperation.5
                0x000000002000021c        0x4
 .bss.uxNextOperation.5
                0x000000002000021c        0x4 ./output/IntQueue.o

.bss.uxNextOperation.4
                0x0000000020000220        0x4
 .bss.uxNextOperation.4
                0x0000000020000220        0x4 ./output/IntQueue.o

.bss.ulNest     0x0000000020000224        0x4
 .bss.ulNest    0x0000000020000224        0x4 ./output/IntQueueTimer.o
                0x0000000020000224                ulNest

.bss.ulNestCount
                0x0000000020000228        0x4
 .bss.ulNestCount
                0x0000000020000228        0x4 ./output/IntQueueTimer.o
                0x0000000020000228                ulNestCount

.bss.ucHeap     0x000000002000022c     0xf000
 .bss.ucHeap    0x000000002000022c     0xf000 ./output/heap_4.o

.bss.xStart     0x000000002000f22c        0x8
 .bss.xStart    0x000000002000f22c        0x8 ./output/heap_4.o

.bss.pxEnd      0x000000002000f234        0x4
 .bss.pxEnd     0x000000002000f234        0x4 ./output/heap_4.o

.bss.xFreeBytesRemaining
                0x000000002000f238        0x4
 .bss.xFreeBytesRemaining
                0x000000002000f238        0x4 ./output/heap_4.o

.bss.xMinimumEverFreeBytesRemaining
                0x000000002000f23c        0x4
 .bss.xMinimumEverFreeBytesRemaining
                0x000000002000f23c        0x4 ./output/heap_4.o

.bss.xNumberOfSuccessfulAllocations
                0x000000002000f240        0x4
 .bss.xNumberOfSuccessfulAllocations
                0x000000002000f240        0x4 ./output/heap_4.o

.bss.xNumberOfSuccessfulFrees
                0x000000002000f244        0x4
 .bss.xNumberOfSuccessfulFrees
                0x000000002000f244        0x4 ./output/heap_4.o

.bss.ucMaxSysCallPriority
                0x000000002000f248        0x1
 .bss.ucMaxSysCallPriority
                0x000000002000f248        0x1 ./output/port.o

.bss.ulMaxPRIGROUPValue
                0x000000002000f24c        0x4
 .bss.ulMaxPRIGROUPValue
                0x000000002000f24c        0x4 ./output/port.o

.bss.xQueueRegistry
                0x000000002000f250       0x50
 .bss.xQueueRegistry
                0x000000002000f250       0x50 ./output/queue.o
                0x000000002000f250                xQueueRegistry

.bss.r0         0x000000002000f2a0        0x4
 .bss.r0        0x000000002000f2a0        0x4 ./output/startup_gcc.o
                0x000000002000f2a0                r0

.bss.r1         0x000000002000f2a4        0x4
 .bss.r1        0x000000002000f2a4        0x4 ./output/startup_gcc.o
                0x000000002000f2a4                r1

.bss.r2         0x000000002000f2a8        0x4
 .bss.r2        0x000000002000f2a8        0x4 ./output/startup_gcc.o
                0x000000002000f2a8                r2

.bss.r3         0x000000002000f2ac        0x4
 .bss.r3        0x000000002000f2ac        0x4 ./output/startup_gcc.o
                0x000000002000f2ac                r3

.bss.r12        0x000000002000f2b0        0x4
 .bss.r12       0x000000002000f2b0        0x4 ./output/startup_gcc.o
                0x000000002000f2b0                r12

.bss.lr         0x000000002000f2b4        0x4
 .bss.lr        0x000000002000f2b4        0x4 ./output/startup_gcc.o
                0x000000002000f2b4                lr

.bss.pc         0x000000002000f2b8        0x4
 .bss.pc        0x000000002000f2b8        0x4 ./output/startup_gcc.o
                0x000000002000f2b8                pc

.bss.psr        0x000000002000f2bc        0x4
 .bss.psr       0x000000002000f2bc        0x4 ./output/startup_gcc.o
                0x000000002000f2bc                psr

.bss.pxCurrentTCB
                0x000000002000f2c0        0x4
 .bss.pxCurrentTCB
                0x000000002000f2c0        0x4 ./output/tasks.o
                0x000000002000f2c0                pxCurrentTCB

.bss.pxReadyTasksLists
                0x000000002000f2c4       0xb4
 .bss.pxReadyTasksLists
                0x000000002000f2c4       0xb4 ./output/tasks.o

.bss.xDelayedTaskList1
                0x000000002000f378       0x14
 .bss.xDelayedTaskList1
                0x000000002000f378       0x14 ./output/tasks.o

.bss.xDelayedTaskList2
                0x000000002000f38c       0x14
 .bss.xDelayedTaskList2
                0x000000002000f38c       0x14 ./output/tasks.o

.bss.pxDelayedTaskList
                0x000000002000f3a0        0x4
 .bss.pxDelayedTaskList
                0x000000002000f3a0        0x4 ./output/tasks.o

.bss.pxOverflowDelayedTaskList
                0x000000002000f3a4        0x4
 .bss.pxOverflowDelayedTaskList
                0x000000002000f3a4        0x4 ./output/tasks.o

.bss.xPendingReadyList
                0x000000002000f3a8       0x14
 .bss.xPendingReadyList
                0x000000002000f3a8       0x14 ./output/tasks.o

.bss.xTasksWaitingTermination
                0x000000002000f3bc       0x14
 .bss.xTasksWaitingTermination
                0x000000002000f3bc       0x14 ./output/tasks.o

.bss.uxDeletedTasksWaitingCleanUp
                0x000000002000f3d0        0x4
 .bss.uxDeletedTasksWaitingCleanUp
                0x000000002000f3d0        0x4 ./output/tasks.o

.bss.xSuspendedTaskList
                0x000000002000f3d4       0x14
 .bss.xSuspendedTaskList
                0x000000002000f3d4       0x14 ./output/tasks.o

.bss.uxCurrentNumberOfTasks
                0x000000002000f3e8        0x4
 .bss.uxCurrentNumberOfTasks
                0x000000002000f3e8        0x4 ./output/tasks.o

.bss.xTickCount
                0x000000002000f3ec        0x4
 .bss.xTickCount
                0x000000002000f3ec        0x4 ./output/tasks.o

.bss.uxTopReadyPriority
                0x000000002000f3f0        0x4
 .bss.uxTopReadyPriority
                0x000000002000f3f0        0x4 ./output/tasks.o

.bss.xSchedulerRunning
                0x000000002000f3f4        0x4
 .bss.xSchedulerRunning
                0x000000002000f3f4        0x4 ./output/tasks.o

.bss.xPendedTicks
                0x000000002000f3f8        0x4
 .bss.xPendedTicks
                0x000000002000f3f8        0x4 ./output/tasks.o

.bss.xYieldPending
                0x000000002000f3fc        0x4
 .bss.xYieldPending
                0x000000002000f3fc        0x4 ./output/tasks.o

.bss.xNumOfOverflows
                0x000000002000f400        0x4
 .bss.xNumOfOverflows
                0x000000002000f400        0x4 ./output/tasks.o

.bss.uxTaskNumber
                0x000000002000f404        0x4
 .bss.uxTaskNumber
                0x000000002000f404        0x4 ./output/tasks.o

.bss.xNextTaskUnblockTime
                0x000000002000f408        0x4
 .bss.xNextTaskUnblockTime
                0x000000002000f408        0x4 ./output/tasks.o

.bss.xIdleTaskHandle
                0x000000002000f40c        0x4
 .bss.xIdleTaskHandle
                0x000000002000f40c        0x4 ./output/tasks.o

.bss.uxSchedulerSuspended
                0x000000002000f410        0x4
 .bss.uxSchedulerSuspended
                0x000000002000f410        0x4 ./output/tasks.o

.bss.xActiveTimerList1
                0x000000002000f414       0x14
 .bss.xActiveTimerList1
                0x000000002000f414       0x14 ./output/timers.o

.bss.xActiveTimerList2
                0x000000002000f428       0x14
 .bss.xActiveTimerList2
                0x000000002000f428       0x14 ./output/timers.o

.bss.pxCurrentTimerList
                0x000000002000f43c        0x4
 .bss.pxCurrentTimerList
                0x000000002000f43c        0x4 ./output/timers.o

.bss.pxOverflowTimerList
                0x000000002000f440        0x4
 .bss.pxOverflowTimerList
                0x000000002000f440        0x4 ./output/timers.o

.bss.xTimerQueue
                0x000000002000f444        0x4
 .bss.xTimerQueue
                0x000000002000f444        0x4 ./output/timers.o

.bss.xTimerTaskHandle
                0x000000002000f448        0x4
 .bss.xTimerTaskHandle
                0x000000002000f448        0x4 ./output/timers.o

.bss.xLastTime.2
                0x000000002000f44c        0x4
 .bss.xLastTime.2
                0x000000002000f44c        0x4 ./output/timers.o

.bss.ucStaticTimerQueueStorage.1
                0x000000002000f450      0x140
 .bss.ucStaticTimerQueueStorage.1
                0x000000002000f450      0x140 ./output/timers.o

.bss.xStaticTimerQueue.0
                0x000000002000f590       0x4c
 .bss.xStaticTimerQueue.0
                0x000000002000f590       0x4c ./output/timers.o

.bss.xIdleTaskTCB.3
                0x000000002000f5dc       0x5c
 .bss.xIdleTaskTCB.3
                0x000000002000f5dc       0x5c ./output/main.o

.bss.uxIdleTaskStack.2
                0x000000002000f638      0x140
 .bss.uxIdleTaskStack.2
                0x000000002000f638      0x140 ./output/main.o

.bss.xTimerTaskTCB.1
                0x000000002000f778       0x5c
 .bss.xTimerTaskTCB.1
                0x000000002000f778       0x5c ./output/main.o

.bss.uxTimerTaskStack.0
                0x000000002000f7d4      0x280
 .bss.uxTimerTaskStack.0
                0x000000002000f7d4      0x280 ./output/main.o

.bss.__lock___malloc_recursive_mutex
                0x000000002000fa54        0x1
 .bss.__lock___malloc_recursive_mutex
                0x000000002000fa54        0x1 /Applications/ARM/bin/../lib/gcc/arm-none-eabi/10.3.1/../../../../arm-none-eabi/lib/thumb/v7-m/nofp/libg_nano.a(lib_a-lock.o)
                0x000000002000fa54                __lock___malloc_recursive_mutex

.bss.__lock___sfp_recursive_mutex
                0x000000002000fa55        0x1
 .bss.__lock___sfp_recursive_mutex
                0x000000002000fa55        0x1 /Applications/ARM/bin/../lib/gcc/arm-none-eabi/10.3.1/../../../../arm-none-eabi/lib/thumb/v7-m/nofp/libg_nano.a(lib_a-lock.o)
                0x000000002000fa55                __lock___sfp_recursive_mutex

.bss.__lock___sinit_recursive_mutex
                0x000000002000fa56        0x1
 .bss.__lock___sinit_recursive_mutex
                0x000000002000fa56        0x1 /Applications/ARM/bin/../lib/gcc/arm-none-eabi/10.3.1/../../../../arm-none-eabi/lib/thumb/v7-m/nofp/libg_nano.a(lib_a-lock.o)
                0x000000002000fa56                __lock___sinit_recursive_mutex

.bss.__malloc_free_list
                0x000000002000fa58        0x4
 .bss.__malloc_free_list
                0x000000002000fa58        0x4 /Applications/ARM/bin/../lib/gcc/arm-none-eabi/10.3.1/../../../../arm-none-eabi/lib/thumb/v7-m/nofp/libg_nano.a(lib_a-nano-mallocr.o)
                0x000000002000fa58                __malloc_free_list

.bss.__malloc_sbrk_start
                0x000000002000fa5c        0x4
 .bss.__malloc_sbrk_start
                0x000000002000fa5c        0x4 /Applications/ARM/bin/../lib/gcc/arm-none-eabi/10.3.1/../../../../arm-none-eabi/lib/thumb/v7-m/nofp/libg_nano.a(lib_a-nano-mallocr.o)
                0x000000002000fa5c                __malloc_sbrk_start

.bss.errno      0x000000002000fa60        0x4
 .bss.errno     0x000000002000fa60        0x4 /Applications/ARM/bin/../lib/gcc/arm-none-eabi/10.3.1/../../../../arm-none-eabi/lib/thumb/v7-m/nofp/libg_nano.a(lib_a-reent.o)
                0x000000002000fa60                errno

.bss.heap_end.0
                0x000000002000fa64        0x4
 .bss.heap_end.0
                0x000000002000fa64        0x4 /Applications/ARM/bin/../lib/gcc/arm-none-eabi/10.3.1/../../../../arm-none-eabi/lib/thumb/v7-m/nofp/librdimon_nano.a(rdimon-syscalls.o)

.bss.openfiles  0x000000002000fa68       0xa0
 .bss.openfiles
                0x000000002000fa68       0xa0 /Applications/ARM/bin/../lib/gcc/arm-none-eabi/10.3.1/../../../../arm-none-eabi/lib/thumb/v7-m/nofp/librdimon_nano.a(rdimon-syscalls.o)

.heap           0x000000002000fb08      0x408
                0x000000002000fb08                . = ALIGN (0x8)
                0x000000002000fb08                PROVIDE (end = .)
                [!provide]                        PROVIDE (_end = .)
                0x000000002000fb08                _heap_bottom = .
                0x000000002000fb10                . = (. + _Min_Heap_Size)
 *fill*         0x000000002000fb08        0x8 
                0x000000002000fb10                _heap_top = .
                0x000000002000ff10                . = (. + _Min_Stack_Size)
 *fill*         0x000000002000fb10      0x400 
                0x000000002000ff10                . = ALIGN (0x8)
                0x0000000020400000                __StackTop = (ORIGIN (RAM) + LENGTH (RAM))
                0x00000000203ffc00                __StackLimit = (__StackTop - _Min_Stack_Size)
                [!provide]                        PROVIDE (__stack = __StackTop)
                0x0000000000000001                ASSERT ((__StackLimit >= _heap_top), region RAM overflowed with stack)
START GROUP
LOAD /Applications/ARM/bin/../lib/gcc/arm-none-eabi/10.3.1/thumb/v7-m/nofp/libgcc.a
LOAD /Applications/ARM/bin/../lib/gcc/arm-none-eabi/10.3.1/../../../../arm-none-eabi/lib/thumb/v7-m/nofp/libg_nano.a
LOAD /Applications/ARM/bin/../lib/gcc/arm-none-eabi/10.3.1/../../../../arm-none-eabi/lib/thumb/v7-m/nofp/libc_nano.a
END GROUP
START GROUP
LOAD /Applications/ARM/bin/../lib/gcc/arm-none-eabi/10.3.1/thumb/v7-m/nofp/libgcc.a
LOAD /Applications/ARM/bin/../lib/gcc/arm-none-eabi/10.3.1/../../../../arm-none-eabi/lib/thumb/v7-m/nofp/libc_nano.a
LOAD /Applications/ARM/bin/../lib/gcc/arm-none-eabi/10.3.1/../../../../arm-none-eabi/lib/thumb/v7-m/nofp/librdimon_nano.a
LOAD /Applications/ARM/bin/../lib/gcc/arm-none-eabi/10.3.1/../../../../arm-none-eabi/lib/thumb/v7-m/nofp/libnosys.a
END GROUP
START GROUP
LOAD /Applications/ARM/bin/../lib/gcc/arm-none-eabi/10.3.1/thumb/v7-m/nofp/libgcc.a
LOAD /Applications/ARM/bin/../lib/gcc/arm-none-eabi/10.3.1/../../../../arm-none-eabi/lib/thumb/v7-m/nofp/libc_nano.a
LOAD /Applications/ARM/bin/../lib/gcc/arm-none-eabi/10.3.1/../../../../arm-none-eabi/lib/thumb/v7-m/nofp/libnosys.a
END GROUP
START GROUP
LOAD /Applications/ARM/bin/../lib/gcc/arm-none-eabi/10.3.1/thumb/v7-m/nofp/libgcc.a
LOAD /Applications/ARM/bin/../lib/gcc/arm-none-eabi/10.3.1/../../../../arm-none-eabi/lib/thumb/v7-m/nofp/libc_nano.a
LOAD /Applications/ARM/bin/../lib/gcc/arm-none-eabi/10.3.1/../../../../arm-none-eabi/lib/thumb/v7-m/nofp/librdimon_nano.a
END GROUP
OUTPUT(./output/RTOSDemo.out elf32-littlearm)
LOAD linker stubs

.debug_info     0x0000000000000000     0x76d1
 .debug_info    0x0000000000000000      0x903 ./output/IntQueue.o
 .debug_info    0x0000000000000903      0x5c9 ./output/IntQueueTimer.o
 .debug_info    0x0000000000000ecc      0x463 ./output/heap_4.o
 .debug_info    0x000000000000132f      0x2c5 ./output/list.o
 .debug_info    0x00000000000015f4      0x3b3 ./output/port.o
 .debug_info    0x00000000000019a7      0x449 ./output/printf-stdarg.o
 .debug_info    0x0000000000001df0     0x17b3 ./output/queue.o
 .debug_info    0x00000000000035a3      0xa3d ./output/startup_gcc.o
 .debug_info    0x0000000000003fe0     0x20f6 ./output/tasks.o
 .debug_info    0x00000000000060d6     0x10b7 ./output/timers.o
 .debug_info    0x000000000000718d      0x544 ./output/main.o

.debug_abbrev   0x0000000000000000     0x157f
 .debug_abbrev  0x0000000000000000      0x206 ./output/IntQueue.o
 .debug_abbrev  0x0000000000000206      0x1b4 ./output/IntQueueTimer.o
 .debug_abbrev  0x00000000000003ba      0x193 ./output/heap_4.o
 .debug_abbrev  0x000000000000054d       0xf2 ./output/list.o
 .debug_abbrev  0x000000000000063f      0x207 ./output/port.o
 .debug_abbrev  0x0000000000000846      0x163 ./output/printf-stdarg.o
 .debug_abbrev  0x00000000000009a9      0x28b ./output/queue.o
 .debug_abbrev  0x0000000000000c34      0x244 ./output/startup_gcc.o
 .debug_abbrev  0x0000000000000e78      0x304 ./output/tasks.o
 .debug_abbrev  0x000000000000117c      0x241 ./output/timers.o
 .debug_abbrev  0x00000000000013bd      0x1c2 ./output/main.o

.debug_aranges  0x0000000000000000      0x740
 .debug_aranges
                0x0000000000000000       0x78 ./output/IntQueue.o
 .debug_aranges
                0x0000000000000078       0x40 ./output/IntQueueTimer.o
 .debug_aranges
                0x00000000000000b8       0x60 ./output/heap_4.o
 .debug_aranges
                0x0000000000000118       0x40 ./output/list.o
 .debug_aranges
                0x0000000000000158       0x78 ./output/port.o
 .debug_aranges
                0x00000000000001d0       0x58 ./output/printf-stdarg.o
 .debug_aranges
                0x0000000000000228      0x170 ./output/queue.o
 .debug_aranges
                0x0000000000000398       0x38 ./output/startup_gcc.o
 .debug_aranges
                0x00000000000003d0      0x200 ./output/tasks.o
 .debug_aranges
                0x00000000000005d0       0xf0 ./output/timers.o
 .debug_aranges
                0x00000000000006c0       0x80 ./output/main.o

.debug_ranges   0x0000000000000000      0x690
 .debug_ranges  0x0000000000000000       0x68 ./output/IntQueue.o
 .debug_ranges  0x0000000000000068       0x30 ./output/IntQueueTimer.o
 .debug_ranges  0x0000000000000098       0x50 ./output/heap_4.o
 .debug_ranges  0x00000000000000e8       0x30 ./output/list.o
 .debug_ranges  0x0000000000000118       0x68 ./output/port.o
 .debug_ranges  0x0000000000000180       0x48 ./output/printf-stdarg.o
 .debug_ranges  0x00000000000001c8      0x160 ./output/queue.o
 .debug_ranges  0x0000000000000328       0x28 ./output/startup_gcc.o
 .debug_ranges  0x0000000000000350      0x1f0 ./output/tasks.o
 .debug_ranges  0x0000000000000540       0xe0 ./output/timers.o
 .debug_ranges  0x0000000000000620       0x70 ./output/main.o

.debug_macro    0x0000000000000000     0x2fa7
 .debug_macro   0x0000000000000000      0x1fa ./output/IntQueue.o
 .debug_macro   0x00000000000001fa       0x10 ./output/IntQueue.o
 .debug_macro   0x000000000000020a       0x35 ./output/IntQueue.o
 .debug_macro   0x000000000000023f       0xfc ./output/IntQueueTimer.o
 .debug_macro   0x000000000000033b       0x22 ./output/IntQueueTimer.o
 .debug_macro   0x000000000000035d       0x1c ./output/IntQueueTimer.o
 .debug_macro   0x0000000000000379       0x22 ./output/IntQueueTimer.o
 .debug_macro   0x000000000000039b       0xd6 ./output/IntQueueTimer.o
 .debug_macro   0x0000000000000471      0xe2d ./output/IntQueueTimer.o
 .debug_macro   0x000000000000129e      0x11f ./output/IntQueueTimer.o
 .debug_macro   0x00000000000013bd      0x7b3 ./output/IntQueueTimer.o
 .debug_macro   0x0000000000001b70      0x4a6 ./output/IntQueueTimer.o
 .debug_macro   0x0000000000002016      0x1f1 ./output/heap_4.o
 .debug_macro   0x0000000000002207      0x175 ./output/list.o
 .debug_macro   0x000000000000237c      0x144 ./output/port.o
 .debug_macro   0x00000000000024c0       0x3e ./output/printf-stdarg.o
 .debug_macro   0x00000000000024fe       0x58 ./output/printf-stdarg.o
 .debug_macro   0x0000000000002556      0x207 ./output/queue.o
 .debug_macro   0x000000000000275d      0x1bb ./output/startup_gcc.o
 .debug_macro   0x0000000000002918      0x256 ./output/tasks.o
 .debug_macro   0x0000000000002b6e       0x16 ./output/tasks.o
 .debug_macro   0x0000000000002b84      0x1c4 ./output/timers.o
 .debug_macro   0x0000000000002d48      0x25f ./output/main.o

.debug_line     0x0000000000000000     0x5735
 .debug_line    0x0000000000000000      0x802 ./output/IntQueue.o
 .debug_line    0x0000000000000802      0x2b2 ./output/IntQueueTimer.o
 .debug_line    0x0000000000000ab4      0x5fc ./output/heap_4.o
 .debug_line    0x00000000000010b0      0x3bc ./output/list.o
 .debug_line    0x000000000000146c      0x389 ./output/port.o
 .debug_line    0x00000000000017f5      0x3f6 ./output/printf-stdarg.o
 .debug_line    0x0000000000001beb     0x12b6 ./output/queue.o
 .debug_line    0x0000000000002ea1      0x2f5 ./output/startup_gcc.o
 .debug_line    0x0000000000003196     0x17d3 ./output/tasks.o
 .debug_line    0x0000000000004969      0x8b4 ./output/timers.o
 .debug_line    0x000000000000521d      0x518 ./output/main.o

.debug_str      0x0000000000000000    0x1d62c
 .debug_str     0x0000000000000000     0xc6c8 ./output/IntQueue.o
                                       0xc909 (size before relaxing)
 .debug_str     0x000000000000c6c8     0xb476 ./output/IntQueueTimer.o
                                      0x1211c (size before relaxing)
 .debug_str     0x0000000000017b3e      0x6f5 ./output/heap_4.o
                                       0xbc32 (size before relaxing)
 .debug_str     0x0000000000018233       0xfe ./output/list.o
                                       0xa4e8 (size before relaxing)
 .debug_str     0x0000000000018331      0x77f ./output/port.o
                                       0x9180 (size before relaxing)
 .debug_str     0x0000000000018ab0      0x23c ./output/printf-stdarg.o
                                       0x2eff (size before relaxing)
 .debug_str     0x0000000000018cec      0xc52 ./output/queue.o
                                       0xcc9a (size before relaxing)
 .debug_str     0x000000000001993e     0x15e2 ./output/startup_gcc.o
                                       0x7c14 (size before relaxing)
 .debug_str     0x000000000001af20     0x1d65 ./output/tasks.o
                                       0xd6b9 (size before relaxing)
 .debug_str     0x000000000001cc85      0x63e ./output/timers.o
                                       0xcf55 (size before relaxing)
 .debug_str     0x000000000001d2c3      0x369 ./output/main.o
                                       0xcb59 (size before relaxing)

.comment        0x0000000000000000       0x49
 .comment       0x0000000000000000       0x49 ./output/IntQueue.o
                                         0x4a (size before relaxing)
 .comment       0x0000000000000049       0x4a ./output/IntQueueTimer.o
 .comment       0x0000000000000049       0x4a ./output/heap_4.o
 .comment       0x0000000000000049       0x4a ./output/list.o
 .comment       0x0000000000000049       0x4a ./output/port.o
 .comment       0x0000000000000049       0x4a ./output/printf-stdarg.o
 .comment       0x0000000000000049       0x4a ./output/queue.o
 .comment       0x0000000000000049       0x4a ./output/startup_gcc.o
 .comment       0x0000000000000049       0x4a ./output/tasks.o
 .comment       0x0000000000000049       0x4a ./output/timers.o
 .comment       0x0000000000000049       0x4a ./output/main.o

.ARM.attributes
                0x0000000000000000       0x2b
 .ARM.attributes
                0x0000000000000000       0x2d ./output/IntQueue.o
 .ARM.attributes
                0x000000000000002d       0x2d ./output/IntQueueTimer.o
 .ARM.attributes
                0x000000000000005a       0x2d ./output/heap_4.o
 .ARM.attributes
                0x0000000000000087       0x2d ./output/list.o
 .ARM.attributes
                0x00000000000000b4       0x2d ./output/port.o
 .ARM.attributes
                0x00000000000000e1       0x2d ./output/printf-stdarg.o
 .ARM.attributes
                0x000000000000010e       0x2d ./output/queue.o
 .ARM.attributes
                0x000000000000013b       0x2d ./output/startup_gcc.o
 .ARM.attributes
                0x0000000000000168       0x2d ./output/tasks.o
 .ARM.attributes
                0x0000000000000195       0x2d ./output/timers.o
 .ARM.attributes
                0x00000000000001c2       0x2d ./output/main.o
 .ARM.attributes
                0x00000000000001ef       0x2d /Applications/ARM/bin/../lib/gcc/arm-none-eabi/10.3.1/../../../../arm-none-eabi/lib/thumb/v7-m/nofp/libg_nano.a(lib_a-fflush.o)
 .ARM.attributes
                0x000000000000021c       0x2d /Applications/ARM/bin/../lib/gcc/arm-none-eabi/10.3.1/../../../../arm-none-eabi/lib/thumb/v7-m/nofp/libg_nano.a(lib_a-findfp.o)
 .ARM.attributes
                0x0000000000000249       0x2d /Applications/ARM/bin/../lib/gcc/arm-none-eabi/10.3.1/../../../../arm-none-eabi/lib/thumb/v7-m/nofp/libg_nano.a(lib_a-fwalk.o)
 .ARM.attributes
                0x0000000000000276       0x2d /Applications/ARM/bin/../lib/gcc/arm-none-eabi/10.3.1/../../../../arm-none-eabi/lib/thumb/v7-m/nofp/libg_nano.a(lib_a-impure.o)
 .ARM.attributes
                0x00000000000002a3       0x2d /Applications/ARM/bin/../lib/gcc/arm-none-eabi/10.3.1/../../../../arm-none-eabi/lib/thumb/v7-m/nofp/libg_nano.a(lib_a-lock.o)
 .ARM.attributes
                0x00000000000002d0       0x2d /Applications/ARM/bin/../lib/gcc/arm-none-eabi/10.3.1/../../../../arm-none-eabi/lib/thumb/v7-m/nofp/libg_nano.a(lib_a-memcpy-stub.o)
 .ARM.attributes
                0x00000000000002fd       0x2d /Applications/ARM/bin/../lib/gcc/arm-none-eabi/10.3.1/../../../../arm-none-eabi/lib/thumb/v7-m/nofp/libg_nano.a(lib_a-memset.o)
 .ARM.attributes
                0x000000000000032a       0x2d /Applications/ARM/bin/../lib/gcc/arm-none-eabi/10.3.1/../../../../arm-none-eabi/lib/thumb/v7-m/nofp/libg_nano.a(lib_a-nano-freer.o)
 .ARM.attributes
                0x0000000000000357       0x2d /Applications/ARM/bin/../lib/gcc/arm-none-eabi/10.3.1/../../../../arm-none-eabi/lib/thumb/v7-m/nofp/libg_nano.a(lib_a-nano-mallocr.o)
 .ARM.attributes
                0x0000000000000384       0x2d /Applications/ARM/bin/../lib/gcc/arm-none-eabi/10.3.1/../../../../arm-none-eabi/lib/thumb/v7-m/nofp/libg_nano.a(lib_a-sbrkr.o)
 .ARM.attributes
                0x00000000000003b1       0x2d /Applications/ARM/bin/../lib/gcc/arm-none-eabi/10.3.1/../../../../arm-none-eabi/lib/thumb/v7-m/nofp/libg_nano.a(lib_a-stdio.o)
 .ARM.attributes
                0x00000000000003de       0x2d /Applications/ARM/bin/../lib/gcc/arm-none-eabi/10.3.1/../../../../arm-none-eabi/lib/thumb/v7-m/nofp/libg_nano.a(lib_a-writer.o)
 .ARM.attributes
                0x000000000000040b       0x2d /Applications/ARM/bin/../lib/gcc/arm-none-eabi/10.3.1/../../../../arm-none-eabi/lib/thumb/v7-m/nofp/libg_nano.a(lib_a-closer.o)
 .ARM.attributes
                0x0000000000000438       0x2d /Applications/ARM/bin/../lib/gcc/arm-none-eabi/10.3.1/../../../../arm-none-eabi/lib/thumb/v7-m/nofp/libg_nano.a(lib_a-lseekr.o)
 .ARM.attributes
                0x0000000000000465       0x2d /Applications/ARM/bin/../lib/gcc/arm-none-eabi/10.3.1/../../../../arm-none-eabi/lib/thumb/v7-m/nofp/libg_nano.a(lib_a-mlock.o)
 .ARM.attributes
                0x0000000000000492       0x2d /Applications/ARM/bin/../lib/gcc/arm-none-eabi/10.3.1/../../../../arm-none-eabi/lib/thumb/v7-m/nofp/libg_nano.a(lib_a-readr.o)
 .ARM.attributes
                0x00000000000004bf       0x2d /Applications/ARM/bin/../lib/gcc/arm-none-eabi/10.3.1/../../../../arm-none-eabi/lib/thumb/v7-m/nofp/libg_nano.a(lib_a-reent.o)
 .ARM.attributes
                0x00000000000004ec       0x2d /Applications/ARM/bin/../lib/gcc/arm-none-eabi/10.3.1/../../../../arm-none-eabi/lib/thumb/v7-m/nofp/librdimon_nano.a(rdimon-syscalls.o)
 .ARM.attributes
                0x0000000000000519       0x2d /Applications/ARM/bin/../lib/gcc/arm-none-eabi/10.3.1/../../../../arm-none-eabi/lib/thumb/v7-m/nofp/libc_nano.a(lib_a-errno.o)

.debug_frame    0x0000000000000000     0x25ac
 .debug_frame   0x0000000000000000      0x1ac ./output/IntQueue.o
 .debug_frame   0x00000000000001ac       0xb4 ./output/IntQueueTimer.o
 .debug_frame   0x0000000000000260      0x150 ./output/heap_4.o
 .debug_frame   0x00000000000003b0       0xd8 ./output/list.o
 .debug_frame   0x0000000000000488      0x17c ./output/port.o
 .debug_frame   0x0000000000000604      0x194 ./output/printf-stdarg.o
 .debug_frame   0x0000000000000798      0x630 ./output/queue.o
 .debug_frame   0x0000000000000dc8       0x6c ./output/startup_gcc.o
 .debug_frame   0x0000000000000e34      0x8b0 ./output/tasks.o
 .debug_frame   0x00000000000016e4      0x3d4 ./output/timers.o
 .debug_frame   0x0000000000001ab8      0x1d4 ./output/main.o
 .debug_frame   0x0000000000001c8c       0x5c /Applications/ARM/bin/../lib/gcc/arm-none-eabi/10.3.1/../../../../arm-none-eabi/lib/thumb/v7-m/nofp/libg_nano.a(lib_a-fflush.o)
 .debug_frame   0x0000000000001ce8      0x14c /Applications/ARM/bin/../lib/gcc/arm-none-eabi/10.3.1/../../../../arm-none-eabi/lib/thumb/v7-m/nofp/libg_nano.a(lib_a-findfp.o)
 .debug_frame   0x0000000000001e34       0x54 /Applications/ARM/bin/../lib/gcc/arm-none-eabi/10.3.1/../../../../arm-none-eabi/lib/thumb/v7-m/nofp/libg_nano.a(lib_a-fwalk.o)
 .debug_frame   0x0000000000001e88       0xb0 /Applications/ARM/bin/../lib/gcc/arm-none-eabi/10.3.1/../../../../arm-none-eabi/lib/thumb/v7-m/nofp/libg_nano.a(lib_a-lock.o)
 .debug_frame   0x0000000000001f38       0x28 /Applications/ARM/bin/../lib/gcc/arm-none-eabi/10.3.1/../../../../arm-none-eabi/lib/thumb/v7-m/nofp/libg_nano.a(lib_a-memcpy-stub.o)
 .debug_frame   0x0000000000001f60       0x20 /Applications/ARM/bin/../lib/gcc/arm-none-eabi/10.3.1/../../../../arm-none-eabi/lib/thumb/v7-m/nofp/libg_nano.a(lib_a-memset.o)
 .debug_frame   0x0000000000001f80       0x38 /Applications/ARM/bin/../lib/gcc/arm-none-eabi/10.3.1/../../../../arm-none-eabi/lib/thumb/v7-m/nofp/libg_nano.a(lib_a-nano-freer.o)
 .debug_frame   0x0000000000001fb8       0x4c /Applications/ARM/bin/../lib/gcc/arm-none-eabi/10.3.1/../../../../arm-none-eabi/lib/thumb/v7-m/nofp/libg_nano.a(lib_a-nano-mallocr.o)
 .debug_frame   0x0000000000002004       0x2c /Applications/ARM/bin/../lib/gcc/arm-none-eabi/10.3.1/../../../../arm-none-eabi/lib/thumb/v7-m/nofp/libg_nano.a(lib_a-sbrkr.o)
 .debug_frame   0x0000000000002030       0x88 /Applications/ARM/bin/../lib/gcc/arm-none-eabi/10.3.1/../../../../arm-none-eabi/lib/thumb/v7-m/nofp/libg_nano.a(lib_a-stdio.o)
 .debug_frame   0x00000000000020b8       0x2c /Applications/ARM/bin/../lib/gcc/arm-none-eabi/10.3.1/../../../../arm-none-eabi/lib/thumb/v7-m/nofp/libg_nano.a(lib_a-writer.o)
 .debug_frame   0x00000000000020e4       0x2c /Applications/ARM/bin/../lib/gcc/arm-none-eabi/10.3.1/../../../../arm-none-eabi/lib/thumb/v7-m/nofp/libg_nano.a(lib_a-closer.o)
 .debug_frame   0x0000000000002110       0x2c /Applications/ARM/bin/../lib/gcc/arm-none-eabi/10.3.1/../../../../arm-none-eabi/lib/thumb/v7-m/nofp/libg_nano.a(lib_a-lseekr.o)
 .debug_frame   0x000000000000213c       0x30 /Applications/ARM/bin/../lib/gcc/arm-none-eabi/10.3.1/../../../../arm-none-eabi/lib/thumb/v7-m/nofp/libg_nano.a(lib_a-mlock.o)
 .debug_frame   0x000000000000216c       0x2c /Applications/ARM/bin/../lib/gcc/arm-none-eabi/10.3.1/../../../../arm-none-eabi/lib/thumb/v7-m/nofp/libg_nano.a(lib_a-readr.o)
 .debug_frame   0x0000000000002198       0x5c /Applications/ARM/bin/../lib/gcc/arm-none-eabi/10.3.1/../../../../arm-none-eabi/lib/thumb/v7-m/nofp/libg_nano.a(lib_a-reent.o)
 .debug_frame   0x00000000000021f4      0x398 /Applications/ARM/bin/../lib/gcc/arm-none-eabi/10.3.1/../../../../arm-none-eabi/lib/thumb/v7-m/nofp/librdimon_nano.a(rdimon-syscalls.o)
 .debug_frame   0x000000000000258c       0x20 /Applications/ARM/bin/../lib/gcc/arm-none-eabi/10.3.1/../../../../arm-none-eabi/lib/thumb/v7-m/nofp/libc_nano.a(lib_a-errno.o)
