Archive member included to satisfy reference by file (symbol)

/usr/lib/gcc/arm-none-eabi/13.1.0/../../../../arm-none-eabi/lib/thumb/v7-m/nofp/libg_nano.a(libc_a-fflush.o)
                              ./output/startup_gcc.o (fflush)
/usr/lib/gcc/arm-none-eabi/13.1.0/../../../../arm-none-eabi/lib/thumb/v7-m/nofp/libg_nano.a(libc_a-findfp.o)
                              /usr/lib/gcc/arm-none-eabi/13.1.0/../../../../arm-none-eabi/lib/thumb/v7-m/nofp/libg_nano.a(libc_a-fflush.o) (__sglue)
/usr/lib/gcc/arm-none-eabi/13.1.0/../../../../arm-none-eabi/lib/thumb/v7-m/nofp/libg_nano.a(libc_a-fwalk.o)
                              /usr/lib/gcc/arm-none-eabi/13.1.0/../../../../arm-none-eabi/lib/thumb/v7-m/nofp/libg_nano.a(libc_a-fflush.o) (_fwalk_sglue)
/usr/lib/gcc/arm-none-eabi/13.1.0/../../../../arm-none-eabi/lib/thumb/v7-m/nofp/libg_nano.a(libc_a-stdio.o)
                              /usr/lib/gcc/arm-none-eabi/13.1.0/../../../../arm-none-eabi/lib/thumb/v7-m/nofp/libg_nano.a(libc_a-findfp.o) (__sread)
/usr/lib/gcc/arm-none-eabi/13.1.0/../../../../arm-none-eabi/lib/thumb/v7-m/nofp/libg_nano.a(libc_a-memcmp.o)
                              ./output/MessageBufferDemo.o (memcmp)
/usr/lib/gcc/arm-none-eabi/13.1.0/../../../../arm-none-eabi/lib/thumb/v7-m/nofp/libg_nano.a(libc_a-memset.o)
                              ./output/heap_4.o (memset)
/usr/lib/gcc/arm-none-eabi/13.1.0/../../../../arm-none-eabi/lib/thumb/v7-m/nofp/libg_nano.a(libc_a-closer.o)
                              /usr/lib/gcc/arm-none-eabi/13.1.0/../../../../arm-none-eabi/lib/thumb/v7-m/nofp/libg_nano.a(libc_a-stdio.o) (_close_r)
/usr/lib/gcc/arm-none-eabi/13.1.0/../../../../arm-none-eabi/lib/thumb/v7-m/nofp/libg_nano.a(libc_a-reent.o)
                              /usr/lib/gcc/arm-none-eabi/13.1.0/../../../../arm-none-eabi/lib/thumb/v7-m/nofp/libg_nano.a(libc_a-closer.o) (errno)
/usr/lib/gcc/arm-none-eabi/13.1.0/../../../../arm-none-eabi/lib/thumb/v7-m/nofp/libg_nano.a(libc_a-impure.o)
                              ./output/startup_gcc.o (_impure_ptr)
/usr/lib/gcc/arm-none-eabi/13.1.0/../../../../arm-none-eabi/lib/thumb/v7-m/nofp/libg_nano.a(libc_a-lseekr.o)
                              /usr/lib/gcc/arm-none-eabi/13.1.0/../../../../arm-none-eabi/lib/thumb/v7-m/nofp/libg_nano.a(libc_a-stdio.o) (_lseek_r)
/usr/lib/gcc/arm-none-eabi/13.1.0/../../../../arm-none-eabi/lib/thumb/v7-m/nofp/libg_nano.a(libc_a-readr.o)
                              /usr/lib/gcc/arm-none-eabi/13.1.0/../../../../arm-none-eabi/lib/thumb/v7-m/nofp/libg_nano.a(libc_a-stdio.o) (_read_r)
/usr/lib/gcc/arm-none-eabi/13.1.0/../../../../arm-none-eabi/lib/thumb/v7-m/nofp/libg_nano.a(libc_a-writer.o)
                              /usr/lib/gcc/arm-none-eabi/13.1.0/../../../../arm-none-eabi/lib/thumb/v7-m/nofp/libg_nano.a(libc_a-stdio.o) (_write_r)
/usr/lib/gcc/arm-none-eabi/13.1.0/../../../../arm-none-eabi/lib/thumb/v7-m/nofp/libg_nano.a(libc_a-lock.o)
                              /usr/lib/gcc/arm-none-eabi/13.1.0/../../../../arm-none-eabi/lib/thumb/v7-m/nofp/libg_nano.a(libc_a-findfp.o) (__retarget_lock_init_recursive)
/usr/lib/gcc/arm-none-eabi/13.1.0/../../../../arm-none-eabi/lib/thumb/v7-m/nofp/libg_nano.a(libc_a-strcmp.o)
                              ./output/MessageBufferAMP.o (strcmp)
/usr/lib/gcc/arm-none-eabi/13.1.0/../../../../arm-none-eabi/lib/thumb/v7-m/nofp/libg_nano.a(libc_a-strcpy.o)
                              ./output/tasks.o (strcpy)
/usr/lib/gcc/arm-none-eabi/13.1.0/../../../../arm-none-eabi/lib/thumb/v7-m/nofp/libg_nano.a(libc_a-memcpy-stub.o)
                              ./output/queue.o (memcpy)
/usr/lib/gcc/arm-none-eabi/13.1.0/../../../../arm-none-eabi/lib/thumb/v7-m/nofp/libg_nano.a(libc_a-strlen.o)
                              ./output/MessageBufferAMP.o (strlen)
/usr/lib/gcc/arm-none-eabi/13.1.0/../../../../arm-none-eabi/lib/thumb/v7-m/nofp/libg_nano.a(libc_a-freer.o)
                              /usr/lib/gcc/arm-none-eabi/13.1.0/../../../../arm-none-eabi/lib/thumb/v7-m/nofp/libg_nano.a(libc_a-fflush.o) (_free_r)
/usr/lib/gcc/arm-none-eabi/13.1.0/../../../../arm-none-eabi/lib/thumb/v7-m/nofp/libg_nano.a(libc_a-mallocr.o)
                              /usr/lib/gcc/arm-none-eabi/13.1.0/../../../../arm-none-eabi/lib/thumb/v7-m/nofp/libg_nano.a(libc_a-findfp.o) (_malloc_r)
/usr/lib/gcc/arm-none-eabi/13.1.0/../../../../arm-none-eabi/lib/thumb/v7-m/nofp/libg_nano.a(libc_a-mlock.o)
                              /usr/lib/gcc/arm-none-eabi/13.1.0/../../../../arm-none-eabi/lib/thumb/v7-m/nofp/libg_nano.a(libc_a-freer.o) (__malloc_lock)
/usr/lib/gcc/arm-none-eabi/13.1.0/../../../../arm-none-eabi/lib/thumb/v7-m/nofp/libg_nano.a(libc_a-sbrkr.o)
                              /usr/lib/gcc/arm-none-eabi/13.1.0/../../../../arm-none-eabi/lib/thumb/v7-m/nofp/libg_nano.a(libc_a-mallocr.o) (_sbrk_r)
/usr/lib/gcc/arm-none-eabi/13.1.0/../../../../arm-none-eabi/lib/thumb/v7-m/nofp/librdimon_nano.a(arm_librdimon_a-syscalls.o)
[...]
Memory Configuration

Name             Origin             Length             Attributes
FLASH            0x00000000         0x00400000         xr
RAM              0x20000000         0x00400000         rw
*default*        0x00000000         0xffffffff

Linker script and memory map

LOAD ./output/AbortDelay.o
LOAD ./output/BlockQ.o
LOAD ./output/blocktim.o
LOAD ./output/countsem.o
LOAD ./output/croutine.o
LOAD ./output/death.o
LOAD ./output/dynamic.o
LOAD ./output/event_groups.o
LOAD ./output/EventGroupsDemo.o
LOAD ./output/GenQTest.o
LOAD ./output/heap_4.o
LOAD ./output/integer.o
LOAD ./output/IntQueue.o
LOAD ./output/IntQueueTimer.o
LOAD ./output/IntSemTest.o
LOAD ./output/list.o
LOAD ./output/MessageBufferAMP.o
LOAD ./output/MessageBufferDemo.o
LOAD ./output/PollQ.o
LOAD ./output/port.o
LOAD ./output/printf-stdarg.o
LOAD ./output/QPeek.o
LOAD ./output/queue.o
LOAD ./output/QueueOverwrite.o
LOAD ./output/QueueSet.o
LOAD ./output/QueueSetPolling.o
LOAD ./output/recmutex.o
LOAD ./output/semtest.o
LOAD ./output/startup_gcc.o
LOAD ./output/StaticAllocation.o
LOAD ./output/stream_buffer.o
LOAD ./output/StreamBufferDemo.o
LOAD ./output/StreamBufferInterrupt.o
LOAD ./output/TaskNotifyArray.o
LOAD ./output/TaskNotify.o
LOAD ./output/tasks.o
LOAD ./output/TimerDemo.o
LOAD ./output/timers.o
LOAD ./output/main.o
                0x00000008                        _Min_Heap_Size = 0x8
                0x00000400                        _Min_Stack_Size = 0x400
                0x20400000                        _estack = (ORIGIN (RAM) + LENGTH (RAM))

.isr_vector     0x00000000       0x78
                0x00000000                        __vector_table = .
 *(.isr_vector)
 .isr_vector    0x00000000       0x78 ./output/startup_gcc.o
                0x00000000                isr_vector
                0x00000078                        . = ALIGN (0x4)

.text           0x00000078      0x27d
 *(.text)
 .text          0x00000078       0x14 /usr/lib/gcc/arm-none-eabi/13.1.0/../../../../arm-none-eabi/lib/thumb/v7-m/nofp/libg_nano.a(libc_a-strcmp.o)
                0x00000078                strcmp
 .text          0x0000008c       0x10 /usr/lib/gcc/arm-none-eabi/13.1.0/../../../../arm-none-eabi/lib/thumb/v7-m/nofp/libg_nano.a(libc_a-strlen.o)
                0x0000008c                strlen
 *(.rodata*)
 .rodata        0x0000009c       0x10 ./output/heap_4.o
 .rodata        0x000000ac        0xe ./output/port.o
 *fill*         0x000000ba        0x2 
 .rodata        0x000000bc        0x7 ./output/printf-stdarg.o
 *fill*         0x000000c3        0x1 
 .rodata        0x000000c4        0xf ./output/queue.o
 *fill*         0x000000d3        0x1 
 .rodata        0x000000d4       0x36 ./output/startup_gcc.o
 *fill*         0x0000010a        0x2 
 .rodata.uxTopUsedPriority
                0x0000010c        0x4 ./output/tasks.o
                0x0000010c                uxTopUsedPriority
 .rodata        0x00000110       0x40 ./output/tasks.o
 .rodata        0x00000150       0x1d ./output/timers.o
 *fill*         0x0000016d        0x3 
 .rodata        0x00000170      0x185 ./output/main.o
 *(.constdata*)
                0x000002f5                        _etext = .
                0x000002f5                        _sidata = .

.glue_7         0x000002f8        0x0
 .glue_7        0x000002f8        0x0 linker stubs

.glue_7t        0x000002f8        0x0
 .glue_7t       0x000002f8        0x0 linker stubs

.vfp11_veneer   0x000002f8        0x0
 .vfp11_veneer  0x000002f8        0x0 linker stubs

.v4_bx          0x000002f8        0x0
 .v4_bx         0x000002f8        0x0 linker stubs

.text.pvPortMalloc
                0x000002f8      0x168
 .text.pvPortMalloc
                0x000002f8      0x168 ./output/heap_4.o
                0x000002f8                pvPortMalloc

.text.vPortFree
                0x00000460       0x9c
 .text.vPortFree
                0x00000460       0x9c ./output/heap_4.o
                0x00000460                vPortFree

.text.prvHeapInit
                0x000004fc       0xb8
 .text.prvHeapInit
                0x000004fc       0xb8 ./output/heap_4.o

.text.prvInsertBlockIntoFreeList
                0x000005b4       0xb0
 .text.prvInsertBlockIntoFreeList
                0x000005b4       0xb0 ./output/heap_4.o

.iplt           0x00000664        0x0
 .iplt          0x00000664        0x0 ./output/heap_4.o

.text.prvRecordValue_NormallyFull
                0x00000664       0x3c
 .text.prvRecordValue_NormallyFull
                0x00000664       0x3c ./output/IntQueue.o

.text.prvQueueAccessLogError
                0x000006a0       0x28
 .text.prvQueueAccessLogError
                0x000006a0       0x28 ./output/IntQueue.o

.text.xFirstTimerHandler
                0x000006c8      0x1b8
 .text.xFirstTimerHandler
                0x000006c8      0x1b8 ./output/IntQueue.o
                0x000006c8                xFirstTimerHandler

.text.RTOS_AppConfigureTimerForRuntimeStats
                0x00000880       0x18
 .text.RTOS_AppConfigureTimerForRuntimeStats
                0x00000880       0x18 ./output/IntQueueTimer.o
                0x00000880                RTOS_AppConfigureTimerForRuntimeStats

.text.RTOS_AppGetRuntimeCounterValueFromISR
                0x00000898       0x14
 .text.RTOS_AppGetRuntimeCounterValueFromISR
                0x00000898       0x14 ./output/IntQueueTimer.o
                0x00000898                RTOS_AppGetRuntimeCounterValueFromISR

.text.TIMER0_Handler
                0x000008ac       0x24
 .text.TIMER0_Handler
                0x000008ac       0x24 ./output/IntQueueTimer.o
                0x000008ac                TIMER0_Handler

.text.TIMER1_Handler
                0x000008d0       0x48
 .text.TIMER1_Handler
                0x000008d0       0x48 ./output/IntQueueTimer.o
                0x000008d0                TIMER1_Handler

.text.vListInitialise
                0x00000918       0x3e
 .text.vListInitialise
                0x00000918       0x3e ./output/list.o
                0x00000918                vListInitialise

.text.vListInitialiseItem
                0x00000956       0x18
 .text.vListInitialiseItem
                0x00000956       0x18 ./output/list.o
                0x00000956                vListInitialiseItem

.text.vListInsertEnd
                0x0000096e       0x46
 .text.vListInsertEnd
                0x0000096e       0x46 ./output/list.o
                0x0000096e                vListInsertEnd

.text.vListInsert
                0x000009b4       0x70
 .text.vListInsert
                0x000009b4       0x70 ./output/list.o
                0x000009b4                vListInsert

.text.uxListRemove
                0x00000a24       0x52
 .text.uxListRemove
                0x00000a24       0x52 ./output/list.o
                0x00000a24                uxListRemove

.text.pxPortInitialiseStack
                0x00000a78       0x58
 .text.pxPortInitialiseStack
                0x00000a78       0x58 ./output/port.o
                0x00000a78                pxPortInitialiseStack

.text.prvTaskExitError
                0x00000ad0       0x4c
 .text.prvTaskExitError
                0x00000ad0       0x4c ./output/port.o

.text.vPortSVCHandler
                0x00000b20       0x28
 .text.vPortSVCHandler
                0x00000b20       0x28 ./output/port.o
                0x00000b20                vPortSVCHandler

.text.prvPortStartFirstTask
                0x00000b48       0x24
 .text.prvPortStartFirstTask
                0x00000b48       0x24 ./output/port.o

.text.xPortStartScheduler
                0x00000b6c       0xc0
 .text.xPortStartScheduler
                0x00000b6c       0xc0 ./output/port.o
                0x00000b6c                xPortStartScheduler

.text.vPortEnterCritical
                0x00000c2c       0x54
 .text.vPortEnterCritical
                0x00000c2c       0x54 ./output/port.o
                0x00000c2c                vPortEnterCritical

.text.vPortExitCritical
                0x00000c80       0x48
 .text.vPortExitCritical
                0x00000c80       0x48 ./output/port.o
                0x00000c80                vPortExitCritical

.text.xPortPendSVHandler
                0x00000cd0       0x48
 .text.xPortPendSVHandler
                0x00000cd0       0x48 ./output/port.o
                0x00000cd0                xPortPendSVHandler

.text.xPortSysTickHandler
                0x00000d18       0x44
 .text.xPortSysTickHandler
                0x00000d18       0x44 ./output/port.o
                0x00000d18                xPortSysTickHandler

.text.vPortSetupTimerInterrupt
                0x00000d5c       0x34
 .text.vPortSetupTimerInterrupt
                0x00000d5c       0x34 ./output/port.o
                0x00000d5c                vPortSetupTimerInterrupt

.text.vPortValidateInterruptPriority
                0x00000d90       0x68
 .text.vPortValidateInterruptPriority
                0x00000d90       0x68 ./output/port.o
                0x00000d90                vPortValidateInterruptPriority

.text.printchar
                0x00000df8       0x62
 .text.printchar
                0x00000df8       0x62 ./output/printf-stdarg.o

.text.prints    0x00000e5a       0xb6
 .text.prints   0x00000e5a       0xb6 ./output/printf-stdarg.o

.text.printi    0x00000f10       0xe2
 .text.printi   0x00000f10       0xe2 ./output/printf-stdarg.o

.text.tiny_print
                0x00000ff4      0x1fc
 .text.tiny_print
                0x00000ff4      0x1fc ./output/printf-stdarg.o

.text.printf    0x000011f0       0x2a
 .text.printf   0x000011f0       0x2a ./output/printf-stdarg.o
                0x000011f0                printf

.text.sprintf   0x0000121a       0x2c
 .text.sprintf  0x0000121a       0x2c ./output/printf-stdarg.o
                0x0000121a                sprintf

.text.xQueueGenericReset
                0x00001248      0x10c
 .text.xQueueGenericReset
                0x00001248      0x10c ./output/queue.o
                0x00001248                xQueueGenericReset

.text.xQueueGenericCreateStatic
                0x00001354       0x9c
 .text.xQueueGenericCreateStatic
                0x00001354       0x9c ./output/queue.o
                0x00001354                xQueueGenericCreateStatic

.text.xQueueGenericCreate
                0x000013f0       0x9c
 .text.xQueueGenericCreate
                0x000013f0       0x9c ./output/queue.o
                0x000013f0                xQueueGenericCreate

.text.prvInitialiseNewQueue
                0x0000148c       0x4c
 .text.prvInitialiseNewQueue
                0x0000148c       0x4c ./output/queue.o

.text.xQueueGenericSendFromISR
                0x000014d8      0x168
 .text.xQueueGenericSendFromISR
                0x000014d8      0x168 ./output/queue.o
                0x000014d8                xQueueGenericSendFromISR

.text.xQueueReceive
                0x00001640      0x1a0
 .text.xQueueReceive
                0x00001640      0x1a0 ./output/queue.o
                0x00001640                xQueueReceive

.text.xQueueReceiveFromISR
                0x000017e0      0x110
 .text.xQueueReceiveFromISR
                0x000017e0      0x110 ./output/queue.o
                0x000017e0                xQueueReceiveFromISR

.text.prvCopyDataToQueue
                0x000018f0       0xd4
 .text.prvCopyDataToQueue
                0x000018f0       0xd4 ./output/queue.o

.text.prvCopyDataFromQueue
                0x000019c4       0x4c
 .text.prvCopyDataFromQueue
                0x000019c4       0x4c ./output/queue.o

.text.prvUnlockQueue
                0x00001a10       0xbe
 .text.prvUnlockQueue
                0x00001a10       0xbe ./output/queue.o

.text.prvIsQueueEmpty
                0x00001ace       0x2c
 .text.prvIsQueueEmpty
                0x00001ace       0x2c ./output/queue.o

.text.xQueueIsQueueFullFromISR
                0x00001afc       0x40
 .text.xQueueIsQueueFullFromISR
                0x00001afc       0x40 ./output/queue.o
                0x00001afc                xQueueIsQueueFullFromISR

.text.vQueueAddToRegistry
                0x00001b3c       0x90
 .text.vQueueAddToRegistry
                0x00001b3c       0x90 ./output/queue.o
                0x00001b3c                vQueueAddToRegistry

.text.vQueueWaitForMessageRestricted
                0x00001bcc       0x68
 .text.vQueueWaitForMessageRestricted
                0x00001bcc       0x68 ./output/queue.o
                0x00001bcc                vQueueWaitForMessageRestricted

.text.prvNotifyQueueSetContainer
                0x00001c34       0xc0
 .text.prvNotifyQueueSetContainer
                0x00001c34       0xc0 ./output/queue.o

.text.Reset_Handler
                0x00001cf4        0xc
 .text.Reset_Handler
                0x00001cf4        0xc ./output/startup_gcc.o
                0x00001cf4                Reset_Handler

.text.prvGetRegistersFromStack
                0x00001d00       0x88
 .text.prvGetRegistersFromStack
                0x00001d00       0x88 ./output/startup_gcc.o
                0x00001d00                prvGetRegistersFromStack

.text.Default_Handler
                0x00001e00       0x18
 .text.Default_Handler
                0x00001e00       0x18 ./output/startup_gcc.o

.text.HardFault_Handler
                0x00001f00       0x1c
 .text.HardFault_Handler
                0x00001f00       0x1c ./output/startup_gcc.o

.text.xTaskCreateStatic
                0x00001f1c       0xa4
 .text.xTaskCreateStatic
                0x00001f1c       0xa4 ./output/tasks.o
                0x00001f1c                xTaskCreateStatic

.text.xTaskCreate
                0x00001fc0       0x94
 .text.xTaskCreate
                0x00001fc0       0x94 ./output/tasks.o
                0x00001fc0                xTaskCreate

.text.prvInitialiseNewTask
                0x00002054      0x108
 .text.prvInitialiseNewTask
                0x00002054      0x108 ./output/tasks.o

.text.prvAddNewTaskToReadyList
                0x0000215c      0x12c
 .text.prvAddNewTaskToReadyList
                0x0000215c      0x12c ./output/tasks.o

.text.vTaskDelay
                0x00002288       0x60
 .text.vTaskDelay
                0x00002288       0x60 ./output/tasks.o
                0x00002288                vTaskDelay

.text.eTaskGetState
                0x000022e8       0xdc
 .text.eTaskGetState
                0x000022e8       0xdc ./output/tasks.o
                0x000022e8                eTaskGetState

.text.vTaskSuspend
                0x000023c4      0x138
 .text.vTaskSuspend
                0x000023c4      0x138 ./output/tasks.o
                0x000023c4                vTaskSuspend

.text.prvTaskIsTaskSuspended
                0x000024fc       0x58
 .text.prvTaskIsTaskSuspended
                0x000024fc       0x58 ./output/tasks.o

.text.vTaskResume
                0x00002554      0x104
 .text.vTaskResume
                0x00002554      0x104 ./output/tasks.o
                0x00002554                vTaskResume

.text.vTaskStartScheduler
                0x00002658       0xd4
 .text.vTaskStartScheduler
                0x00002658       0xd4 ./output/tasks.o
                0x00002658                vTaskStartScheduler

.text.vTaskSuspendAll
                0x0000272c       0x1c
 .text.vTaskSuspendAll
                0x0000272c       0x1c ./output/tasks.o
                0x0000272c                vTaskSuspendAll

.text.xTaskResumeAll
                0x00002748      0x1f0
 .text.xTaskResumeAll
                0x00002748      0x1f0 ./output/tasks.o
                0x00002748                xTaskResumeAll

.text.xTaskGetTickCount
                0x00002938       0x1c
 .text.xTaskGetTickCount
                0x00002938       0x1c ./output/tasks.o
                0x00002938                xTaskGetTickCount

.text.uxTaskGetNumberOfTasks
                0x00002954       0x14
 .text.uxTaskGetNumberOfTasks
                0x00002954       0x14 ./output/tasks.o
                0x00002954                uxTaskGetNumberOfTasks

.text.uxTaskGetSystemState
                0x00002968      0x120
 .text.uxTaskGetSystemState
                0x00002968      0x120 ./output/tasks.o
                0x00002968                uxTaskGetSystemState

.text.xTaskIncrementTick
                0x00002a88      0x234
 .text.xTaskIncrementTick
                0x00002a88      0x234 ./output/tasks.o
                0x00002a88                xTaskIncrementTick

.text.vTaskSwitchContext
                0x00002cbc      0x134
 .text.vTaskSwitchContext
                0x00002cbc      0x134 ./output/tasks.o
                0x00002cbc                vTaskSwitchContext

.text.vTaskPlaceOnEventList
                0x00002df0       0x40
 .text.vTaskPlaceOnEventList
                0x00002df0       0x40 ./output/tasks.o
                0x00002df0                vTaskPlaceOnEventList

.text.vTaskPlaceOnEventListRestricted
                0x00002e30       0x84
 .text.vTaskPlaceOnEventListRestricted
                0x00002e30       0x84 ./output/tasks.o
                0x00002e30                vTaskPlaceOnEventListRestricted

.text.xTaskRemoveFromEventList
                0x00002eb4      0x1a0
 .text.xTaskRemoveFromEventList
                0x00002eb4      0x1a0 ./output/tasks.o
                0x00002eb4                xTaskRemoveFromEventList

.text.vTaskInternalSetTimeOutState
                0x00003054       0x2c
 .text.vTaskInternalSetTimeOutState
                0x00003054       0x2c ./output/tasks.o
                0x00003054                vTaskInternalSetTimeOutState

.text.xTaskCheckForTimeOut
                0x00003080       0xd8
 .text.xTaskCheckForTimeOut
                0x00003080       0xd8 ./output/tasks.o
                0x00003080                xTaskCheckForTimeOut

.text.vTaskMissedYield
                0x00003158       0x18
 .text.vTaskMissedYield
                0x00003158       0x18 ./output/tasks.o
                0x00003158                vTaskMissedYield

.text.prvIdleTask
                0x00003170        0xe
 .text.prvIdleTask
                0x00003170        0xe ./output/tasks.o

.text.prvInitialiseTaskLists
                0x00003180       0x80
 .text.prvInitialiseTaskLists
                0x00003180       0x80 ./output/tasks.o

.text.prvCheckTasksWaitingTermination
                0x00003200       0x5c
 .text.prvCheckTasksWaitingTermination
                0x00003200       0x5c ./output/tasks.o

.text.vTaskGetInfo
                0x0000325c       0xcc
 .text.vTaskGetInfo
                0x0000325c       0xcc ./output/tasks.o
                0x0000325c                vTaskGetInfo

.text.prvListTasksWithinSingleList
                0x00003328       0xa4
 .text.prvListTasksWithinSingleList
                0x00003328       0xa4 ./output/tasks.o

.text.prvTaskCheckFreeStackSpace
                0x000033cc       0x36
 .text.prvTaskCheckFreeStackSpace
                0x000033cc       0x36 ./output/tasks.o

.text.prvDeleteTCB
                0x00003404       0x58
 .text.prvDeleteTCB
                0x00003404       0x58 ./output/tasks.o

.text.prvResetNextTaskUnblockTime
                0x0000345c       0x34
 .text.prvResetNextTaskUnblockTime
                0x0000345c       0x34 ./output/tasks.o

.text.xTaskGetSchedulerState
                0x00003490       0x3c
 .text.xTaskGetSchedulerState
                0x00003490       0x3c ./output/tasks.o
                0x00003490                xTaskGetSchedulerState

.text.xTaskPriorityDisinherit
                0x000034cc      0x130
 .text.xTaskPriorityDisinherit
                0x000034cc      0x130 ./output/tasks.o
                0x000034cc                xTaskPriorityDisinherit

.text.prvWriteNameToBuffer
                0x000035fc       0x4a
 .text.prvWriteNameToBuffer
                0x000035fc       0x4a ./output/tasks.o

.text.vTaskGetRunTimeStats
                0x00003648      0x108
 .text.vTaskGetRunTimeStats
                0x00003648      0x108 ./output/tasks.o
                0x00003648                vTaskGetRunTimeStats

.text.prvAddCurrentTaskToDelayedList
                0x00003750      0x108
 .text.prvAddCurrentTaskToDelayedList
                0x00003750      0x108 ./output/tasks.o

.text.xTimerCreateTimerTask
                0x00003858       0x88
 .text.xTimerCreateTimerTask
                0x00003858       0x88 ./output/timers.o
                0x00003858                xTimerCreateTimerTask

.text.prvReloadTimer
                0x000038e0       0x42
 .text.prvReloadTimer
                0x000038e0       0x42 ./output/timers.o

.text.prvProcessExpiredTimer
                0x00003924       0x60
 .text.prvProcessExpiredTimer
                0x00003924       0x60 ./output/timers.o

.text.prvTimerTask
                0x00003984       0x26
 .text.prvTimerTask
                0x00003984       0x26 ./output/timers.o

.text.prvProcessTimerOrBlockTask
                0x000039ac       0x9c
 .text.prvProcessTimerOrBlockTask
                0x000039ac       0x9c ./output/timers.o

.text.prvGetNextExpireTime
                0x00003a48       0x44
 .text.prvGetNextExpireTime
                0x00003a48       0x44 ./output/timers.o

.text.prvSampleTimeNow
                0x00003a8c       0x40
 .text.prvSampleTimeNow
                0x00003a8c       0x40 ./output/timers.o

.text.prvInsertTimerInActiveList
                0x00003acc       0x84
 .text.prvInsertTimerInActiveList
                0x00003acc       0x84 ./output/timers.o

.text.prvProcessReceivedCommands
                0x00003b50      0x1a4
 .text.prvProcessReceivedCommands
                0x00003b50      0x1a4 ./output/timers.o

.text.prvSwitchTimerLists
                0x00003cf4       0x4c
 .text.prvSwitchTimerLists
                0x00003cf4       0x4c ./output/timers.o

.text.prvCheckForValidListAndQueue
                0x00003d40       0x80
 .text.prvCheckForValidListAndQueue
                0x00003d40       0x80 ./output/timers.o

.text.__NVIC_EnableIRQ
                0x00003dc0       0x38
 .text.__NVIC_EnableIRQ
                0x00003dc0       0x38 ./output/main.o

.text.__NVIC_SetPriority
                0x00003df8       0x54
 .text.__NVIC_SetPriority
                0x00003df8       0x54 ./output/main.o

.text.main      0x00003e4c       0x60
 .text.main     0x00003e4c       0x60 ./output/main.o
                0x00003e4c                main

.text.vApplicationMallocFailedHook
                0x00003eac       0x28
 .text.vApplicationMallocFailedHook
                0x00003eac       0x28 ./output/main.o
                0x00003eac                vApplicationMallocFailedHook

.text.vApplicationStackOverflowHook
                0x00003ed4       0x30
 .text.vApplicationStackOverflowHook
                0x00003ed4       0x30 ./output/main.o
                0x00003ed4                vApplicationStackOverflowHook

.text.vApplicationTickHook
                0x00003f04        0xc
 .text.vApplicationTickHook
                0x00003f04        0xc ./output/main.o
                0x00003f04                vApplicationTickHook

.text.vAssertCalled
                0x00003f10       0x3c
 .text.vAssertCalled
                0x00003f10       0x3c ./output/main.o
                0x00003f10                vAssertCalled

.text.vApplicationGetIdleTaskMemory
                0x00003f4c       0x30
 .text.vApplicationGetIdleTaskMemory
                0x00003f4c       0x30 ./output/main.o
                0x00003f4c                vApplicationGetIdleTaskMemory

.text.vApplicationGetTimerTaskMemory
                0x00003f7c       0x30
 .text.vApplicationGetTimerTaskMemory
                0x00003f7c       0x30 ./output/main.o
                0x00003f7c                vApplicationGetTimerTaskMemory

.text.prvUARTInit
                0x00003fac       0x40
 .text.prvUARTInit
                0x00003fac       0x40 ./output/main.o

.text.UART0RX_Handler
                0x00003fec       0x3c
 .text.UART0RX_Handler
                0x00003fec       0x3c ./output/main.o
                0x00003fec                UART0RX_Handler

.text.initializeLED
                0x00004028       0x18
 .text.initializeLED
                0x00004028       0x18 ./output/main.o
                0x00004028                initializeLED

.text.initializeTimer0
                0x00004040       0x2e
 .text.initializeTimer0
                0x00004040       0x2e ./output/main.o

.text.Switch_Led_On
                0x00004070       0x34
 .text.Switch_Led_On
                0x00004070       0x34 ./output/main.o
                0x00004070                Switch_Led_On

.text.Switch_Led_Off
                0x000040a4       0x38
 .text.Switch_Led_Off
                0x000040a4       0x38 ./output/main.o
                0x000040a4                Switch_Led_Off

.text.Switch_All_Led_On
                0x000040dc       0x1c
 .text.Switch_All_Led_On
                0x000040dc       0x1c ./output/main.o
                0x000040dc                Switch_All_Led_On

.text.Switch_All_Led_Off
                0x000040f8       0x1c
 .text.Switch_All_Led_Off
                0x000040f8       0x1c ./output/main.o
                0x000040f8                Switch_All_Led_Off

.text.printLEDs
                0x00004114       0x70
 .text.printLEDs
                0x00004114       0x70 ./output/main.o
                0x00004114                printLEDs

.text.LEDKnightRider
                0x00004184       0x60
 .text.LEDKnightRider
                0x00004184       0x60 ./output/main.o
                0x00004184                LEDKnightRider

.text.LEDConstantBlink
                0x000041e4       0x3e
 .text.LEDConstantBlink
                0x000041e4       0x3e ./output/main.o
                0x000041e4                LEDConstantBlink

.text.vLEDTask  0x00004224       0x2c
 .text.vLEDTask
                0x00004224       0x2c ./output/main.o

.text.executeCommand
                0x00004250       0x78
 .text.executeCommand
                0x00004250       0x78 ./output/main.o
                0x00004250                executeCommand

.text.vCommandlineTask
                0x000042c8       0x84
 .text.vCommandlineTask
                0x000042c8       0x84 ./output/main.o

.text.__sflush_r
                0x0000434c      0x100
 .text.__sflush_r
                0x0000434c      0x100 /usr/lib/gcc/arm-none-eabi/13.1.0/../../../../arm-none-eabi/lib/thumb/v7-m/nofp/libg_nano.a(libc_a-fflush.o)
                0x0000434c                __sflush_r

.text._fflush_r
                0x0000444c       0x50
 .text._fflush_r
                0x0000444c       0x50 /usr/lib/gcc/arm-none-eabi/13.1.0/../../../../arm-none-eabi/lib/thumb/v7-m/nofp/libg_nano.a(libc_a-fflush.o)
                0x0000444c                _fflush_r

.text.fflush    0x0000449c       0x28
 .text.fflush   0x0000449c       0x28 /usr/lib/gcc/arm-none-eabi/13.1.0/../../../../arm-none-eabi/lib/thumb/v7-m/nofp/libg_nano.a(libc_a-fflush.o)
                0x0000449c                fflush

.text.std       0x000044c4       0x6c
 .text.std      0x000044c4       0x6c /usr/lib/gcc/arm-none-eabi/13.1.0/../../../../arm-none-eabi/lib/thumb/v7-m/nofp/libg_nano.a(libc_a-findfp.o)

.text.stdio_exit_handler
                0x00004530       0x18
 .text.stdio_exit_handler
                0x00004530       0x18 /usr/lib/gcc/arm-none-eabi/13.1.0/../../../../arm-none-eabi/lib/thumb/v7-m/nofp/libg_nano.a(libc_a-findfp.o)

.text.cleanup_stdio
                0x00004548       0x40
 .text.cleanup_stdio
                0x00004548       0x40 /usr/lib/gcc/arm-none-eabi/13.1.0/../../../../arm-none-eabi/lib/thumb/v7-m/nofp/libg_nano.a(libc_a-findfp.o)

.text.global_stdio_init.part.0
                0x00004588       0x3c
 .text.global_stdio_init.part.0
                0x00004588       0x3c /usr/lib/gcc/arm-none-eabi/13.1.0/../../../../arm-none-eabi/lib/thumb/v7-m/nofp/libg_nano.a(libc_a-findfp.o)

.text.__sfp_lock_acquire
                0x000045c4        0xc
 .text.__sfp_lock_acquire
                0x000045c4        0xc /usr/lib/gcc/arm-none-eabi/13.1.0/../../../../arm-none-eabi/lib/thumb/v7-m/nofp/libg_nano.a(libc_a-findfp.o)
                0x000045c4                __sfp_lock_acquire

.text.__sfp_lock_release
                0x000045d0        0xc
 .text.__sfp_lock_release
                0x000045d0        0xc /usr/lib/gcc/arm-none-eabi/13.1.0/../../../../arm-none-eabi/lib/thumb/v7-m/nofp/libg_nano.a(libc_a-findfp.o)
                0x000045d0                __sfp_lock_release

.text.__sinit   0x000045dc       0x30
 .text.__sinit  0x000045dc       0x30 /usr/lib/gcc/arm-none-eabi/13.1.0/../../../../arm-none-eabi/lib/thumb/v7-m/nofp/libg_nano.a(libc_a-findfp.o)
                0x000045dc                __sinit

.text._fwalk_sglue
                0x0000460c       0x3c
 .text._fwalk_sglue
                0x0000460c       0x3c /usr/lib/gcc/arm-none-eabi/13.1.0/../../../../arm-none-eabi/lib/thumb/v7-m/nofp/libg_nano.a(libc_a-fwalk.o)
                0x0000460c                _fwalk_sglue

.text.__sread   0x00004648       0x22
 .text.__sread  0x00004648       0x22 /usr/lib/gcc/arm-none-eabi/13.1.0/../../../../arm-none-eabi/lib/thumb/v7-m/nofp/libg_nano.a(libc_a-stdio.o)
                0x00004648                __sread

.text.__swrite  0x0000466a       0x38
 .text.__swrite
                0x0000466a       0x38 /usr/lib/gcc/arm-none-eabi/13.1.0/../../../../arm-none-eabi/lib/thumb/v7-m/nofp/libg_nano.a(libc_a-stdio.o)
                0x0000466a                __swrite

.text.__sseek   0x000046a2       0x24
 .text.__sseek  0x000046a2       0x24 /usr/lib/gcc/arm-none-eabi/13.1.0/../../../../arm-none-eabi/lib/thumb/v7-m/nofp/libg_nano.a(libc_a-stdio.o)
                0x000046a2                __sseek

.text.__sclose  0x000046c6        0x8
 .text.__sclose
                0x000046c6        0x8 /usr/lib/gcc/arm-none-eabi/13.1.0/../../../../arm-none-eabi/lib/thumb/v7-m/nofp/libg_nano.a(libc_a-stdio.o)
                0x000046c6                __sclose

.text.memset    0x000046ce       0x10
 .text.memset   0x000046ce       0x10 /usr/lib/gcc/arm-none-eabi/13.1.0/../../../../arm-none-eabi/lib/thumb/v7-m/nofp/libg_nano.a(libc_a-memset.o)
                0x000046ce                memset

.text._close_r  0x000046e0       0x20
 .text._close_r
                0x000046e0       0x20 /usr/lib/gcc/arm-none-eabi/13.1.0/../../../../arm-none-eabi/lib/thumb/v7-m/nofp/libg_nano.a(libc_a-closer.o)
                0x000046e0                _close_r

.text._lseek_r  0x00004700       0x24
 .text._lseek_r
                0x00004700       0x24 /usr/lib/gcc/arm-none-eabi/13.1.0/../../../../arm-none-eabi/lib/thumb/v7-m/nofp/libg_nano.a(libc_a-lseekr.o)
                0x00004700                _lseek_r

.text._read_r   0x00004724       0x24
 .text._read_r  0x00004724       0x24 /usr/lib/gcc/arm-none-eabi/13.1.0/../../../../arm-none-eabi/lib/thumb/v7-m/nofp/libg_nano.a(libc_a-readr.o)
                0x00004724                _read_r

.text._write_r  0x00004748       0x24
 .text._write_r
                0x00004748       0x24 /usr/lib/gcc/arm-none-eabi/13.1.0/../../../../arm-none-eabi/lib/thumb/v7-m/nofp/libg_nano.a(libc_a-writer.o)
                0x00004748                _write_r

.text.__retarget_lock_init_recursive
                0x0000476c        0x2
 .text.__retarget_lock_init_recursive
                0x0000476c        0x2 /usr/lib/gcc/arm-none-eabi/13.1.0/../../../../arm-none-eabi/lib/thumb/v7-m/nofp/libg_nano.a(libc_a-lock.o)
                0x0000476c                __retarget_lock_init_recursive

.text.__retarget_lock_acquire_recursive
                0x0000476e        0x2
 .text.__retarget_lock_acquire_recursive
                0x0000476e        0x2 /usr/lib/gcc/arm-none-eabi/13.1.0/../../../../arm-none-eabi/lib/thumb/v7-m/nofp/libg_nano.a(libc_a-lock.o)
                0x0000476e                __retarget_lock_acquire_recursive

.text.__retarget_lock_release_recursive
                0x00004770        0x2
 .text.__retarget_lock_release_recursive
                0x00004770        0x2 /usr/lib/gcc/arm-none-eabi/13.1.0/../../../../arm-none-eabi/lib/thumb/v7-m/nofp/libg_nano.a(libc_a-lock.o)
                0x00004770                __retarget_lock_release_recursive

.text.strcpy    0x00004772       0x10
 .text.strcpy   0x00004772       0x10 /usr/lib/gcc/arm-none-eabi/13.1.0/../../../../arm-none-eabi/lib/thumb/v7-m/nofp/libg_nano.a(libc_a-strcpy.o)
                0x00004772                strcpy

.text.memcpy    0x00004782       0x1c
 .text.memcpy   0x00004782       0x1c /usr/lib/gcc/arm-none-eabi/13.1.0/../../../../arm-none-eabi/lib/thumb/v7-m/nofp/libg_nano.a(libc_a-memcpy-stub.o)
                0x00004782                memcpy

.text._free_r   0x000047a0       0x90
 .text._free_r  0x000047a0       0x90 /usr/lib/gcc/arm-none-eabi/13.1.0/../../../../arm-none-eabi/lib/thumb/v7-m/nofp/libg_nano.a(libc_a-freer.o)
                0x000047a0                _free_r

.text.__malloc_lock
                0x00004830        0xc
 .text.__malloc_lock
                0x00004830        0xc /usr/lib/gcc/arm-none-eabi/13.1.0/../../../../arm-none-eabi/lib/thumb/v7-m/nofp/libg_nano.a(libc_a-mlock.o)
                0x00004830                __malloc_lock

.text.__malloc_unlock
                0x0000483c        0xc
 .text.__malloc_unlock
                0x0000483c        0xc /usr/lib/gcc/arm-none-eabi/13.1.0/../../../../arm-none-eabi/lib/thumb/v7-m/nofp/libg_nano.a(libc_a-mlock.o)
                0x0000483c                __malloc_unlock

.text.findslot  0x00004848       0x34
 .text.findslot
                0x00004848       0x34 /usr/lib/gcc/arm-none-eabi/13.1.0/../../../../arm-none-eabi/lib/thumb/v7-m/nofp/librdimon_nano.a(arm_librdimon_a-syscalls.o)

.text.error     0x0000487c       0x1c
 .text.error    0x0000487c       0x1c /usr/lib/gcc/arm-none-eabi/13.1.0/../../../../arm-none-eabi/lib/thumb/v7-m/nofp/librdimon_nano.a(arm_librdimon_a-syscalls.o)

.text.checkerror
                0x00004898        0xa
 .text.checkerror
                0x00004898        0xa /usr/lib/gcc/arm-none-eabi/13.1.0/../../../../arm-none-eabi/lib/thumb/v7-m/nofp/librdimon_nano.a(arm_librdimon_a-syscalls.o)

.text._swiread  0x000048a2       0x20
 .text._swiread
                0x000048a2       0x20 /usr/lib/gcc/arm-none-eabi/13.1.0/../../../../arm-none-eabi/lib/thumb/v7-m/nofp/librdimon_nano.a(arm_librdimon_a-syscalls.o)
                0x000048a2                _swiread

.text._read     0x000048c2       0x34
 .text._read    0x000048c2       0x34 /usr/lib/gcc/arm-none-eabi/13.1.0/../../../../arm-none-eabi/lib/thumb/v7-m/nofp/librdimon_nano.a(arm_librdimon_a-syscalls.o)
                0x000048c2                _read

.text._swilseek
                0x000048f6       0x78
 .text._swilseek
                0x000048f6       0x78 /usr/lib/gcc/arm-none-eabi/13.1.0/../../../../arm-none-eabi/lib/thumb/v7-m/nofp/librdimon_nano.a(arm_librdimon_a-syscalls.o)
                0x000048f6                _swilseek

.text._lseek    0x0000496e        0x4
 .text._lseek   0x0000496e        0x4 /usr/lib/gcc/arm-none-eabi/13.1.0/../../../../arm-none-eabi/lib/thumb/v7-m/nofp/librdimon_nano.a(arm_librdimon_a-syscalls.o)
                0x0000496e                _lseek

.text._swiwrite
                0x00004972       0x20
 .text._swiwrite
                0x00004972       0x20 /usr/lib/gcc/arm-none-eabi/13.1.0/../../../../arm-none-eabi/lib/thumb/v7-m/nofp/librdimon_nano.a(arm_librdimon_a-syscalls.o)
                0x00004972                _swiwrite

.text._write    0x00004992       0x40
 .text._write   0x00004992       0x40 /usr/lib/gcc/arm-none-eabi/13.1.0/../../../../arm-none-eabi/lib/thumb/v7-m/nofp/librdimon_nano.a(arm_librdimon_a-syscalls.o)
                0x00004992                _write

.text._swiclose
                0x000049d2       0x1a
 .text._swiclose
                0x000049d2       0x1a /usr/lib/gcc/arm-none-eabi/13.1.0/../../../../arm-none-eabi/lib/thumb/v7-m/nofp/librdimon_nano.a(arm_librdimon_a-syscalls.o)
                0x000049d2                _swiclose

.text._close    0x000049ec       0x4c
 .text._close   0x000049ec       0x4c /usr/lib/gcc/arm-none-eabi/13.1.0/../../../../arm-none-eabi/lib/thumb/v7-m/nofp/librdimon_nano.a(arm_librdimon_a-syscalls.o)
                0x000049ec                _close

.text.__errno   0x00004a38        0xc
 .text.__errno  0x00004a38        0xc /usr/lib/gcc/arm-none-eabi/13.1.0/../../../../arm-none-eabi/lib/thumb/v7-m/nofp/libc_nano.a(libc_a-errno.o)
                0x00004a38                __errno

.rel.dyn        0x00004a44        0x0
 .rel.iplt      0x00004a44        0x0 ./output/heap_4.o

.ARM.exidx      0x00004a44        0x8
 .ARM.exidx     0x00004a44        0x8 /usr/lib/gcc/arm-none-eabi/13.1.0/../../../../arm-none-eabi/lib/thumb/v7-m/nofp/libg_nano.a(libc_a-strcmp.o)
 .ARM.exidx     0x00004a4c        0x0 /usr/lib/gcc/arm-none-eabi/13.1.0/../../../../arm-none-eabi/lib/thumb/v7-m/nofp/libg_nano.a(libc_a-strlen.o)
                                  0x8 (size before relaxing)

.data           0x20000000        0x0
                0x20000000                        . = ALIGN (0x8)
                0x20000000                        _data = .
                0x20000000                        _sdata = .
 *(vtable)
 *(.data)
                0x20000000                        _edata = .

.igot.plt       0x20000000        0x0
 .igot.plt      0x20000000        0x0 ./output/heap_4.o

.data.xErrorStatus
                0x20000000        0x4
 .data.xErrorStatus
                0x20000000        0x4 ./output/IntQueue.o

.data.uxCriticalNesting
                0x20000004        0x4
 .data.uxCriticalNesting
                0x20000004        0x4 ./output/port.o

.data.__sglue   0x20000008        0xc
 .data.__sglue  0x20000008        0xc /usr/lib/gcc/arm-none-eabi/13.1.0/../../../../arm-none-eabi/lib/thumb/v7-m/nofp/libg_nano.a(libc_a-findfp.o)
                0x20000008                __sglue

.data._impure_ptr
                0x20000014        0x4
 .data._impure_ptr
                0x20000014        0x4 /usr/lib/gcc/arm-none-eabi/13.1.0/../../../../arm-none-eabi/lib/thumb/v7-m/nofp/libg_nano.a(libc_a-impure.o)
                0x20000014                _impure_ptr

.data._impure_data
                0x20000018       0x4c
 .data._impure_data
                0x20000018       0x4c /usr/lib/gcc/arm-none-eabi/13.1.0/../../../../arm-none-eabi/lib/thumb/v7-m/nofp/libg_nano.a(libc_a-impure.o)
                0x20000018                _impure_data

.bss            0x20000064        0x4
                0x20000068                        . = ALIGN (0x8)
 *fill*         0x20000064        0x4 
                0x20000068                        _bss = .
                0x20000068                        _sbss = .
 *(.bss)
                0x20000068                        _ebss = .

.bss.ucHeap     0x20000068     0xf000
 .bss.ucHeap    0x20000068     0xf000 ./output/heap_4.o

.bss.xStart     0x2000f068        0x8
 .bss.xStart    0x2000f068        0x8 ./output/heap_4.o

.bss.pxEnd      0x2000f070        0x4
 .bss.pxEnd     0x2000f070        0x4 ./output/heap_4.o

.bss.xFreeBytesRemaining
                0x2000f074        0x4
 .bss.xFreeBytesRemaining
                0x2000f074        0x4 ./output/heap_4.o

.bss.xMinimumEverFreeBytesRemaining
                0x2000f078        0x4
 .bss.xMinimumEverFreeBytesRemaining
                0x2000f078        0x4 ./output/heap_4.o

.bss.xNumberOfSuccessfulAllocations
                0x2000f07c        0x4
 .bss.xNumberOfSuccessfulAllocations
                0x2000f07c        0x4 ./output/heap_4.o

.bss.xNumberOfSuccessfulFrees
                0x2000f080        0x4
 .bss.xNumberOfSuccessfulFrees
                0x2000f080        0x4 ./output/heap_4.o

.bss.xNormallyEmptyQueue
                0x2000f084        0x4
 .bss.xNormallyEmptyQueue
                0x2000f084        0x4 ./output/IntQueue.o

.bss.xNormallyFullQueue
                0x2000f088        0x4
 .bss.xNormallyFullQueue
                0x2000f088        0x4 ./output/IntQueue.o

.bss.xErrorLine
                0x2000f08c        0x4
 .bss.xErrorLine
                0x2000f08c        0x4 ./output/IntQueue.o

.bss.uxValueForNormallyEmptyQueue
                0x2000f090        0x4
 .bss.uxValueForNormallyEmptyQueue
                0x2000f090        0x4 ./output/IntQueue.o

.bss.ucNormallyFullReceivedValues
                0x2000f094       0xc8
 .bss.ucNormallyFullReceivedValues
                0x2000f094       0xc8 ./output/IntQueue.o

.bss.uxNextOperation.5
                0x2000f15c        0x4
 .bss.uxNextOperation.5
                0x2000f15c        0x4 ./output/IntQueue.o

.bss.ulNest     0x2000f160        0x4
 .bss.ulNest    0x2000f160        0x4 ./output/IntQueueTimer.o
                0x2000f160                ulNest

.bss.ulNestCount
                0x2000f164        0x4
 .bss.ulNestCount
                0x2000f164        0x4 ./output/IntQueueTimer.o
                0x2000f164                ulNestCount

.bss.ucMaxSysCallPriority
                0x2000f168        0x1
 .bss.ucMaxSysCallPriority
                0x2000f168        0x1 ./output/port.o

.bss.ulMaxPRIGROUPValue
                0x2000f16c        0x4
 .bss.ulMaxPRIGROUPValue
                0x2000f16c        0x4 ./output/port.o

.bss.xQueueRegistry
                0x2000f170       0x50
 .bss.xQueueRegistry
                0x2000f170       0x50 ./output/queue.o
                0x2000f170                xQueueRegistry

.bss.r0         0x2000f1c0        0x4
 .bss.r0        0x2000f1c0        0x4 ./output/startup_gcc.o
                0x2000f1c0                r0

.bss.r1         0x2000f1c4        0x4
 .bss.r1        0x2000f1c4        0x4 ./output/startup_gcc.o
                0x2000f1c4                r1

.bss.r2         0x2000f1c8        0x4
 .bss.r2        0x2000f1c8        0x4 ./output/startup_gcc.o
                0x2000f1c8                r2

.bss.r3         0x2000f1cc        0x4
 .bss.r3        0x2000f1cc        0x4 ./output/startup_gcc.o
                0x2000f1cc                r3

.bss.r12        0x2000f1d0        0x4
 .bss.r12       0x2000f1d0        0x4 ./output/startup_gcc.o
                0x2000f1d0                r12

.bss.lr         0x2000f1d4        0x4
 .bss.lr        0x2000f1d4        0x4 ./output/startup_gcc.o
                0x2000f1d4                lr

.bss.pc         0x2000f1d8        0x4
 .bss.pc        0x2000f1d8        0x4 ./output/startup_gcc.o
                0x2000f1d8                pc

.bss.psr        0x2000f1dc        0x4
 .bss.psr       0x2000f1dc        0x4 ./output/startup_gcc.o
                0x2000f1dc                psr

.bss.pxCurrentTCB
                0x2000f1e0        0x4
 .bss.pxCurrentTCB
                0x2000f1e0        0x4 ./output/tasks.o
                0x2000f1e0                pxCurrentTCB

.bss.pxReadyTasksLists
                0x2000f1e4       0xb4
 .bss.pxReadyTasksLists
                0x2000f1e4       0xb4 ./output/tasks.o

.bss.xDelayedTaskList1
                0x2000f298       0x14
 .bss.xDelayedTaskList1
                0x2000f298       0x14 ./output/tasks.o

.bss.xDelayedTaskList2
                0x2000f2ac       0x14
 .bss.xDelayedTaskList2
                0x2000f2ac       0x14 ./output/tasks.o

.bss.pxDelayedTaskList
                0x2000f2c0        0x4
 .bss.pxDelayedTaskList
                0x2000f2c0        0x4 ./output/tasks.o

.bss.pxOverflowDelayedTaskList
                0x2000f2c4        0x4
 .bss.pxOverflowDelayedTaskList
                0x2000f2c4        0x4 ./output/tasks.o

.bss.xPendingReadyList
                0x2000f2c8       0x14
 .bss.xPendingReadyList
                0x2000f2c8       0x14 ./output/tasks.o

.bss.xTasksWaitingTermination
                0x2000f2dc       0x14
 .bss.xTasksWaitingTermination
                0x2000f2dc       0x14 ./output/tasks.o

.bss.uxDeletedTasksWaitingCleanUp
                0x2000f2f0        0x4
 .bss.uxDeletedTasksWaitingCleanUp
                0x2000f2f0        0x4 ./output/tasks.o

.bss.xSuspendedTaskList
                0x2000f2f4       0x14
 .bss.xSuspendedTaskList
                0x2000f2f4       0x14 ./output/tasks.o

.bss.uxCurrentNumberOfTasks
                0x2000f308        0x4
 .bss.uxCurrentNumberOfTasks
                0x2000f308        0x4 ./output/tasks.o

.bss.xTickCount
                0x2000f30c        0x4
 .bss.xTickCount
                0x2000f30c        0x4 ./output/tasks.o

.bss.uxTopReadyPriority
                0x2000f310        0x4
 .bss.uxTopReadyPriority
                0x2000f310        0x4 ./output/tasks.o

.bss.xSchedulerRunning
                0x2000f314        0x4
 .bss.xSchedulerRunning
                0x2000f314        0x4 ./output/tasks.o

.bss.xPendedTicks
                0x2000f318        0x4
 .bss.xPendedTicks
                0x2000f318        0x4 ./output/tasks.o

.bss.xYieldPending
                0x2000f31c        0x4
 .bss.xYieldPending
                0x2000f31c        0x4 ./output/tasks.o

.bss.xNumOfOverflows
                0x2000f320        0x4
 .bss.xNumOfOverflows
                0x2000f320        0x4 ./output/tasks.o

.bss.uxTaskNumber
                0x2000f324        0x4
 .bss.uxTaskNumber
                0x2000f324        0x4 ./output/tasks.o

.bss.xNextTaskUnblockTime
                0x2000f328        0x4
 .bss.xNextTaskUnblockTime
                0x2000f328        0x4 ./output/tasks.o

.bss.xIdleTaskHandle
                0x2000f32c        0x4
 .bss.xIdleTaskHandle
                0x2000f32c        0x4 ./output/tasks.o

.bss.uxSchedulerSuspended
                0x2000f330        0x4
 .bss.uxSchedulerSuspended
                0x2000f330        0x4 ./output/tasks.o

.bss.ulTaskSwitchedInTime
                0x2000f334        0x4
 .bss.ulTaskSwitchedInTime
                0x2000f334        0x4 ./output/tasks.o

.bss.ulTotalRunTime
                0x2000f338        0x4
 .bss.ulTotalRunTime
                0x2000f338        0x4 ./output/tasks.o

.bss.xActiveTimerList1
                0x2000f33c       0x14
 .bss.xActiveTimerList1
                0x2000f33c       0x14 ./output/timers.o

.bss.xActiveTimerList2
                0x2000f350       0x14
 .bss.xActiveTimerList2
                0x2000f350       0x14 ./output/timers.o

.bss.pxCurrentTimerList
                0x2000f364        0x4
 .bss.pxCurrentTimerList
                0x2000f364        0x4 ./output/timers.o

.bss.pxOverflowTimerList
                0x2000f368        0x4
 .bss.pxOverflowTimerList
                0x2000f368        0x4 ./output/timers.o

.bss.xTimerQueue
                0x2000f36c        0x4
 .bss.xTimerQueue
                0x2000f36c        0x4 ./output/timers.o

.bss.xTimerTaskHandle
                0x2000f370        0x4
 .bss.xTimerTaskHandle
                0x2000f370        0x4 ./output/timers.o

.bss.xLastTime.2
                0x2000f374        0x4
 .bss.xLastTime.2
                0x2000f374        0x4 ./output/timers.o

.bss.ucStaticTimerQueueStorage.1
                0x2000f378      0x140
 .bss.ucStaticTimerQueueStorage.1
                0x2000f378      0x140 ./output/timers.o

.bss.xStaticTimerQueue.0
                0x2000f4b8       0x54
 .bss.xStaticTimerQueue.0
                0x2000f4b8       0x54 ./output/timers.o

.bss.xQueueUART
                0x2000f50c        0x4
 .bss.xQueueUART
                0x2000f50c        0x4 ./output/main.o
                0x2000f50c                xQueueUART

.bss.xHandleLED
                0x2000f510        0x4
 .bss.xHandleLED
                0x2000f510        0x4 ./output/main.o
                0x2000f510                xHandleLED

.bss.xIdleTaskTCB.3
                0x2000f514       0x68
 .bss.xIdleTaskTCB.3
                0x2000f514       0x68 ./output/main.o

.bss.uxIdleTaskStack.2
                0x2000f57c      0x140
 .bss.uxIdleTaskStack.2
                0x2000f57c      0x140 ./output/main.o

.bss.xTimerTaskTCB.1
                0x2000f6bc       0x68
 .bss.xTimerTaskTCB.1
                0x2000f6bc       0x68 ./output/main.o

.bss.uxTimerTaskStack.0
                0x2000f724      0x280
 .bss.uxTimerTaskStack.0
                0x2000f724      0x280 ./output/main.o

.bss.__sf       0x2000f9a4      0x138
 .bss.__sf      0x2000f9a4      0x138 /usr/lib/gcc/arm-none-eabi/13.1.0/../../../../arm-none-eabi/lib/thumb/v7-m/nofp/libg_nano.a(libc_a-findfp.o)
                0x2000f9a4                __sf

.bss.__stdio_exit_handler
                0x2000fadc        0x4
 .bss.__stdio_exit_handler
                0x2000fadc        0x4 /usr/lib/gcc/arm-none-eabi/13.1.0/../../../../arm-none-eabi/lib/thumb/v7-m/nofp/libg_nano.a(libc_a-findfp.o)
                0x2000fadc                __stdio_exit_handler

.bss.errno      0x2000fae0        0x4
 .bss.errno     0x2000fae0        0x4 /usr/lib/gcc/arm-none-eabi/13.1.0/../../../../arm-none-eabi/lib/thumb/v7-m/nofp/libg_nano.a(libc_a-reent.o)
                0x2000fae0                errno

.bss.__lock___malloc_recursive_mutex
                0x2000fae4        0x1
 .bss.__lock___malloc_recursive_mutex
                0x2000fae4        0x1 /usr/lib/gcc/arm-none-eabi/13.1.0/../../../../arm-none-eabi/lib/thumb/v7-m/nofp/libg_nano.a(libc_a-lock.o)
                0x2000fae4                __lock___malloc_recursive_mutex

.bss.__lock___sfp_recursive_mutex
                0x2000fae5        0x1
 .bss.__lock___sfp_recursive_mutex
                0x2000fae5        0x1 /usr/lib/gcc/arm-none-eabi/13.1.0/../../../../arm-none-eabi/lib/thumb/v7-m/nofp/libg_nano.a(libc_a-lock.o)
                0x2000fae5                __lock___sfp_recursive_mutex

.bss.__malloc_free_list
                0x2000fae8        0x4
 .bss.__malloc_free_list
                0x2000fae8        0x4 /usr/lib/gcc/arm-none-eabi/13.1.0/../../../../arm-none-eabi/lib/thumb/v7-m/nofp/libg_nano.a(libc_a-mallocr.o)
                0x2000fae8                __malloc_free_list

.bss.openfiles  0x2000faec       0xa0
 .bss.openfiles
                0x2000faec       0xa0 /usr/lib/gcc/arm-none-eabi/13.1.0/../../../../arm-none-eabi/lib/thumb/v7-m/nofp/librdimon_nano.a(arm_librdimon_a-syscalls.o)

.heap           0x2000fb8c      0x40c
                0x2000fb90                        . = ALIGN (0x8)
 *fill*         0x2000fb8c        0x4 
                0x2000fb90                        PROVIDE (end = .)
                [!provide]                        PROVIDE (_end = .)
                0x2000fb90                        _heap_bottom = .
                0x2000fb98                        . = (. + _Min_Heap_Size)
 *fill*         0x2000fb90        0x8 
                0x2000fb98                        _heap_top = .
                0x2000ff98                        . = (. + _Min_Stack_Size)
 *fill*         0x2000fb98      0x400 
                0x2000ff98                        . = ALIGN (0x8)
                0x20400000                        __StackTop = (ORIGIN (RAM) + LENGTH (RAM))
                0x203ffc00                        __StackLimit = (__StackTop - _Min_Stack_Size)
                [!provide]                        PROVIDE (__stack = __StackTop)
                0x00000001                        ASSERT ((__StackLimit >= _heap_top), region RAM overflowed with stack)
START GROUP
LOAD /usr/lib/gcc/arm-none-eabi/13.1.0/thumb/v7-m/nofp/libgcc.a
LOAD /usr/lib/gcc/arm-none-eabi/13.1.0/../../../../arm-none-eabi/lib/thumb/v7-m/nofp/libg_nano.a
LOAD /usr/lib/gcc/arm-none-eabi/13.1.0/../../../../arm-none-eabi/lib/thumb/v7-m/nofp/libc_nano.a
END GROUP
START GROUP
LOAD /usr/lib/gcc/arm-none-eabi/13.1.0/thumb/v7-m/nofp/libgcc.a
LOAD /usr/lib/gcc/arm-none-eabi/13.1.0/../../../../arm-none-eabi/lib/thumb/v7-m/nofp/libc_nano.a
LOAD /usr/lib/gcc/arm-none-eabi/13.1.0/../../../../arm-none-eabi/lib/thumb/v7-m/nofp/librdimon_nano.a
LOAD /usr/lib/gcc/arm-none-eabi/13.1.0/../../../../arm-none-eabi/lib/thumb/v7-m/nofp/libnosys.a
END GROUP
START GROUP
LOAD /usr/lib/gcc/arm-none-eabi/13.1.0/thumb/v7-m/nofp/libgcc.a
LOAD /usr/lib/gcc/arm-none-eabi/13.1.0/../../../../arm-none-eabi/lib/thumb/v7-m/nofp/libc_nano.a
LOAD /usr/lib/gcc/arm-none-eabi/13.1.0/../../../../arm-none-eabi/lib/thumb/v7-m/nofp/libnosys.a
END GROUP
START GROUP
LOAD /usr/lib/gcc/arm-none-eabi/13.1.0/thumb/v7-m/nofp/libgcc.a
LOAD /usr/lib/gcc/arm-none-eabi/13.1.0/../../../../arm-none-eabi/lib/thumb/v7-m/nofp/libc_nano.a
LOAD /usr/lib/gcc/arm-none-eabi/13.1.0/../../../../arm-none-eabi/lib/thumb/v7-m/nofp/librdimon_nano.a
END GROUP
OUTPUT(./output/RTOSDemo.out elf32-littlearm)
LOAD linker stubs

.debug_info     0x00000000    0x1292a
 .debug_info    0x00000000      0x4af ./output/heap_4.o
 .debug_info    0x000004af      0xaca ./output/IntQueue.o
 .debug_info    0x00000f79      0x5a1 ./output/IntQueueTimer.o
 .debug_info    0x0000151a      0x2a3 ./output/list.o
 .debug_info    0x000017bd      0x3d1 ./output/port.o
 .debug_info    0x00001b8e      0x403 ./output/printf-stdarg.o
 .debug_info    0x00001f91     0x191b ./output/queue.o
 .debug_info    0x000038ac      0x891 ./output/startup_gcc.o
 .debug_info    0x0000413d     0x25c3 ./output/tasks.o
 .debug_info    0x00006700     0x12d1 ./output/timers.o
 .debug_info    0x000079d1      0xea6 ./output/main.o
 .debug_info    0x00008877      0x9ef /usr/lib/gcc/arm-none-eabi/13.1.0/../../../../arm-none-eabi/lib/thumb/v7-m/nofp/libg_nano.a(libc_a-fflush.o)
 .debug_info    0x00009266      0xfb5 /usr/lib/gcc/arm-none-eabi/13.1.0/../../../../arm-none-eabi/lib/thumb/v7-m/nofp/libg_nano.a(libc_a-findfp.o)
 .debug_info    0x0000a21b      0x7d2 /usr/lib/gcc/arm-none-eabi/13.1.0/../../../../arm-none-eabi/lib/thumb/v7-m/nofp/libg_nano.a(libc_a-fwalk.o)
 .debug_info    0x0000a9ed      0xa90 /usr/lib/gcc/arm-none-eabi/13.1.0/../../../../arm-none-eabi/lib/thumb/v7-m/nofp/libg_nano.a(libc_a-stdio.o)
 .debug_info    0x0000b47d       0xe0 /usr/lib/gcc/arm-none-eabi/13.1.0/../../../../arm-none-eabi/lib/thumb/v7-m/nofp/libg_nano.a(libc_a-memset.o)
 .debug_info    0x0000b55d      0x75c /usr/lib/gcc/arm-none-eabi/13.1.0/../../../../arm-none-eabi/lib/thumb/v7-m/nofp/libg_nano.a(libc_a-closer.o)
 .debug_info    0x0000bcb9      0x85b /usr/lib/gcc/arm-none-eabi/13.1.0/../../../../arm-none-eabi/lib/thumb/v7-m/nofp/libg_nano.a(libc_a-reent.o)
 .debug_info    0x0000c514      0x715 /usr/lib/gcc/arm-none-eabi/13.1.0/../../../../arm-none-eabi/lib/thumb/v7-m/nofp/libg_nano.a(libc_a-impure.o)
 .debug_info    0x0000cc29      0x7a8 /usr/lib/gcc/arm-none-eabi/13.1.0/../../../../arm-none-eabi/lib/thumb/v7-m/nofp/libg_nano.a(libc_a-lseekr.o)
 .debug_info    0x0000d3d1      0x7bf /usr/lib/gcc/arm-none-eabi/13.1.0/../../../../arm-none-eabi/lib/thumb/v7-m/nofp/libg_nano.a(libc_a-readr.o)
 .debug_info    0x0000db90      0x7c5 /usr/lib/gcc/arm-none-eabi/13.1.0/../../../../arm-none-eabi/lib/thumb/v7-m/nofp/libg_nano.a(libc_a-writer.o)
 .debug_info    0x0000e355      0x218 /usr/lib/gcc/arm-none-eabi/13.1.0/../../../../arm-none-eabi/lib/thumb/v7-m/nofp/libg_nano.a(libc_a-lock.o)
 .debug_info    0x0000e56d       0x31 /usr/lib/gcc/arm-none-eabi/13.1.0/../../../../arm-none-eabi/lib/thumb/v7-m/nofp/libg_nano.a(libc_a-strcmp.o)
 .debug_info    0x0000e59e       0xc3 /usr/lib/gcc/arm-none-eabi/13.1.0/../../../../arm-none-eabi/lib/thumb/v7-m/nofp/libg_nano.a(libc_a-strcpy.o)
 .debug_info    0x0000e661      0x121 /usr/lib/gcc/arm-none-eabi/13.1.0/../../../../arm-none-eabi/lib/thumb/v7-m/nofp/libg_nano.a(libc_a-memcpy-stub.o)
 .debug_info    0x0000e782       0x31 /usr/lib/gcc/arm-none-eabi/13.1.0/../../../../arm-none-eabi/lib/thumb/v7-m/nofp/libg_nano.a(libc_a-strlen.o)
 .debug_info    0x0000e7b3      0x851 /usr/lib/gcc/arm-none-eabi/13.1.0/../../../../arm-none-eabi/lib/thumb/v7-m/nofp/libg_nano.a(libc_a-freer.o)
 .debug_info    0x0000f004      0x9b6 /usr/lib/gcc/arm-none-eabi/13.1.0/../../../../arm-none-eabi/lib/thumb/v7-m/nofp/libg_nano.a(libc_a-mallocr.o)
 .debug_info    0x0000f9ba      0x76b /usr/lib/gcc/arm-none-eabi/13.1.0/../../../../arm-none-eabi/lib/thumb/v7-m/nofp/libg_nano.a(libc_a-mlock.o)
 .debug_info    0x00010125     0x210a /usr/lib/gcc/arm-none-eabi/13.1.0/../../../../arm-none-eabi/lib/thumb/v7-m/nofp/librdimon_nano.a(arm_librdimon_a-syscalls.o)
 .debug_info    0x0001222f      0x6fb /usr/lib/gcc/arm-none-eabi/13.1.0/../../../../arm-none-eabi/lib/thumb/v7-m/nofp/libc_nano.a(libc_a-errno.o)

.debug_abbrev   0x00000000     0x4114
 .debug_abbrev  0x00000000      0x206 ./output/heap_4.o
 .debug_abbrev  0x00000206      0x286 ./output/IntQueue.o
 .debug_abbrev  0x0000048c      0x20b ./output/IntQueueTimer.o
 .debug_abbrev  0x00000697       0xf5 ./output/list.o
 .debug_abbrev  0x0000078c      0x242 ./output/port.o
 .debug_abbrev  0x000009ce      0x16b ./output/printf-stdarg.o
 .debug_abbrev  0x00000b39      0x37a ./output/queue.o
 .debug_abbrev  0x00000eb3      0x270 ./output/startup_gcc.o
 .debug_abbrev  0x00001123      0x3c7 ./output/tasks.o
 .debug_abbrev  0x000014ea      0x31a ./output/timers.o
 .debug_abbrev  0x00001804      0x453 ./output/main.o
 .debug_abbrev  0x00001c57      0x2a8 /usr/lib/gcc/arm-none-eabi/13.1.0/../../../../arm-none-eabi/lib/thumb/v7-m/nofp/libg_nano.a(libc_a-fflush.o)
 .debug_abbrev  0x00001eff      0x424 /usr/lib/gcc/arm-none-eabi/13.1.0/../../../../arm-none-eabi/lib/thumb/v7-m/nofp/libg_nano.a(libc_a-findfp.o)
 .debug_abbrev  0x00002323      0x19b /usr/lib/gcc/arm-none-eabi/13.1.0/../../../../arm-none-eabi/lib/thumb/v7-m/nofp/libg_nano.a(libc_a-fwalk.o)
 .debug_abbrev  0x000024be      0x221 /usr/lib/gcc/arm-none-eabi/13.1.0/../../../../arm-none-eabi/lib/thumb/v7-m/nofp/libg_nano.a(libc_a-stdio.o)
 .debug_abbrev  0x000026df       0x9e /usr/lib/gcc/arm-none-eabi/13.1.0/../../../../arm-none-eabi/lib/thumb/v7-m/nofp/libg_nano.a(libc_a-memset.o)
 .debug_abbrev  0x0000277d      0x1b0 /usr/lib/gcc/arm-none-eabi/13.1.0/../../../../arm-none-eabi/lib/thumb/v7-m/nofp/libg_nano.a(libc_a-closer.o)
 .debug_abbrev  0x0000292d      0x1ed /usr/lib/gcc/arm-none-eabi/13.1.0/../../../../arm-none-eabi/lib/thumb/v7-m/nofp/libg_nano.a(libc_a-reent.o)
 .debug_abbrev  0x00002b1a      0x149 /usr/lib/gcc/arm-none-eabi/13.1.0/../../../../arm-none-eabi/lib/thumb/v7-m/nofp/libg_nano.a(libc_a-impure.o)
 .debug_abbrev  0x00002c63      0x1c4 /usr/lib/gcc/arm-none-eabi/13.1.0/../../../../arm-none-eabi/lib/thumb/v7-m/nofp/libg_nano.a(libc_a-lseekr.o)
 .debug_abbrev  0x00002e27      0x1b0 /usr/lib/gcc/arm-none-eabi/13.1.0/../../../../arm-none-eabi/lib/thumb/v7-m/nofp/libg_nano.a(libc_a-readr.o)
 .debug_abbrev  0x00002fd7      0x1b5 /usr/lib/gcc/arm-none-eabi/13.1.0/../../../../arm-none-eabi/lib/thumb/v7-m/nofp/libg_nano.a(libc_a-writer.o)
 .debug_abbrev  0x0000318c      0x115 /usr/lib/gcc/arm-none-eabi/13.1.0/../../../../arm-none-eabi/lib/thumb/v7-m/nofp/libg_nano.a(libc_a-lock.o)
 .debug_abbrev  0x000032a1       0x28 /usr/lib/gcc/arm-none-eabi/13.1.0/../../../../arm-none-eabi/lib/thumb/v7-m/nofp/libg_nano.a(libc_a-strcmp.o)
 .debug_abbrev  0x000032c9       0x7b /usr/lib/gcc/arm-none-eabi/13.1.0/../../../../arm-none-eabi/lib/thumb/v7-m/nofp/libg_nano.a(libc_a-strcpy.o)
 .debug_abbrev  0x00003344       0xc1 /usr/lib/gcc/arm-none-eabi/13.1.0/../../../../arm-none-eabi/lib/thumb/v7-m/nofp/libg_nano.a(libc_a-memcpy-stub.o)
 .debug_abbrev  0x00003405       0x28 /usr/lib/gcc/arm-none-eabi/13.1.0/../../../../arm-none-eabi/lib/thumb/v7-m/nofp/libg_nano.a(libc_a-strlen.o)
 .debug_abbrev  0x0000342d      0x236 /usr/lib/gcc/arm-none-eabi/13.1.0/../../../../arm-none-eabi/lib/thumb/v7-m/nofp/libg_nano.a(libc_a-freer.o)
 .debug_abbrev  0x00003663      0x24a /usr/lib/gcc/arm-none-eabi/13.1.0/../../../../arm-none-eabi/lib/thumb/v7-m/nofp/libg_nano.a(libc_a-mallocr.o)
 .debug_abbrev  0x000038ad      0x1bf /usr/lib/gcc/arm-none-eabi/13.1.0/../../../../arm-none-eabi/lib/thumb/v7-m/nofp/libg_nano.a(libc_a-mlock.o)
 .debug_abbrev  0x00003a6c      0x54a /usr/lib/gcc/arm-none-eabi/13.1.0/../../../../arm-none-eabi/lib/thumb/v7-m/nofp/librdimon_nano.a(arm_librdimon_a-syscalls.o)
 .debug_abbrev  0x00003fb6      0x15e /usr/lib/gcc/arm-none-eabi/13.1.0/../../../../arm-none-eabi/lib/thumb/v7-m/nofp/libc_nano.a(libc_a-errno.o)

.debug_aranges  0x00000000      0xc98
 .debug_aranges
                0x00000000       0x60 ./output/heap_4.o
 .debug_aranges
                0x00000060       0x78 ./output/IntQueue.o
 .debug_aranges
                0x000000d8       0x50 ./output/IntQueueTimer.o
 .debug_aranges
                0x00000128       0x40 ./output/list.o
 .debug_aranges
                0x00000168       0x78 ./output/port.o
 .debug_aranges
                0x000001e0       0x58 ./output/printf-stdarg.o
 .debug_aranges
                0x00000238      0x188 ./output/queue.o
 .debug_aranges
                0x000003c0       0x38 ./output/startup_gcc.o
 .debug_aranges
                0x000003f8      0x250 ./output/tasks.o
 .debug_aranges
                0x00000648      0x100 ./output/timers.o
 .debug_aranges
                0x00000748       0xe8 ./output/main.o
 .debug_aranges
                0x00000830       0x30 /usr/lib/gcc/arm-none-eabi/13.1.0/../../../../arm-none-eabi/lib/thumb/v7-m/nofp/libg_nano.a(libc_a-fflush.o)
 .debug_aranges
                0x00000860       0x78 /usr/lib/gcc/arm-none-eabi/13.1.0/../../../../arm-none-eabi/lib/thumb/v7-m/nofp/libg_nano.a(libc_a-findfp.o)
 .debug_aranges
                0x000008d8       0x20 /usr/lib/gcc/arm-none-eabi/13.1.0/../../../../arm-none-eabi/lib/thumb/v7-m/nofp/libg_nano.a(libc_a-fwalk.o)
 .debug_aranges
                0x000008f8       0x40 /usr/lib/gcc/arm-none-eabi/13.1.0/../../../../arm-none-eabi/lib/thumb/v7-m/nofp/libg_nano.a(libc_a-stdio.o)
 .debug_aranges
                0x00000938       0x20 /usr/lib/gcc/arm-none-eabi/13.1.0/../../../../arm-none-eabi/lib/thumb/v7-m/nofp/libg_nano.a(libc_a-memset.o)
 .debug_aranges
                0x00000958       0x20 /usr/lib/gcc/arm-none-eabi/13.1.0/../../../../arm-none-eabi/lib/thumb/v7-m/nofp/libg_nano.a(libc_a-closer.o)
 .debug_aranges
                0x00000978       0x20 /usr/lib/gcc/arm-none-eabi/13.1.0/../../../../arm-none-eabi/lib/thumb/v7-m/nofp/libg_nano.a(libc_a-reent.o)
 .debug_aranges
                0x00000998       0x18 /usr/lib/gcc/arm-none-eabi/13.1.0/../../../../arm-none-eabi/lib/thumb/v7-m/nofp/libg_nano.a(libc_a-impure.o)
 .debug_aranges
                0x000009b0       0x20 /usr/lib/gcc/arm-none-eabi/13.1.0/../../../../arm-none-eabi/lib/thumb/v7-m/nofp/libg_nano.a(libc_a-lseekr.o)
 .debug_aranges
                0x000009d0       0x20 /usr/lib/gcc/arm-none-eabi/13.1.0/../../../../arm-none-eabi/lib/thumb/v7-m/nofp/libg_nano.a(libc_a-readr.o)
 .debug_aranges
                0x000009f0       0x20 /usr/lib/gcc/arm-none-eabi/13.1.0/../../../../arm-none-eabi/lib/thumb/v7-m/nofp/libg_nano.a(libc_a-writer.o)
 .debug_aranges
                0x00000a10       0x68 /usr/lib/gcc/arm-none-eabi/13.1.0/../../../../arm-none-eabi/lib/thumb/v7-m/nofp/libg_nano.a(libc_a-lock.o)
 .debug_aranges
                0x00000a78       0x20 /usr/lib/gcc/arm-none-eabi/13.1.0/../../../../arm-none-eabi/lib/thumb/v7-m/nofp/libg_nano.a(libc_a-strcmp.o)
 .debug_aranges
                0x00000a98       0x20 /usr/lib/gcc/arm-none-eabi/13.1.0/../../../../arm-none-eabi/lib/thumb/v7-m/nofp/libg_nano.a(libc_a-strcpy.o)
 .debug_aranges
                0x00000ab8       0x20 /usr/lib/gcc/arm-none-eabi/13.1.0/../../../../arm-none-eabi/lib/thumb/v7-m/nofp/libg_nano.a(libc_a-memcpy-stub.o)
 .debug_aranges
                0x00000ad8       0x20 /usr/lib/gcc/arm-none-eabi/13.1.0/../../../../arm-none-eabi/lib/thumb/v7-m/nofp/libg_nano.a(libc_a-strlen.o)
 .debug_aranges
                0x00000af8       0x20 /usr/lib/gcc/arm-none-eabi/13.1.0/../../../../arm-none-eabi/lib/thumb/v7-m/nofp/libg_nano.a(libc_a-freer.o)
 .debug_aranges
                0x00000b18       0x28 /usr/lib/gcc/arm-none-eabi/13.1.0/../../../../arm-none-eabi/lib/thumb/v7-m/nofp/libg_nano.a(libc_a-mallocr.o)
 .debug_aranges
                0x00000b40       0x28 /usr/lib/gcc/arm-none-eabi/13.1.0/../../../../arm-none-eabi/lib/thumb/v7-m/nofp/libg_nano.a(libc_a-mlock.o)
 .debug_aranges
                0x00000b68      0x110 /usr/lib/gcc/arm-none-eabi/13.1.0/../../../../arm-none-eabi/lib/thumb/v7-m/nofp/librdimon_nano.a(arm_librdimon_a-syscalls.o)
 .debug_aranges
                0x00000c78       0x20 /usr/lib/gcc/arm-none-eabi/13.1.0/../../../../arm-none-eabi/lib/thumb/v7-m/nofp/libc_nano.a(libc_a-errno.o)

.debug_rnglists
                0x00000000      0xa66
 .debug_rnglists
                0x00000000       0x48 ./output/heap_4.o
 .debug_rnglists
                0x00000048       0x5e ./output/IntQueue.o
 .debug_rnglists
                0x000000a6       0x37 ./output/IntQueueTimer.o
 .debug_rnglists
                0x000000dd       0x2b ./output/list.o
 .debug_rnglists
                0x00000108       0x56 ./output/port.o
 .debug_rnglists
                0x0000015e       0x40 ./output/printf-stdarg.o
 .debug_rnglists
                0x0000019e      0x130 ./output/queue.o
 .debug_rnglists
                0x000002ce       0x26 ./output/startup_gcc.o
 .debug_rnglists
                0x000002f4      0x1dd ./output/tasks.o
 .debug_rnglists
                0x000004d1       0xc1 ./output/timers.o
 .debug_rnglists
                0x00000592       0xaa ./output/main.o
 .debug_rnglists
                0x0000063c       0x40 /usr/lib/gcc/arm-none-eabi/13.1.0/../../../../arm-none-eabi/lib/thumb/v7-m/nofp/libg_nano.a(libc_a-fflush.o)
 .debug_rnglists
                0x0000067c       0x7d /usr/lib/gcc/arm-none-eabi/13.1.0/../../../../arm-none-eabi/lib/thumb/v7-m/nofp/libg_nano.a(libc_a-findfp.o)
 .debug_rnglists
                0x000006f9       0x13 /usr/lib/gcc/arm-none-eabi/13.1.0/../../../../arm-none-eabi/lib/thumb/v7-m/nofp/libg_nano.a(libc_a-fwalk.o)
 .debug_rnglists
                0x0000070c       0x2b /usr/lib/gcc/arm-none-eabi/13.1.0/../../../../arm-none-eabi/lib/thumb/v7-m/nofp/libg_nano.a(libc_a-stdio.o)
 .debug_rnglists
                0x00000737       0x13 /usr/lib/gcc/arm-none-eabi/13.1.0/../../../../arm-none-eabi/lib/thumb/v7-m/nofp/libg_nano.a(libc_a-memset.o)
 .debug_rnglists
                0x0000074a       0x13 /usr/lib/gcc/arm-none-eabi/13.1.0/../../../../arm-none-eabi/lib/thumb/v7-m/nofp/libg_nano.a(libc_a-closer.o)
 .debug_rnglists
                0x0000075d       0x30 /usr/lib/gcc/arm-none-eabi/13.1.0/../../../../arm-none-eabi/lib/thumb/v7-m/nofp/libg_nano.a(libc_a-reent.o)
 .debug_rnglists
                0x0000078d       0x13 /usr/lib/gcc/arm-none-eabi/13.1.0/../../../../arm-none-eabi/lib/thumb/v7-m/nofp/libg_nano.a(libc_a-lseekr.o)
 .debug_rnglists
                0x000007a0       0x13 /usr/lib/gcc/arm-none-eabi/13.1.0/../../../../arm-none-eabi/lib/thumb/v7-m/nofp/libg_nano.a(libc_a-readr.o)
 .debug_rnglists
                0x000007b3       0x13 /usr/lib/gcc/arm-none-eabi/13.1.0/../../../../arm-none-eabi/lib/thumb/v7-m/nofp/libg_nano.a(libc_a-writer.o)
 .debug_rnglists
                0x000007c6       0x49 /usr/lib/gcc/arm-none-eabi/13.1.0/../../../../arm-none-eabi/lib/thumb/v7-m/nofp/libg_nano.a(libc_a-lock.o)
 .debug_rnglists
                0x0000080f       0x13 /usr/lib/gcc/arm-none-eabi/13.1.0/../../../../arm-none-eabi/lib/thumb/v7-m/nofp/libg_nano.a(libc_a-strcpy.o)
 .debug_rnglists
                0x00000822       0x13 /usr/lib/gcc/arm-none-eabi/13.1.0/../../../../arm-none-eabi/lib/thumb/v7-m/nofp/libg_nano.a(libc_a-memcpy-stub.o)
 .debug_rnglists
                0x00000835       0x14 /usr/lib/gcc/arm-none-eabi/13.1.0/../../../../arm-none-eabi/lib/thumb/v7-m/nofp/libg_nano.a(libc_a-freer.o)
 .debug_rnglists
                0x00000849       0x29 /usr/lib/gcc/arm-none-eabi/13.1.0/../../../../arm-none-eabi/lib/thumb/v7-m/nofp/libg_nano.a(libc_a-mallocr.o)
 .debug_rnglists
                0x00000872       0x19 /usr/lib/gcc/arm-none-eabi/13.1.0/../../../../arm-none-eabi/lib/thumb/v7-m/nofp/libg_nano.a(libc_a-mlock.o)
 .debug_rnglists
                0x0000088b      0x1c8 /usr/lib/gcc/arm-none-eabi/13.1.0/../../../../arm-none-eabi/lib/thumb/v7-m/nofp/librdimon_nano.a(arm_librdimon_a-syscalls.o)
 .debug_rnglists
                0x00000a53       0x13 /usr/lib/gcc/arm-none-eabi/13.1.0/../../../../arm-none-eabi/lib/thumb/v7-m/nofp/libc_nano.a(libc_a-errno.o)

.debug_macro    0x00000000     0x2f98
 .debug_macro   0x00000000      0x1ed ./output/heap_4.o
 .debug_macro   0x000001ed       0x16 ./output/heap_4.o
 .debug_macro   0x00000203       0x3c ./output/heap_4.o
 .debug_macro   0x0000023f      0x1fa ./output/IntQueue.o
 .debug_macro   0x00000439       0x10 ./output/IntQueue.o
 .debug_macro   0x00000449       0xfc ./output/IntQueueTimer.o
 .debug_macro   0x00000545       0x22 ./output/IntQueueTimer.o
 .debug_macro   0x00000567       0x1c ./output/IntQueueTimer.o
 .debug_macro   0x00000583       0x22 ./output/IntQueueTimer.o
 .debug_macro   0x000005a5       0xd6 ./output/IntQueueTimer.o
 .debug_macro   0x0000067b      0xe2d ./output/IntQueueTimer.o
 .debug_macro   0x000014a8      0x11f ./output/IntQueueTimer.o
 .debug_macro   0x000015c7      0x7b3 ./output/IntQueueTimer.o
 .debug_macro   0x00001d7a      0x4a6 ./output/IntQueueTimer.o
 .debug_macro   0x00002220      0x171 ./output/list.o
 .debug_macro   0x00002391      0x144 ./output/port.o
 .debug_macro   0x000024d5       0x3e ./output/printf-stdarg.o
 .debug_macro   0x00002513       0x58 ./output/printf-stdarg.o
 .debug_macro   0x0000256b      0x203 ./output/queue.o
 .debug_macro   0x0000276e      0x12b ./output/startup_gcc.o
 .debug_macro   0x00002899      0x286 ./output/tasks.o
 .debug_macro   0x00002b1f       0x16 ./output/tasks.o
 .debug_macro   0x00002b35       0x1c ./output/tasks.o
 .debug_macro   0x00002b51       0x1c ./output/tasks.o
 .debug_macro   0x00002b6d      0x1c0 ./output/timers.o
 .debug_macro   0x00002d2d      0x26b ./output/main.o

.debug_line     0x00000000     0x8f58
 .debug_line    0x00000000      0x584 ./output/heap_4.o
 .debug_line    0x00000584      0x7ea ./output/IntQueue.o
 .debug_line    0x00000d6e      0x2c4 ./output/IntQueueTimer.o
 .debug_line    0x00001032      0x349 ./output/list.o
 .debug_line    0x0000137b      0x381 ./output/port.o
 .debug_line    0x000016fc      0x3e9 ./output/printf-stdarg.o
 .debug_line    0x00001ae5     0x12ff ./output/queue.o
 .debug_line    0x00002de4      0x21f ./output/startup_gcc.o
 .debug_line    0x00003003     0x1a50 ./output/tasks.o
 .debug_line    0x00004a53      0x8a4 ./output/timers.o
 .debug_line    0x000052f7      0x715 ./output/main.o
 .debug_line    0x00005a0c      0x3de /usr/lib/gcc/arm-none-eabi/13.1.0/../../../../arm-none-eabi/lib/thumb/v7-m/nofp/libg_nano.a(libc_a-fflush.o)
 .debug_line    0x00005dea      0x558 /usr/lib/gcc/arm-none-eabi/13.1.0/../../../../arm-none-eabi/lib/thumb/v7-m/nofp/libg_nano.a(libc_a-findfp.o)
 .debug_line    0x00006342      0x1b0 /usr/lib/gcc/arm-none-eabi/13.1.0/../../../../arm-none-eabi/lib/thumb/v7-m/nofp/libg_nano.a(libc_a-fwalk.o)
 .debug_line    0x000064f2      0x263 /usr/lib/gcc/arm-none-eabi/13.1.0/../../../../arm-none-eabi/lib/thumb/v7-m/nofp/libg_nano.a(libc_a-stdio.o)
 .debug_line    0x00006755      0x103 /usr/lib/gcc/arm-none-eabi/13.1.0/../../../../arm-none-eabi/lib/thumb/v7-m/nofp/libg_nano.a(libc_a-memset.o)
 .debug_line    0x00006858      0x192 /usr/lib/gcc/arm-none-eabi/13.1.0/../../../../arm-none-eabi/lib/thumb/v7-m/nofp/libg_nano.a(libc_a-closer.o)
 .debug_line    0x000069ea      0x24c /usr/lib/gcc/arm-none-eabi/13.1.0/../../../../arm-none-eabi/lib/thumb/v7-m/nofp/libg_nano.a(libc_a-reent.o)
 .debug_line    0x00006c36       0xe8 /usr/lib/gcc/arm-none-eabi/13.1.0/../../../../arm-none-eabi/lib/thumb/v7-m/nofp/libg_nano.a(libc_a-impure.o)
 .debug_line    0x00006d1e      0x18c /usr/lib/gcc/arm-none-eabi/13.1.0/../../../../arm-none-eabi/lib/thumb/v7-m/nofp/libg_nano.a(libc_a-lseekr.o)
 .debug_line    0x00006eaa      0x18b /usr/lib/gcc/arm-none-eabi/13.1.0/../../../../arm-none-eabi/lib/thumb/v7-m/nofp/libg_nano.a(libc_a-readr.o)
 .debug_line    0x00007035      0x18c /usr/lib/gcc/arm-none-eabi/13.1.0/../../../../arm-none-eabi/lib/thumb/v7-m/nofp/libg_nano.a(libc_a-writer.o)
 .debug_line    0x000071c1      0x15d /usr/lib/gcc/arm-none-eabi/13.1.0/../../../../arm-none-eabi/lib/thumb/v7-m/nofp/libg_nano.a(libc_a-lock.o)
 .debug_line    0x0000731e       0x50 /usr/lib/gcc/arm-none-eabi/13.1.0/../../../../arm-none-eabi/lib/thumb/v7-m/nofp/libg_nano.a(libc_a-strcmp.o)
 .debug_line    0x0000736e       0xb8 /usr/lib/gcc/arm-none-eabi/13.1.0/../../../../arm-none-eabi/lib/thumb/v7-m/nofp/libg_nano.a(libc_a-strcpy.o)
 .debug_line    0x00007426      0x160 /usr/lib/gcc/arm-none-eabi/13.1.0/../../../../arm-none-eabi/lib/thumb/v7-m/nofp/libg_nano.a(libc_a-memcpy-stub.o)
 .debug_line    0x00007586       0x4f /usr/lib/gcc/arm-none-eabi/13.1.0/../../../../arm-none-eabi/lib/thumb/v7-m/nofp/libg_nano.a(libc_a-strlen.o)
 .debug_line    0x000075d5      0x289 /usr/lib/gcc/arm-none-eabi/13.1.0/../../../../arm-none-eabi/lib/thumb/v7-m/nofp/libg_nano.a(libc_a-freer.o)
 .debug_line    0x0000785e      0x45a /usr/lib/gcc/arm-none-eabi/13.1.0/../../../../arm-none-eabi/lib/thumb/v7-m/nofp/libg_nano.a(libc_a-mallocr.o)
 .debug_line    0x00007cb8      0x160 /usr/lib/gcc/arm-none-eabi/13.1.0/../../../../arm-none-eabi/lib/thumb/v7-m/nofp/libg_nano.a(libc_a-mlock.o)
 .debug_line    0x00007e18     0x1036 /usr/lib/gcc/arm-none-eabi/13.1.0/../../../../arm-none-eabi/lib/thumb/v7-m/nofp/librdimon_nano.a(arm_librdimon_a-syscalls.o)
 .debug_line    0x00008e4e      0x10a /usr/lib/gcc/arm-none-eabi/13.1.0/../../../../arm-none-eabi/lib/thumb/v7-m/nofp/libc_nano.a(libc_a-errno.o)

.debug_str      0x00000000    0x1ed48
 .debug_str     0x00000000     0xbfb9 ./output/heap_4.o
                               0xc1fc (size before relaxing)
 .debug_str     0x0000bfb9     0x14b7 ./output/IntQueue.o
                               0xcfa6 (size before relaxing)
 .debug_str     0x0000d470     0xb49d ./output/IntQueueTimer.o
                              0x123d6 (size before relaxing)
 .debug_str     0x0001890d       0xfe ./output/list.o
                               0xaa31 (size before relaxing)
 .debug_str     0x00018a0b      0x780 ./output/port.o
                               0x940f (size before relaxing)
 .debug_str     0x0001918b      0x23c ./output/printf-stdarg.o
                               0x3094 (size before relaxing)
 .debug_str     0x000193c7      0xd6a ./output/queue.o
                               0xd42a (size before relaxing)
 .debug_str     0x0001a131      0xa7f ./output/startup_gcc.o
                               0x75cf (size before relaxing)
 .debug_str     0x0001abb0     0x1dd9 ./output/tasks.o
                               0xe6c1 (size before relaxing)
 .debug_str     0x0001c989      0x689 ./output/timers.o
                               0xd68c (size before relaxing)
 .debug_str     0x0001d012      0xe7f ./output/main.o
                              0x18e96 (size before relaxing)
 .debug_str     0x0001de91      0x1e6 /usr/lib/gcc/arm-none-eabi/13.1.0/../../../../arm-none-eabi/lib/thumb/v7-m/nofp/libg_nano.a(libc_a-fflush.o)
                                0x598 (size before relaxing)
 .debug_str     0x0001e077      0x1e8 /usr/lib/gcc/arm-none-eabi/13.1.0/../../../../arm-none-eabi/lib/thumb/v7-m/nofp/libg_nano.a(libc_a-findfp.o)
                                0x750 (size before relaxing)
 .debug_str     0x0001e25f       0x2c /usr/lib/gcc/arm-none-eabi/13.1.0/../../../../arm-none-eabi/lib/thumb/v7-m/nofp/libg_nano.a(libc_a-fwalk.o)
                                0x4dd (size before relaxing)
 .debug_str     0x0001e28b       0x6a /usr/lib/gcc/arm-none-eabi/13.1.0/../../../../arm-none-eabi/lib/thumb/v7-m/nofp/libg_nano.a(libc_a-stdio.o)
                                0x53a (size before relaxing)
 .debug_str     0x0001e2f5       0x2e /usr/lib/gcc/arm-none-eabi/13.1.0/../../../../arm-none-eabi/lib/thumb/v7-m/nofp/libg_nano.a(libc_a-memset.o)
                                0x1ad (size before relaxing)
 .debug_str     0x0001e323       0x2d /usr/lib/gcc/arm-none-eabi/13.1.0/../../../../arm-none-eabi/lib/thumb/v7-m/nofp/libg_nano.a(libc_a-closer.o)
                                0x4c3 (size before relaxing)
 .debug_str     0x0001e350       0x4b /usr/lib/gcc/arm-none-eabi/13.1.0/../../../../arm-none-eabi/lib/thumb/v7-m/nofp/libg_nano.a(libc_a-reent.o)
                                0x4ec (size before relaxing)
 .debug_str     0x0001e39b       0x2d /usr/lib/gcc/arm-none-eabi/13.1.0/../../../../arm-none-eabi/lib/thumb/v7-m/nofp/libg_nano.a(libc_a-impure.o)
                                0x4cd (size before relaxing)
 .debug_str     0x0001e3c8       0x34 /usr/lib/gcc/arm-none-eabi/13.1.0/../../../../arm-none-eabi/lib/thumb/v7-m/nofp/libg_nano.a(libc_a-lseekr.o)
                                0x4d1 (size before relaxing)
 .debug_str     0x0001e3fc       0x2c /usr/lib/gcc/arm-none-eabi/13.1.0/../../../../arm-none-eabi/lib/thumb/v7-m/nofp/libg_nano.a(libc_a-readr.o)
                                0x4d1 (size before relaxing)
 .debug_str     0x0001e428       0x2d /usr/lib/gcc/arm-none-eabi/13.1.0/../../../../arm-none-eabi/lib/thumb/v7-m/nofp/libg_nano.a(libc_a-writer.o)
                                0x4d3 (size before relaxing)
 .debug_str     0x0001e455      0x1ab /usr/lib/gcc/arm-none-eabi/13.1.0/../../../../arm-none-eabi/lib/thumb/v7-m/nofp/libg_nano.a(libc_a-lock.o)
                                0x344 (size before relaxing)
 .debug_str     0x0001e600       0x48 /usr/lib/gcc/arm-none-eabi/13.1.0/../../../../arm-none-eabi/lib/thumb/v7-m/nofp/libg_nano.a(libc_a-strcmp.o)
                                 0xab (size before relaxing)
 .debug_str     0x0001e648       0x33 /usr/lib/gcc/arm-none-eabi/13.1.0/../../../../arm-none-eabi/lib/thumb/v7-m/nofp/libg_nano.a(libc_a-strcpy.o)
                                0x1ab (size before relaxing)
 .debug_str     0x0001e67b       0x4c /usr/lib/gcc/arm-none-eabi/13.1.0/../../../../arm-none-eabi/lib/thumb/v7-m/nofp/libg_nano.a(libc_a-memcpy-stub.o)
                                0x1cb (size before relaxing)
 .debug_str     0x0001e6c7       0x3d /usr/lib/gcc/arm-none-eabi/13.1.0/../../../../arm-none-eabi/lib/thumb/v7-m/nofp/libg_nano.a(libc_a-strlen.o)
                                 0xac (size before relaxing)
 .debug_str     0x0001e704       0xa7 /usr/lib/gcc/arm-none-eabi/13.1.0/../../../../arm-none-eabi/lib/thumb/v7-m/nofp/libg_nano.a(libc_a-freer.o)
                                0x54d (size before relaxing)
 .debug_str     0x0001e7ab       0x8c /usr/lib/gcc/arm-none-eabi/13.1.0/../../../../arm-none-eabi/lib/thumb/v7-m/nofp/libg_nano.a(libc_a-mallocr.o)
                                0x5ae (size before relaxing)
 .debug_str     0x0001e837       0x2d /usr/lib/gcc/arm-none-eabi/13.1.0/../../../../arm-none-eabi/lib/thumb/v7-m/nofp/libg_nano.a(libc_a-mlock.o)
                                0x54f (size before relaxing)
 .debug_str     0x0001e864      0x4b8 /usr/lib/gcc/arm-none-eabi/13.1.0/../../../../arm-none-eabi/lib/thumb/v7-m/nofp/librdimon_nano.a(arm_librdimon_a-syscalls.o)
                                0x939 (size before relaxing)
 .debug_str     0x0001ed1c       0x2c /usr/lib/gcc/arm-none-eabi/13.1.0/../../../../arm-none-eabi/lib/thumb/v7-m/nofp/libc_nano.a(libc_a-errno.o)
                                0x4c7 (size before relaxing)

.comment        0x00000000       0x46
 .comment       0x00000000       0x23 ./output/heap_4.o
                                 0x24 (size before relaxing)
 .comment       0x00000023       0x24 ./output/IntQueue.o
 .comment       0x00000023       0x24 ./output/IntQueueTimer.o
 .comment       0x00000023       0x24 ./output/list.o
 .comment       0x00000023       0x24 ./output/port.o
 .comment       0x00000023       0x24 ./output/printf-stdarg.o
 .comment       0x00000023       0x24 ./output/queue.o
 .comment       0x00000023       0x24 ./output/startup_gcc.o
 .comment       0x00000023       0x24 ./output/tasks.o
 .comment       0x00000023       0x24 ./output/timers.o
 .comment       0x00000023       0x24 ./output/main.o
 .comment       0x00000023       0x23 /usr/lib/gcc/arm-none-eabi/13.1.0/../../../../arm-none-eabi/lib/thumb/v7-m/nofp/libg_nano.a(libc_a-fflush.o)
                                 0x24 (size before relaxing)
 .comment       0x00000046       0x24 /usr/lib/gcc/arm-none-eabi/13.1.0/../../../../arm-none-eabi/lib/thumb/v7-m/nofp/libg_nano.a(libc_a-findfp.o)
 .comment       0x00000046       0x24 /usr/lib/gcc/arm-none-eabi/13.1.0/../../../../arm-none-eabi/lib/thumb/v7-m/nofp/libg_nano.a(libc_a-fwalk.o)
 .comment       0x00000046       0x24 /usr/lib/gcc/arm-none-eabi/13.1.0/../../../../arm-none-eabi/lib/thumb/v7-m/nofp/libg_nano.a(libc_a-stdio.o)
 .comment       0x00000046       0x24 /usr/lib/gcc/arm-none-eabi/13.1.0/../../../../arm-none-eabi/lib/thumb/v7-m/nofp/libg_nano.a(libc_a-memset.o)
 .comment       0x00000046       0x24 /usr/lib/gcc/arm-none-eabi/13.1.0/../../../../arm-none-eabi/lib/thumb/v7-m/nofp/libg_nano.a(libc_a-closer.o)
 .comment       0x00000046       0x24 /usr/lib/gcc/arm-none-eabi/13.1.0/../../../../arm-none-eabi/lib/thumb/v7-m/nofp/libg_nano.a(libc_a-reent.o)
 .comment       0x00000046       0x24 /usr/lib/gcc/arm-none-eabi/13.1.0/../../../../arm-none-eabi/lib/thumb/v7-m/nofp/libg_nano.a(libc_a-impure.o)
 .comment       0x00000046       0x24 /usr/lib/gcc/arm-none-eabi/13.1.0/../../../../arm-none-eabi/lib/thumb/v7-m/nofp/libg_nano.a(libc_a-lseekr.o)
 .comment       0x00000046       0x24 /usr/lib/gcc/arm-none-eabi/13.1.0/../../../../arm-none-eabi/lib/thumb/v7-m/nofp/libg_nano.a(libc_a-readr.o)
 .comment       0x00000046       0x24 /usr/lib/gcc/arm-none-eabi/13.1.0/../../../../arm-none-eabi/lib/thumb/v7-m/nofp/libg_nano.a(libc_a-writer.o)
 .comment       0x00000046       0x24 /usr/lib/gcc/arm-none-eabi/13.1.0/../../../../arm-none-eabi/lib/thumb/v7-m/nofp/libg_nano.a(libc_a-lock.o)
 .comment       0x00000046       0x24 /usr/lib/gcc/arm-none-eabi/13.1.0/../../../../arm-none-eabi/lib/thumb/v7-m/nofp/libg_nano.a(libc_a-strcpy.o)
 .comment       0x00000046       0x24 /usr/lib/gcc/arm-none-eabi/13.1.0/../../../../arm-none-eabi/lib/thumb/v7-m/nofp/libg_nano.a(libc_a-memcpy-stub.o)
 .comment       0x00000046       0x24 /usr/lib/gcc/arm-none-eabi/13.1.0/../../../../arm-none-eabi/lib/thumb/v7-m/nofp/libg_nano.a(libc_a-freer.o)
 .comment       0x00000046       0x24 /usr/lib/gcc/arm-none-eabi/13.1.0/../../../../arm-none-eabi/lib/thumb/v7-m/nofp/libg_nano.a(libc_a-mallocr.o)
 .comment       0x00000046       0x24 /usr/lib/gcc/arm-none-eabi/13.1.0/../../../../arm-none-eabi/lib/thumb/v7-m/nofp/libg_nano.a(libc_a-mlock.o)
 .comment       0x00000046       0x24 /usr/lib/gcc/arm-none-eabi/13.1.0/../../../../arm-none-eabi/lib/thumb/v7-m/nofp/librdimon_nano.a(arm_librdimon_a-syscalls.o)
 .comment       0x00000046       0x24 /usr/lib/gcc/arm-none-eabi/13.1.0/../../../../arm-none-eabi/lib/thumb/v7-m/nofp/libc_nano.a(libc_a-errno.o)

.ARM.attributes
                0x00000000       0x2b
 .ARM.attributes
                0x00000000       0x2d ./output/heap_4.o
 .ARM.attributes
                0x0000002d       0x2d ./output/IntQueue.o
 .ARM.attributes
                0x0000005a       0x2d ./output/IntQueueTimer.o
 .ARM.attributes
                0x00000087       0x2d ./output/list.o
 .ARM.attributes
                0x000000b4       0x2d ./output/port.o
 .ARM.attributes
                0x000000e1       0x2d ./output/printf-stdarg.o
 .ARM.attributes
                0x0000010e       0x2d ./output/queue.o
 .ARM.attributes
                0x0000013b       0x2d ./output/startup_gcc.o
 .ARM.attributes
                0x00000168       0x2d ./output/tasks.o
 .ARM.attributes
                0x00000195       0x2d ./output/timers.o
 .ARM.attributes
                0x000001c2       0x2d ./output/main.o
 .ARM.attributes
                0x000001ef       0x2d /usr/lib/gcc/arm-none-eabi/13.1.0/../../../../arm-none-eabi/lib/thumb/v7-m/nofp/libg_nano.a(libc_a-fflush.o)
 .ARM.attributes
                0x0000021c       0x2d /usr/lib/gcc/arm-none-eabi/13.1.0/../../../../arm-none-eabi/lib/thumb/v7-m/nofp/libg_nano.a(libc_a-findfp.o)
 .ARM.attributes
                0x00000249       0x2d /usr/lib/gcc/arm-none-eabi/13.1.0/../../../../arm-none-eabi/lib/thumb/v7-m/nofp/libg_nano.a(libc_a-fwalk.o)
 .ARM.attributes
                0x00000276       0x2d /usr/lib/gcc/arm-none-eabi/13.1.0/../../../../arm-none-eabi/lib/thumb/v7-m/nofp/libg_nano.a(libc_a-stdio.o)
 .ARM.attributes
                0x000002a3       0x2d /usr/lib/gcc/arm-none-eabi/13.1.0/../../../../arm-none-eabi/lib/thumb/v7-m/nofp/libg_nano.a(libc_a-memset.o)
 .ARM.attributes
                0x000002d0       0x2d /usr/lib/gcc/arm-none-eabi/13.1.0/../../../../arm-none-eabi/lib/thumb/v7-m/nofp/libg_nano.a(libc_a-closer.o)
 .ARM.attributes
                0x000002fd       0x2d /usr/lib/gcc/arm-none-eabi/13.1.0/../../../../arm-none-eabi/lib/thumb/v7-m/nofp/libg_nano.a(libc_a-reent.o)
 .ARM.attributes
                0x0000032a       0x2d /usr/lib/gcc/arm-none-eabi/13.1.0/../../../../arm-none-eabi/lib/thumb/v7-m/nofp/libg_nano.a(libc_a-impure.o)
 .ARM.attributes
                0x00000357       0x2d /usr/lib/gcc/arm-none-eabi/13.1.0/../../../../arm-none-eabi/lib/thumb/v7-m/nofp/libg_nano.a(libc_a-lseekr.o)
 .ARM.attributes
                0x00000384       0x2d /usr/lib/gcc/arm-none-eabi/13.1.0/../../../../arm-none-eabi/lib/thumb/v7-m/nofp/libg_nano.a(libc_a-readr.o)
 .ARM.attributes
                0x000003b1       0x2d /usr/lib/gcc/arm-none-eabi/13.1.0/../../../../arm-none-eabi/lib/thumb/v7-m/nofp/libg_nano.a(libc_a-writer.o)
 .ARM.attributes
                0x000003de       0x2d /usr/lib/gcc/arm-none-eabi/13.1.0/../../../../arm-none-eabi/lib/thumb/v7-m/nofp/libg_nano.a(libc_a-lock.o)
 .ARM.attributes
                0x0000040b       0x1b /usr/lib/gcc/arm-none-eabi/13.1.0/../../../../arm-none-eabi/lib/thumb/v7-m/nofp/libg_nano.a(libc_a-strcmp.o)
 .ARM.attributes
                0x00000426       0x2d /usr/lib/gcc/arm-none-eabi/13.1.0/../../../../arm-none-eabi/lib/thumb/v7-m/nofp/libg_nano.a(libc_a-strcpy.o)
 .ARM.attributes
                0x00000453       0x2d /usr/lib/gcc/arm-none-eabi/13.1.0/../../../../arm-none-eabi/lib/thumb/v7-m/nofp/libg_nano.a(libc_a-memcpy-stub.o)
 .ARM.attributes
                0x00000480       0x17 /usr/lib/gcc/arm-none-eabi/13.1.0/../../../../arm-none-eabi/lib/thumb/v7-m/nofp/libg_nano.a(libc_a-strlen.o)
 .ARM.attributes
                0x00000497       0x2d /usr/lib/gcc/arm-none-eabi/13.1.0/../../../../arm-none-eabi/lib/thumb/v7-m/nofp/libg_nano.a(libc_a-freer.o)
 .ARM.attributes
                0x000004c4       0x2d /usr/lib/gcc/arm-none-eabi/13.1.0/../../../../arm-none-eabi/lib/thumb/v7-m/nofp/libg_nano.a(libc_a-mallocr.o)
 .ARM.attributes
                0x000004f1       0x2d /usr/lib/gcc/arm-none-eabi/13.1.0/../../../../arm-none-eabi/lib/thumb/v7-m/nofp/libg_nano.a(libc_a-mlock.o)
 .ARM.attributes
                0x0000051e       0x2d /usr/lib/gcc/arm-none-eabi/13.1.0/../../../../arm-none-eabi/lib/thumb/v7-m/nofp/librdimon_nano.a(arm_librdimon_a-syscalls.o)
 .ARM.attributes
                0x0000054b       0x2d /usr/lib/gcc/arm-none-eabi/13.1.0/../../../../arm-none-eabi/lib/thumb/v7-m/nofp/libc_nano.a(libc_a-errno.o)

.debug_frame    0x00000000     0x29bc
 .debug_frame   0x00000000      0x150 ./output/heap_4.o
 .debug_frame   0x00000150      0x1ac ./output/IntQueue.o
 .debug_frame   0x000002fc       0xf8 ./output/IntQueueTimer.o
 .debug_frame   0x000003f4       0xd8 ./output/list.o
 .debug_frame   0x000004cc      0x17c ./output/port.o
 .debug_frame   0x00000648      0x194 ./output/printf-stdarg.o
 .debug_frame   0x000007dc      0x6a8 ./output/queue.o
 .debug_frame   0x00000e84       0x6c ./output/startup_gcc.o
 .debug_frame   0x00000ef0      0xa20 ./output/tasks.o
 .debug_frame   0x00001910      0x424 ./output/timers.o
 .debug_frame   0x00001d34      0x39c ./output/main.o
 .debug_frame   0x000020d0       0x5c /usr/lib/gcc/arm-none-eabi/13.1.0/../../../../arm-none-eabi/lib/thumb/v7-m/nofp/libg_nano.a(libc_a-fflush.o)
 .debug_frame   0x0000212c      0x144 /usr/lib/gcc/arm-none-eabi/13.1.0/../../../../arm-none-eabi/lib/thumb/v7-m/nofp/libg_nano.a(libc_a-findfp.o)
 .debug_frame   0x00002270       0x34 /usr/lib/gcc/arm-none-eabi/13.1.0/../../../../arm-none-eabi/lib/thumb/v7-m/nofp/libg_nano.a(libc_a-fwalk.o)
 .debug_frame   0x000022a4       0x88 /usr/lib/gcc/arm-none-eabi/13.1.0/../../../../arm-none-eabi/lib/thumb/v7-m/nofp/libg_nano.a(libc_a-stdio.o)
 .debug_frame   0x0000232c       0x20 /usr/lib/gcc/arm-none-eabi/13.1.0/../../../../arm-none-eabi/lib/thumb/v7-m/nofp/libg_nano.a(libc_a-memset.o)
 .debug_frame   0x0000234c       0x2c /usr/lib/gcc/arm-none-eabi/13.1.0/../../../../arm-none-eabi/lib/thumb/v7-m/nofp/libg_nano.a(libc_a-closer.o)
 .debug_frame   0x00002378       0x38 /usr/lib/gcc/arm-none-eabi/13.1.0/../../../../arm-none-eabi/lib/thumb/v7-m/nofp/libg_nano.a(libc_a-reent.o)
 .debug_frame   0x000023b0       0x2c /usr/lib/gcc/arm-none-eabi/13.1.0/../../../../arm-none-eabi/lib/thumb/v7-m/nofp/libg_nano.a(libc_a-lseekr.o)
 .debug_frame   0x000023dc       0x2c /usr/lib/gcc/arm-none-eabi/13.1.0/../../../../arm-none-eabi/lib/thumb/v7-m/nofp/libg_nano.a(libc_a-readr.o)
 .debug_frame   0x00002408       0x2c /usr/lib/gcc/arm-none-eabi/13.1.0/../../../../arm-none-eabi/lib/thumb/v7-m/nofp/libg_nano.a(libc_a-writer.o)
 .debug_frame   0x00002434       0xb0 /usr/lib/gcc/arm-none-eabi/13.1.0/../../../../arm-none-eabi/lib/thumb/v7-m/nofp/libg_nano.a(libc_a-lock.o)
 .debug_frame   0x000024e4       0x20 /usr/lib/gcc/arm-none-eabi/13.1.0/../../../../arm-none-eabi/lib/thumb/v7-m/nofp/libg_nano.a(libc_a-strcmp.o)
 .debug_frame   0x00002504       0x20 /usr/lib/gcc/arm-none-eabi/13.1.0/../../../../arm-none-eabi/lib/thumb/v7-m/nofp/libg_nano.a(libc_a-strcpy.o)
 .debug_frame   0x00002524       0x28 /usr/lib/gcc/arm-none-eabi/13.1.0/../../../../arm-none-eabi/lib/thumb/v7-m/nofp/libg_nano.a(libc_a-memcpy-stub.o)
 .debug_frame   0x0000254c       0x38 /usr/lib/gcc/arm-none-eabi/13.1.0/../../../../arm-none-eabi/lib/thumb/v7-m/nofp/libg_nano.a(libc_a-freer.o)
 .debug_frame   0x00002584       0x4c /usr/lib/gcc/arm-none-eabi/13.1.0/../../../../arm-none-eabi/lib/thumb/v7-m/nofp/libg_nano.a(libc_a-mallocr.o)
 .debug_frame   0x000025d0       0x30 /usr/lib/gcc/arm-none-eabi/13.1.0/../../../../arm-none-eabi/lib/thumb/v7-m/nofp/libg_nano.a(libc_a-mlock.o)
 .debug_frame   0x00002600      0x39c /usr/lib/gcc/arm-none-eabi/13.1.0/../../../../arm-none-eabi/lib/thumb/v7-m/nofp/librdimon_nano.a(arm_librdimon_a-syscalls.o)
 .debug_frame   0x0000299c       0x20 /usr/lib/gcc/arm-none-eabi/13.1.0/../../../../arm-none-eabi/lib/thumb/v7-m/nofp/libc_nano.a(libc_a-errno.o)

.debug_loclists
                0x00000000     0x1c37
 .debug_loclists
                0x00000000      0x208 /usr/lib/gcc/arm-none-eabi/13.1.0/../../../../arm-none-eabi/lib/thumb/v7-m/nofp/libg_nano.a(libc_a-fflush.o)
 .debug_loclists
                0x00000208      0x2ac /usr/lib/gcc/arm-none-eabi/13.1.0/../../../../arm-none-eabi/lib/thumb/v7-m/nofp/libg_nano.a(libc_a-findfp.o)
 .debug_loclists
                0x000004b4       0x85 /usr/lib/gcc/arm-none-eabi/13.1.0/../../../../arm-none-eabi/lib/thumb/v7-m/nofp/libg_nano.a(libc_a-fwalk.o)
 .debug_loclists
                0x00000539      0x25d /usr/lib/gcc/arm-none-eabi/13.1.0/../../../../arm-none-eabi/lib/thumb/v7-m/nofp/libg_nano.a(libc_a-stdio.o)
 .debug_loclists
                0x00000796       0x3b /usr/lib/gcc/arm-none-eabi/13.1.0/../../../../arm-none-eabi/lib/thumb/v7-m/nofp/libg_nano.a(libc_a-memset.o)
 .debug_loclists
                0x000007d1       0x58 /usr/lib/gcc/arm-none-eabi/13.1.0/../../../../arm-none-eabi/lib/thumb/v7-m/nofp/libg_nano.a(libc_a-closer.o)
 .debug_loclists
                0x00000829       0x7e /usr/lib/gcc/arm-none-eabi/13.1.0/../../../../arm-none-eabi/lib/thumb/v7-m/nofp/libg_nano.a(libc_a-reent.o)
 .debug_loclists
                0x000008a7       0xa0 /usr/lib/gcc/arm-none-eabi/13.1.0/../../../../arm-none-eabi/lib/thumb/v7-m/nofp/libg_nano.a(libc_a-lseekr.o)
 .debug_loclists
                0x00000947       0xa0 /usr/lib/gcc/arm-none-eabi/13.1.0/../../../../arm-none-eabi/lib/thumb/v7-m/nofp/libg_nano.a(libc_a-readr.o)
 .debug_loclists
                0x000009e7       0xa0 /usr/lib/gcc/arm-none-eabi/13.1.0/../../../../arm-none-eabi/lib/thumb/v7-m/nofp/libg_nano.a(libc_a-writer.o)
 .debug_loclists
                0x00000a87       0x29 /usr/lib/gcc/arm-none-eabi/13.1.0/../../../../arm-none-eabi/lib/thumb/v7-m/nofp/libg_nano.a(libc_a-lock.o)
 .debug_loclists
                0x00000ab0       0x29 /usr/lib/gcc/arm-none-eabi/13.1.0/../../../../arm-none-eabi/lib/thumb/v7-m/nofp/libg_nano.a(libc_a-strcpy.o)
 .debug_loclists
                0x00000ad9       0xad /usr/lib/gcc/arm-none-eabi/13.1.0/../../../../arm-none-eabi/lib/thumb/v7-m/nofp/libg_nano.a(libc_a-memcpy-stub.o)
 .debug_loclists
                0x00000b86       0xe0 /usr/lib/gcc/arm-none-eabi/13.1.0/../../../../arm-none-eabi/lib/thumb/v7-m/nofp/libg_nano.a(libc_a-freer.o)
 .debug_loclists
                0x00000c66      0x231 /usr/lib/gcc/arm-none-eabi/13.1.0/../../../../arm-none-eabi/lib/thumb/v7-m/nofp/libg_nano.a(libc_a-mallocr.o)
 .debug_loclists
                0x00000e97       0x46 /usr/lib/gcc/arm-none-eabi/13.1.0/../../../../arm-none-eabi/lib/thumb/v7-m/nofp/libg_nano.a(libc_a-mlock.o)
 .debug_loclists
                0x00000edd      0xd5a /usr/lib/gcc/arm-none-eabi/13.1.0/../../../../arm-none-eabi/lib/thumb/v7-m/nofp/librdimon_nano.a(arm_librdimon_a-syscalls.o)

.debug_line_str
                0x00000000       0xab
 .debug_line_str
                0x00000000       0x98 /usr/lib/gcc/arm-none-eabi/13.1.0/../../../../arm-none-eabi/lib/thumb/v7-m/nofp/libg_nano.a(libc_a-strcmp.o)
 .debug_line_str
                0x00000098       0x13 /usr/lib/gcc/arm-none-eabi/13.1.0/../../../../arm-none-eabi/lib/thumb/v7-m/nofp/libg_nano.a(libc_a-strlen.o)
                                 0x99 (size before relaxing)